Archive member included to satisfy reference by file (symbol)

/usr/lib/gcc/arm-none-eabi/8.3.1/thumb/v6-m/nofp/libgcc.a(_dvmd_tls.o)
                              CMakeFiles/SerialBuffer.dir/home/pi/pico/pico-sdk/src/rp2_common/pico_divider/divider.S.obj (__aeabi_idiv0)
/usr/lib/gcc/arm-none-eabi/8.3.1/../../../arm-none-eabi/lib/thumb/v6-m/nofp/libg.a(lib_a-atexit.o)
                              /usr/lib/gcc/arm-none-eabi/8.3.1/../../../arm-none-eabi/lib/thumb/v6-m/nofp/crt0.o (atexit)
/usr/lib/gcc/arm-none-eabi/8.3.1/../../../arm-none-eabi/lib/thumb/v6-m/nofp/libg.a(lib_a-calloc.o)
                              CMakeFiles/SerialBuffer.dir/home/pi/pico/pico-sdk/src/rp2_common/pico_malloc/pico_malloc.c.obj (calloc)
/usr/lib/gcc/arm-none-eabi/8.3.1/../../../arm-none-eabi/lib/thumb/v6-m/nofp/libg.a(lib_a-callocr.o)
                              /usr/lib/gcc/arm-none-eabi/8.3.1/../../../arm-none-eabi/lib/thumb/v6-m/nofp/libg.a(lib_a-calloc.o) (_calloc_r)
/usr/lib/gcc/arm-none-eabi/8.3.1/../../../arm-none-eabi/lib/thumb/v6-m/nofp/libg.a(lib_a-fini.o)
                              /usr/lib/gcc/arm-none-eabi/8.3.1/../../../arm-none-eabi/lib/thumb/v6-m/nofp/crt0.o (__libc_fini_array)
/usr/lib/gcc/arm-none-eabi/8.3.1/../../../arm-none-eabi/lib/thumb/v6-m/nofp/libg.a(lib_a-impure.o)
                              /usr/lib/gcc/arm-none-eabi/8.3.1/../../../arm-none-eabi/lib/thumb/v6-m/nofp/libg.a(lib_a-calloc.o) (_impure_ptr)
/usr/lib/gcc/arm-none-eabi/8.3.1/../../../arm-none-eabi/lib/thumb/v6-m/nofp/libg.a(lib_a-init.o)
                              /usr/lib/gcc/arm-none-eabi/8.3.1/../../../arm-none-eabi/lib/thumb/v6-m/nofp/crt0.o (__libc_init_array)
/usr/lib/gcc/arm-none-eabi/8.3.1/../../../arm-none-eabi/lib/thumb/v6-m/nofp/libg.a(lib_a-malloc.o)
                              CMakeFiles/SerialBuffer.dir/home/pi/pico/pico-sdk/src/rp2_common/pico_malloc/pico_malloc.c.obj (malloc)
/usr/lib/gcc/arm-none-eabi/8.3.1/../../../arm-none-eabi/lib/thumb/v6-m/nofp/libg.a(lib_a-mallocr.o)
                              /usr/lib/gcc/arm-none-eabi/8.3.1/../../../arm-none-eabi/lib/thumb/v6-m/nofp/libg.a(lib_a-callocr.o) (_malloc_r)
/usr/lib/gcc/arm-none-eabi/8.3.1/../../../arm-none-eabi/lib/thumb/v6-m/nofp/libg.a(lib_a-mlock.o)
                              /usr/lib/gcc/arm-none-eabi/8.3.1/../../../arm-none-eabi/lib/thumb/v6-m/nofp/libg.a(lib_a-mallocr.o) (__malloc_lock)
/usr/lib/gcc/arm-none-eabi/8.3.1/../../../arm-none-eabi/lib/thumb/v6-m/nofp/libg.a(lib_a-realloc.o)
                              CMakeFiles/SerialBuffer.dir/home/pi/pico/pico-sdk/src/rp2_common/pico_malloc/pico_malloc.c.obj (realloc)
/usr/lib/gcc/arm-none-eabi/8.3.1/../../../arm-none-eabi/lib/thumb/v6-m/nofp/libg.a(lib_a-reallocr.o)
                              /usr/lib/gcc/arm-none-eabi/8.3.1/../../../arm-none-eabi/lib/thumb/v6-m/nofp/libg.a(lib_a-realloc.o) (_realloc_r)
/usr/lib/gcc/arm-none-eabi/8.3.1/../../../arm-none-eabi/lib/thumb/v6-m/nofp/libg.a(lib_a-sbrkr.o)
                              /usr/lib/gcc/arm-none-eabi/8.3.1/../../../arm-none-eabi/lib/thumb/v6-m/nofp/libg.a(lib_a-mallocr.o) (_sbrk_r)
/usr/lib/gcc/arm-none-eabi/8.3.1/../../../arm-none-eabi/lib/thumb/v6-m/nofp/libg.a(lib_a-strlen-stub.o)
                              CMakeFiles/SerialBuffer.dir/home/pi/pico/pico-sdk/src/rp2_common/pico_stdio/stdio.c.obj (strlen)
/usr/lib/gcc/arm-none-eabi/8.3.1/../../../arm-none-eabi/lib/thumb/v6-m/nofp/libg.a(lib_a-__atexit.o)
                              /usr/lib/gcc/arm-none-eabi/8.3.1/../../../arm-none-eabi/lib/thumb/v6-m/nofp/libg.a(lib_a-atexit.o) (__register_exitproc)
/usr/lib/gcc/arm-none-eabi/8.3.1/../../../arm-none-eabi/lib/thumb/v6-m/nofp/libg.a(lib_a-freer.o)
                              /usr/lib/gcc/arm-none-eabi/8.3.1/../../../arm-none-eabi/lib/thumb/v6-m/nofp/libg.a(lib_a-malloc.o) (_free_r)
/usr/lib/gcc/arm-none-eabi/8.3.1/../../../arm-none-eabi/lib/thumb/v6-m/nofp/libg.a(lib_a-memmove.o)
                              /usr/lib/gcc/arm-none-eabi/8.3.1/../../../arm-none-eabi/lib/thumb/v6-m/nofp/libg.a(lib_a-reallocr.o) (memmove)
/usr/lib/gcc/arm-none-eabi/8.3.1/../../../arm-none-eabi/lib/thumb/v6-m/nofp/libg.a(lib_a-reent.o)
                              /usr/lib/gcc/arm-none-eabi/8.3.1/../../../arm-none-eabi/lib/thumb/v6-m/nofp/libg.a(lib_a-sbrkr.o) (errno)

Allocating common symbols
Common symbol       size              file

sf_table            0x100             CMakeFiles/SerialBuffer.dir/home/pi/pico/pico-sdk/src/rp2_common/pico_float/float_init_rom.c.obj
errno               0x4               /usr/lib/gcc/arm-none-eabi/8.3.1/../../../arm-none-eabi/lib/thumb/v6-m/nofp/libg.a(lib_a-reent.o)
rx_ch               0x1               CMakeFiles/SerialBuffer.dir/main.c.obj
tx_ch               0x1               CMakeFiles/SerialBuffer.dir/main.c.obj
sd_table            0x100             CMakeFiles/SerialBuffer.dir/home/pi/pico/pico-sdk/src/rp2_common/pico_double/double_init_rom.c.obj
uart_char_to_line_feed
[...]
Memory Configuration

Name             Origin             Length             Attributes
FLASH            0x0000000010000000 0x0000000000200000 xr
RAM              0x0000000020000000 0x0000000000040000 xrw
SCRATCH_X        0x0000000020040000 0x0000000000001000 xrw
SCRATCH_Y        0x0000000020041000 0x0000000000001000 xrw
*default*        0x0000000000000000 0xffffffffffffffff

Linker script and memory map

LOAD /usr/lib/gcc/arm-none-eabi/8.3.1/thumb/v6-m/nofp/crti.o
LOAD /usr/lib/gcc/arm-none-eabi/8.3.1/thumb/v6-m/nofp/crtbegin.o
LOAD /usr/lib/gcc/arm-none-eabi/8.3.1/../../../arm-none-eabi/lib/thumb/v6-m/nofp/crt0.o

.flash_begin    0x0000000010000000        0x0
                0x0000000010000000                __flash_binary_start = .

.boot2          0x0000000010000000      0x100
                0x0000000010000000                __boot2_start__ = .
 *(.boot2)
 .boot2         0x0000000010000000      0x100 /tmp/cclmz1ak.o
                0x0000000010000100                __boot2_end__ = .
                0x0000000000000001                ASSERT (((__boot2_end__ - __boot2_start__) == 0x100), ERROR: Pico second stage bootloader must be 256 bytes in size)

.text           0x0000000010000100     0x4870
                0x0000000010000100                __logical_binary_start = .
 *(.vectors)
 .vectors       0x0000000010000100       0xd4 CMakeFiles/SerialBuffer.dir/home/pi/pico/pico-sdk/src/rp2_common/pico_standard_link/crt0.S.obj
                0x0000000010000100                __vectors
                0x0000000010000100                __VECTOR_TABLE
                0x00000000100001c0                isr_invalid
                0x00000000100001c0                __default_isrs_start
                0x00000000100001c2                isr_nmi
                0x00000000100001c4                isr_hardfault
                0x00000000100001c6                isr_svcall
                0x00000000100001c8                isr_pendsv
                0x00000000100001ca                isr_systick
                0x00000000100001cc                isr_irq30
                0x00000000100001cc                __unhandled_user_irq
                0x00000000100001cc                isr_irq13
                0x00000000100001cc                isr_irq27
                0x00000000100001cc                isr_irq31
                0x00000000100001cc                isr_irq5
                0x00000000100001cc                isr_irq11
                0x00000000100001cc                isr_irq23
                0x00000000100001cc                isr_irq18
                0x00000000100001cc                isr_irq28
                0x00000000100001cc                isr_irq19
                0x00000000100001cc                isr_irq0
                0x00000000100001cc                isr_irq6
                0x00000000100001cc                isr_irq22
                0x00000000100001cc                isr_irq17
                0x00000000100001cc                isr_irq14
                0x00000000100001cc                isr_irq2
                0x00000000100001cc                isr_irq10
                0x00000000100001cc                isr_irq8
                0x00000000100001cc                isr_irq24
                0x00000000100001cc                isr_irq1
                0x00000000100001cc                isr_irq7
                0x00000000100001cc                isr_irq21
                0x00000000100001cc                isr_irq20
                0x00000000100001cc                isr_irq15
                0x00000000100001cc                isr_irq25
                0x00000000100001cc                isr_irq4
                0x00000000100001cc                isr_irq16
                0x00000000100001cc                isr_irq29
                0x00000000100001cc                isr_irq26
                0x00000000100001cc                __default_isrs_end
                0x00000000100001cc                isr_irq3
                0x00000000100001cc                isr_irq12
                0x00000000100001cc                isr_irq9
                0x00000000100001d2                unhandled_user_irq_num_in_r0
 *(.binary_info_header)
 .binary_info_header
                0x00000000100001d4       0x14 CMakeFiles/SerialBuffer.dir/home/pi/pico/pico-sdk/src/rp2_common/pico_standard_link/crt0.S.obj
                0x00000000100001e8                __binary_info_header_end = .
 *(.reset)
 .reset         0x00000000100001e8       0xa8 CMakeFiles/SerialBuffer.dir/home/pi/pico/pico-sdk/src/rp2_common/pico_standard_link/crt0.S.obj
                0x00000000100001e8                _entry_point
                0x0000000010000266                __get_current_exception
 .reset         0x0000000010000290       0x30 CMakeFiles/SerialBuffer.dir/home/pi/pico/pico-sdk/src/rp2_common/pico_standard_link/binary_info.c.obj
 *(.init)
 .init          0x00000000100002c0        0x4 /usr/lib/gcc/arm-none-eabi/8.3.1/thumb/v6-m/nofp/crti.o
                0x00000000100002c0                _init
 *(EXCLUDE_FILE(*libm.a: *libc.a:*lib_a-mem*.o *libgcc.a:) .text*)
 .text          0x00000000100002c4       0x98 /usr/lib/gcc/arm-none-eabi/8.3.1/thumb/v6-m/nofp/crtbegin.o
 .text.main     0x000000001000035c      0x200 CMakeFiles/SerialBuffer.dir/main.c.obj
                0x000000001000035c                main
 .text.queue_read
                0x000000001000055c       0x2e CMakeFiles/SerialBuffer.dir/fifo.c.obj
                0x000000001000055c                queue_read
 .text.queue_write
                0x000000001000058a       0x32 CMakeFiles/SerialBuffer.dir/fifo.c.obj
                0x000000001000058a                queue_write
 .text.gpio_set_function
                0x00000000100005bc       0x30 CMakeFiles/SerialBuffer.dir/home/pi/pico/pico-sdk/src/rp2_common/hardware_gpio/gpio.c.obj
                0x00000000100005bc                gpio_set_function
 .text.gpio_init
                0x00000000100005ec       0x16 CMakeFiles/SerialBuffer.dir/home/pi/pico/pico-sdk/src/rp2_common/hardware_gpio/gpio.c.obj
                0x00000000100005ec                gpio_init
 *fill*         0x0000000010000602        0x2 
 .text.hw_claim_lock
                0x0000000010000604       0x18 CMakeFiles/SerialBuffer.dir/home/pi/pico/pico-sdk/src/rp2_common/hardware_claim/claim.c.obj
                0x0000000010000604                hw_claim_lock
 .text.hw_claim_unlock
                0x000000001000061c       0x14 CMakeFiles/SerialBuffer.dir/home/pi/pico/pico-sdk/src/rp2_common/hardware_claim/claim.c.obj
                0x000000001000061c                hw_claim_unlock
 .text.hw_claim_or_assert
                0x0000000010000630       0x32 CMakeFiles/SerialBuffer.dir/home/pi/pico/pico-sdk/src/rp2_common/hardware_claim/claim.c.obj
                0x0000000010000630                hw_claim_or_assert
 *fill*         0x0000000010000662        0x2 
 .text.running_on_fpga
                0x0000000010000664       0x14 CMakeFiles/SerialBuffer.dir/home/pi/pico/pico-sdk/src/rp2_common/pico_platform/platform.c.obj
                0x0000000010000664                running_on_fpga
 .text.spin_locks_reset
                0x0000000010000678       0x20 CMakeFiles/SerialBuffer.dir/home/pi/pico/pico-sdk/src/rp2_common/hardware_sync/sync.c.obj
                0x0000000010000678                spin_locks_reset
 .text.next_striped_spin_lock_num
                0x0000000010000698       0x1c CMakeFiles/SerialBuffer.dir/home/pi/pico/pico-sdk/src/rp2_common/hardware_sync/sync.c.obj
                0x0000000010000698                next_striped_spin_lock_num
 .text.set_raw_irq_handler_and_unlock
                0x00000000100006b4       0x28 CMakeFiles/SerialBuffer.dir/home/pi/pico/pico-sdk/src/rp2_common/hardware_irq/irq.c.obj
 .text.make_branch
                0x00000000100006dc       0x48 CMakeFiles/SerialBuffer.dir/home/pi/pico/pico-sdk/src/rp2_common/hardware_irq/irq.c.obj
 .text.insert_branch_and_link
                0x0000000010000724       0x40 CMakeFiles/SerialBuffer.dir/home/pi/pico/pico-sdk/src/rp2_common/hardware_irq/irq.c.obj
 .text.irq_is_enabled
                0x0000000010000764       0x18 CMakeFiles/SerialBuffer.dir/home/pi/pico/pico-sdk/src/rp2_common/hardware_irq/irq.c.obj
                0x0000000010000764                irq_is_enabled
 .text.irq_set_mask_enabled
                0x000000001000077c       0x20 CMakeFiles/SerialBuffer.dir/home/pi/pico/pico-sdk/src/rp2_common/hardware_irq/irq.c.obj
                0x000000001000077c                irq_set_mask_enabled
 .text.irq_set_enabled
                0x000000001000079c        0xe CMakeFiles/SerialBuffer.dir/home/pi/pico/pico-sdk/src/rp2_common/hardware_irq/irq.c.obj
                0x000000001000079c                irq_set_enabled
 *fill*         0x00000000100007aa        0x2 
 .text.irq_get_vtable_handler
                0x00000000100007ac       0x10 CMakeFiles/SerialBuffer.dir/home/pi/pico/pico-sdk/src/rp2_common/hardware_irq/irq.c.obj
                0x00000000100007ac                irq_get_vtable_handler
 .text.irq_set_exclusive_handler
                0x00000000100007bc       0x54 CMakeFiles/SerialBuffer.dir/home/pi/pico/pico-sdk/src/rp2_common/hardware_irq/irq.c.obj
                0x00000000100007bc                irq_set_exclusive_handler
 .text.irq_remove_handler
                0x0000000010000810      0x1a0 CMakeFiles/SerialBuffer.dir/home/pi/pico/pico-sdk/src/rp2_common/hardware_irq/irq.c.obj
                0x0000000010000810                irq_remove_handler
 .text.irq_add_tail_to_free_list
                0x00000000100009b0       0xf0 CMakeFiles/SerialBuffer.dir/home/pi/pico/pico-sdk/src/rp2_common/hardware_irq/irq.c.obj
                0x00000000100009b0                irq_add_tail_to_free_list
 .text.irq_init_priorities
                0x0000000010000aa0       0x1c CMakeFiles/SerialBuffer.dir/home/pi/pico/pico-sdk/src/rp2_common/hardware_irq/irq.c.obj
                0x0000000010000aa0                irq_init_priorities
 .text.lock_init
                0x0000000010000abc       0x10 CMakeFiles/SerialBuffer.dir/home/pi/pico/pico-sdk/src/common/pico_sync/lock_core.c.obj
                0x0000000010000abc                lock_init
 .text.alarm_pool_post_alloc_init
                0x0000000010000acc       0x40 CMakeFiles/SerialBuffer.dir/home/pi/pico/pico-sdk/src/common/pico_time/time.c.obj
 .text.timer_pool_entry_comparator
                0x0000000010000b0c       0x7c CMakeFiles/SerialBuffer.dir/home/pi/pico/pico-sdk/src/common/pico_time/time.c.obj
                0x0000000010000b0c                timer_pool_entry_comparator
 .text.ph_add_child_node
                0x0000000010000b88       0xa4 CMakeFiles/SerialBuffer.dir/home/pi/pico/pico-sdk/src/common/pico_time/time.c.obj
 .text.ph_merge_nodes
                0x0000000010000c2c       0x3e CMakeFiles/SerialBuffer.dir/home/pi/pico/pico-sdk/src/common/pico_time/time.c.obj
 *fill*         0x0000000010000c6a        0x2 
 .text.add_alarm_under_lock
                0x0000000010000c6c      0x180 CMakeFiles/SerialBuffer.dir/home/pi/pico/pico-sdk/src/common/pico_time/time.c.obj
 .text.alarm_pool_alarm_callback
                0x0000000010000dec      0x328 CMakeFiles/SerialBuffer.dir/home/pi/pico/pico-sdk/src/common/pico_time/time.c.obj
 .text.alarm_pool_init_default
                0x0000000010001114       0x38 CMakeFiles/SerialBuffer.dir/home/pi/pico/pico-sdk/src/common/pico_time/time.c.obj
                0x0000000010001114                alarm_pool_init_default
 .text.hardware_alarm_irq_handler
                0x000000001000114c       0x8c CMakeFiles/SerialBuffer.dir/home/pi/pico/pico-sdk/src/rp2_common/hardware_timer/timer.c.obj
 .text.hardware_alarm_claim
                0x00000000100011d8       0x18 CMakeFiles/SerialBuffer.dir/home/pi/pico/pico-sdk/src/rp2_common/hardware_timer/timer.c.obj
                0x00000000100011d8                hardware_alarm_claim
 .text.time_us_64
                0x00000000100011f0       0x18 CMakeFiles/SerialBuffer.dir/home/pi/pico/pico-sdk/src/rp2_common/hardware_timer/timer.c.obj
                0x00000000100011f0                time_us_64
 .text.hardware_alarm_set_callback
                0x0000000010001208       0x90 CMakeFiles/SerialBuffer.dir/home/pi/pico/pico-sdk/src/rp2_common/hardware_timer/timer.c.obj
                0x0000000010001208                hardware_alarm_set_callback
 .text.hardware_alarm_set_target
                0x0000000010001298       0xe8 CMakeFiles/SerialBuffer.dir/home/pi/pico/pico-sdk/src/rp2_common/hardware_timer/timer.c.obj
                0x0000000010001298                hardware_alarm_set_target
 .text.hardware_alarm_cancel
                0x0000000010001380       0x40 CMakeFiles/SerialBuffer.dir/home/pi/pico/pico-sdk/src/rp2_common/hardware_timer/timer.c.obj
                0x0000000010001380                hardware_alarm_cancel
 .text.ph_add_child_node
                0x00000000100013c0       0xa4 CMakeFiles/SerialBuffer.dir/home/pi/pico/pico-sdk/src/common/pico_util/pheap.c.obj
 .text.ph_merge_nodes
                0x0000000010001464       0x3e CMakeFiles/SerialBuffer.dir/home/pi/pico/pico-sdk/src/common/pico_util/pheap.c.obj
 *fill*         0x00000000100014a2        0x2 
 .text.ph_clear
                0x00000000100014a4       0x70 CMakeFiles/SerialBuffer.dir/home/pi/pico/pico-sdk/src/common/pico_util/pheap.c.obj
                0x00000000100014a4                ph_clear
 .text.ph_post_alloc_init
                0x0000000010001514        0xe CMakeFiles/SerialBuffer.dir/home/pi/pico/pico-sdk/src/common/pico_util/pheap.c.obj
                0x0000000010001514                ph_post_alloc_init
 *fill*         0x0000000010001522        0x2 
 .text.ph_merge_two_pass
                0x0000000010001524       0xac CMakeFiles/SerialBuffer.dir/home/pi/pico/pico-sdk/src/common/pico_util/pheap.c.obj
                0x0000000010001524                ph_merge_two_pass
 .text.ph_remove_any_head
                0x00000000100015d0      0x108 CMakeFiles/SerialBuffer.dir/home/pi/pico/pico-sdk/src/common/pico_util/pheap.c.obj
 .text.ph_remove_head
                0x00000000100016d8       0x14 CMakeFiles/SerialBuffer.dir/home/pi/pico/pico-sdk/src/common/pico_util/pheap.c.obj
                0x00000000100016d8                ph_remove_head
 .text.ph_remove_and_free_node
                0x00000000100016ec       0xf8 CMakeFiles/SerialBuffer.dir/home/pi/pico/pico-sdk/src/common/pico_util/pheap.c.obj
                0x00000000100016ec                ph_remove_and_free_node
 .text.mutex_init
                0x00000000100017e4       0x1a CMakeFiles/SerialBuffer.dir/home/pi/pico/pico-sdk/src/common/pico_sync/mutex.c.obj
                0x00000000100017e4                mutex_init
 .text.recursive_mutex_init
                0x00000000100017fe       0x1e CMakeFiles/SerialBuffer.dir/home/pi/pico/pico-sdk/src/common/pico_sync/mutex.c.obj
                0x00000000100017fe                recursive_mutex_init
 .text.uart_set_baudrate
                0x000000001000181c       0x5c CMakeFiles/SerialBuffer.dir/home/pi/pico/pico-sdk/src/rp2_common/hardware_uart/uart.c.obj
                0x000000001000181c                uart_set_baudrate
 .text.uart_set_translate_crlf
                0x0000000010001878       0x28 CMakeFiles/SerialBuffer.dir/home/pi/pico/pico-sdk/src/rp2_common/hardware_uart/uart.c.obj
                0x0000000010001878                uart_set_translate_crlf
 .text.uart_init
                0x00000000100018a0       0x80 CMakeFiles/SerialBuffer.dir/home/pi/pico/pico-sdk/src/rp2_common/hardware_uart/uart.c.obj
                0x00000000100018a0                uart_init
 .text._exit    0x0000000010001920        0x4 CMakeFiles/SerialBuffer.dir/home/pi/pico/pico-sdk/src/rp2_common/pico_runtime/runtime.c.obj
                0x0000000010001920                _exit
 .text._sbrk    0x0000000010001924       0x38 CMakeFiles/SerialBuffer.dir/home/pi/pico/pico-sdk/src/rp2_common/pico_runtime/runtime.c.obj
                0x0000000010001924                _sbrk
 .text.exit     0x000000001000195c        0x6 CMakeFiles/SerialBuffer.dir/home/pi/pico/pico-sdk/src/rp2_common/pico_runtime/runtime.c.obj
                0x000000001000195c                exit
 *fill*         0x0000000010001962        0x2 
 .text.__assert_func
                0x0000000010001964       0x3c CMakeFiles/SerialBuffer.dir/home/pi/pico/pico-sdk/src/rp2_common/pico_runtime/runtime.c.obj
                0x0000000010001964                __assert_func
 .text.runtime_init
                0x00000000100019a0       0xf8 CMakeFiles/SerialBuffer.dir/home/pi/pico/pico-sdk/src/rp2_common/pico_runtime/runtime.c.obj
                0x00000000100019a0                runtime_init
 .text.panic    0x0000000010001a98       0x30 CMakeFiles/SerialBuffer.dir/home/pi/pico/pico-sdk/src/rp2_common/pico_runtime/runtime.c.obj
                0x0000000010001a98                panic
 .text.clock_configure
                0x0000000010001ac8       0xfc CMakeFiles/SerialBuffer.dir/home/pi/pico/pico-sdk/src/rp2_common/hardware_clocks/clocks.c.obj
                0x0000000010001ac8                clock_configure
 .text.clocks_init
                0x0000000010001bc4      0x100 CMakeFiles/SerialBuffer.dir/home/pi/pico/pico-sdk/src/rp2_common/hardware_clocks/clocks.c.obj
                0x0000000010001bc4                clocks_init
 .text.clock_get_hz
                0x0000000010001cc4        0xc CMakeFiles/SerialBuffer.dir/home/pi/pico/pico-sdk/src/rp2_common/hardware_clocks/clocks.c.obj
                0x0000000010001cc4                clock_get_hz
 .text.pll_init
                0x0000000010001cd0      0x140 CMakeFiles/SerialBuffer.dir/home/pi/pico/pico-sdk/src/rp2_common/hardware_pll/pll.c.obj
                0x0000000010001cd0                pll_init
 .text.watchdog_start_tick
                0x0000000010001e10       0x10 CMakeFiles/SerialBuffer.dir/home/pi/pico/pico-sdk/src/rp2_common/hardware_watchdog/watchdog.c.obj
                0x0000000010001e10                watchdog_start_tick
 .text.xosc_init
                0x0000000010001e20       0x28 CMakeFiles/SerialBuffer.dir/home/pi/pico/pico-sdk/src/rp2_common/hardware_xosc/xosc.c.obj
                0x0000000010001e20                xosc_init
 .text._out_null
                0x0000000010001e48        0x2 CMakeFiles/SerialBuffer.dir/home/pi/pico/pico-sdk/src/rp2_common/pico_printf/printf.c.obj
 .text._out_fct
                0x0000000010001e4a        0xe CMakeFiles/SerialBuffer.dir/home/pi/pico/pico-sdk/src/rp2_common/pico_printf/printf.c.obj
 .text._atoi    0x0000000010001e58       0x28 CMakeFiles/SerialBuffer.dir/home/pi/pico/pico-sdk/src/rp2_common/pico_printf/printf.c.obj
 .text._out_rev
                0x0000000010001e80       0x8c CMakeFiles/SerialBuffer.dir/home/pi/pico/pico-sdk/src/rp2_common/pico_printf/printf.c.obj
 .text._ntoa_format
                0x0000000010001f0c      0x10c CMakeFiles/SerialBuffer.dir/home/pi/pico/pico-sdk/src/rp2_common/pico_printf/printf.c.obj
 .text._ntoa_long
                0x0000000010002018       0xb0 CMakeFiles/SerialBuffer.dir/home/pi/pico/pico-sdk/src/rp2_common/pico_printf/printf.c.obj
 .text._ntoa_long_long
                0x00000000100020c8       0xe6 CMakeFiles/SerialBuffer.dir/home/pi/pico/pico-sdk/src/rp2_common/pico_printf/printf.c.obj
 *fill*         0x00000000100021ae        0x2 
 .text._etoa    0x00000000100021b0      0x408 CMakeFiles/SerialBuffer.dir/home/pi/pico/pico-sdk/src/rp2_common/pico_printf/printf.c.obj
 .text._ftoa    0x00000000100025b8      0x344 CMakeFiles/SerialBuffer.dir/home/pi/pico/pico-sdk/src/rp2_common/pico_printf/printf.c.obj
 .text._vsnprintf
                0x00000000100028fc      0x61c CMakeFiles/SerialBuffer.dir/home/pi/pico/pico-sdk/src/rp2_common/pico_printf/printf.c.obj
 .text.vfctprintf
                0x0000000010002f18       0x20 CMakeFiles/SerialBuffer.dir/home/pi/pico/pico-sdk/src/rp2_common/pico_printf/printf.c.obj
                0x0000000010002f18                vfctprintf
 .text          0x0000000010002f38       0x10 CMakeFiles/SerialBuffer.dir/home/pi/pico/pico-sdk/src/rp2_common/pico_bit_ops/bit_ops_aeabi.S.obj
 .text.rom_func_lookup
                0x0000000010002f48       0x10 CMakeFiles/SerialBuffer.dir/home/pi/pico/pico-sdk/src/rp2_common/pico_bootrom/bootrom.c.obj
                0x0000000010002f48                rom_func_lookup
 .text.rom_data_lookup
                0x0000000010002f58       0x10 CMakeFiles/SerialBuffer.dir/home/pi/pico/pico-sdk/src/rp2_common/pico_bootrom/bootrom.c.obj
                0x0000000010002f58                rom_data_lookup
 .text.rom_funcs_lookup
                0x0000000010002f68       0x36 CMakeFiles/SerialBuffer.dir/home/pi/pico/pico-sdk/src/rp2_common/pico_bootrom/bootrom.c.obj
                0x0000000010002f68                rom_funcs_lookup
 *fill*         0x0000000010002f9e        0x2 
 .text.__wrap___aeabi_idiv
                0x0000000010002fa0       0x50 CMakeFiles/SerialBuffer.dir/home/pi/pico/pico-sdk/src/rp2_common/pico_divider/divider.S.obj
                0x0000000010002fa0                __wrap___aeabi_idivmod
                0x0000000010002fa0                divmod_s32s32
                0x0000000010002fa0                div_s32s32
                0x0000000010002fa0                __wrap___aeabi_idiv
                0x0000000010002fa8                divmod_s32s32_unsafe
                0x0000000010002fd4                divmod_s32s32_savestate
 .text.__wrap___aeabi_uidiv
                0x0000000010002ff0       0x4c CMakeFiles/SerialBuffer.dir/home/pi/pico/pico-sdk/src/rp2_common/pico_divider/divider.S.obj
                0x0000000010002ff0                __wrap___aeabi_uidiv
                0x0000000010002ff0                __wrap___aeabi_uidivmod
                0x0000000010002ff0                div_u32u32
                0x0000000010002ff0                divmod_u32u32
                0x0000000010002ff8                divmod_u32u32_unsafe
                0x0000000010003020                divmod_u32u32_savestate
 .text.__wrap___aeabi_ldiv
                0x000000001000303c      0x434 CMakeFiles/SerialBuffer.dir/home/pi/pico/pico-sdk/src/rp2_common/pico_divider/divider.S.obj
                0x000000001000303c                div_s64s64
                0x000000001000303c                divmod_s64s64
                0x000000001000303c                __wrap___aeabi_ldivmod
                0x0000000010003074                div_u64u64
                0x0000000010003074                divmod_u64u64
                0x0000000010003074                __wrap___aeabi_uldivmod
                0x0000000010003084                divmod_u64u64_savestate
                0x00000000100030ac                divmod_s64s64_unsafe
                0x0000000010003134                divmod_u64u64_unsafe
 .text.__wrap___aeabi_darithmetic
                0x0000000010003470       0x80 CMakeFiles/SerialBuffer.dir/home/pi/pico/pico-sdk/src/rp2_common/pico_double/double_aeabi.S.obj
                0x0000000010003470                __wrap___aeabi_drsub
                0x0000000010003476                __wrap___aeabi_dsub
                0x0000000010003488                __wrap___aeabi_dadd
                0x000000001000349a                __wrap___aeabi_ddiv
                0x00000000100034d6                __wrap___aeabi_dmul
 .text.__wrap___aeabi_cdcmple
                0x00000000100034f0       0x6c CMakeFiles/SerialBuffer.dir/home/pi/pico/pico-sdk/src/rp2_common/pico_double/double_aeabi.S.obj
                0x00000000100034f0                __wrap___aeabi_cdrcmple
                0x0000000010003500                __wrap___aeabi_cdcmple
                0x0000000010003500                __wrap___aeabi_cdcmpeq
 .text.__wrap___aeabi_dcmplt
                0x000000001000355c        0xc CMakeFiles/SerialBuffer.dir/home/pi/pico/pico-sdk/src/rp2_common/pico_double/double_aeabi.S.obj
                0x000000001000355c                __wrap___aeabi_dcmplt
 .text.__wrap___aeabi_dcmple
                0x0000000010003568       0x10 CMakeFiles/SerialBuffer.dir/home/pi/pico/pico-sdk/src/rp2_common/pico_double/double_aeabi.S.obj
                0x0000000010003568                __wrap___aeabi_dcmple
 .text.__wrap___aeabi_dcmpge
                0x0000000010003578       0x10 CMakeFiles/SerialBuffer.dir/home/pi/pico/pico-sdk/src/rp2_common/pico_double/double_aeabi.S.obj
                0x0000000010003578                __wrap___aeabi_dcmpge
 .text.__wrap___aeabi_dcmpgt
                0x0000000010003588        0xa CMakeFiles/SerialBuffer.dir/home/pi/pico/pico-sdk/src/rp2_common/pico_double/double_aeabi.S.obj
                0x0000000010003588                __wrap___aeabi_dcmpgt
 .text.__wrap___aeabi_dcmpun
                0x0000000010003592       0x1c CMakeFiles/SerialBuffer.dir/home/pi/pico/pico-sdk/src/rp2_common/pico_double/double_aeabi.S.obj
                0x0000000010003592                __wrap___aeabi_dcmpun
 *fill*         0x00000000100035ae        0x2 
 .text.__wrap___aeabi_i2d
                0x00000000100035b0       0x38 CMakeFiles/SerialBuffer.dir/home/pi/pico/pico-sdk/src/rp2_common/pico_double/double_aeabi.S.obj
                0x00000000100035b0                __wrap___aeabi_ui2d
                0x00000000100035b8                __wrap___aeabi_i2d
 .text.__wrap___aeabi_d2iz
                0x00000000100035e8       0x48 CMakeFiles/SerialBuffer.dir/home/pi/pico/pico-sdk/src/rp2_common/pico_double/double_aeabi.S.obj
                0x00000000100035e8                __wrap___aeabi_d2iz
                0x00000000100035e8                double2int_z
 .text.__wrap___aeabi_d2uiz
                0x0000000010003630       0x18 CMakeFiles/SerialBuffer.dir/home/pi/pico/pico-sdk/src/rp2_common/pico_double/double_aeabi.S.obj
                0x0000000010003630                double2uint
                0x0000000010003630                __wrap___aeabi_d2uiz
 .text.__aeabi_double_init
                0x0000000010003648       0xc8 CMakeFiles/SerialBuffer.dir/home/pi/pico/pico-sdk/src/rp2_common/pico_double/double_init_rom.c.obj
                0x0000000010003648                __aeabi_double_init
 .text.double_table_shim_on_use_helper
                0x0000000010003710       0x34 CMakeFiles/SerialBuffer.dir/home/pi/pico/pico-sdk/src/rp2_common/pico_double/double_v1_rom_shim.S.obj
                0x0000000010003710                double_table_shim_on_use_helper
 .text.__wrap___aeabi_dsub
                0x0000000010003744       0x10 CMakeFiles/SerialBuffer.dir/home/pi/pico/pico-sdk/src/rp2_common/pico_double/double_v1_rom_shim.S.obj
                0x0000000010003744                drsub_shim
                0x000000001000374a                dsub_shim
 .text.dadd_shim
                0x0000000010003754      0x15c CMakeFiles/SerialBuffer.dir/home/pi/pico/pico-sdk/src/rp2_common/pico_double/double_v1_rom_shim.S.obj
                0x0000000010003754                dadd_shim
 .text.dmul_shim
                0x00000000100038b0      0x15c CMakeFiles/SerialBuffer.dir/home/pi/pico/pico-sdk/src/rp2_common/pico_double/double_v1_rom_shim.S.obj
                0x00000000100038b0                dmul_shim
 .text.ddiv_shim
                0x0000000010003a0c      0x1b0 CMakeFiles/SerialBuffer.dir/home/pi/pico/pico-sdk/src/rp2_common/pico_double/double_v1_rom_shim.S.obj
                0x0000000010003a0c                ddiv_shim
 .text.double2uint_shim
                0x0000000010003bbc        0xe CMakeFiles/SerialBuffer.dir/home/pi/pico/pico-sdk/src/rp2_common/pico_double/double_v1_rom_shim.S.obj
                0x0000000010003bbc                double2uint_shim
                0x0000000010003bbe                double2ufix_shim
 *fill*         0x0000000010003bca        0x2 
 .text.double2uint64_shim
                0x0000000010003bcc       0x70 CMakeFiles/SerialBuffer.dir/home/pi/pico/pico-sdk/src/rp2_common/pico_double/double_v1_rom_shim.S.obj
                0x0000000010003bcc                double2uint64_shim
                0x0000000010003bce                double2ufix64_shim
                0x0000000010003bee                d2fix_a
 .text.dunpacks
                0x0000000010003c3c       0x3c CMakeFiles/SerialBuffer.dir/home/pi/pico/pico-sdk/src/rp2_common/pico_double/double_v1_rom_shim.S.obj
                0x0000000010003c3c                dunpacks
 .text.__aeabi_float_init
                0x0000000010003c78       0xfc CMakeFiles/SerialBuffer.dir/home/pi/pico/pico-sdk/src/rp2_common/pico_float/float_init_rom.c.obj
                0x0000000010003c78                __aeabi_float_init
 .text.float_table_shim_on_use_helper
                0x0000000010003d74       0x34 CMakeFiles/SerialBuffer.dir/home/pi/pico/pico-sdk/src/rp2_common/pico_float/float_v1_rom_shim.S.obj
                0x0000000010003d74                float_table_shim_on_use_helper
 .text.__wrap_malloc
                0x0000000010003da8       0x24 CMakeFiles/SerialBuffer.dir/home/pi/pico/pico-sdk/src/rp2_common/pico_malloc/pico_malloc.c.obj
                0x0000000010003da8                __wrap_malloc
 .text          0x0000000010003dcc       0x10 CMakeFiles/SerialBuffer.dir/home/pi/pico/pico-sdk/src/rp2_common/pico_mem_ops/mem_ops_aeabi.S.obj
                0x0000000010003dcc                __aeabi_mem_init
 .text.memset   0x0000000010003ddc        0xc CMakeFiles/SerialBuffer.dir/home/pi/pico/pico-sdk/src/rp2_common/pico_mem_ops/mem_ops_aeabi.S.obj
                0x0000000010003ddc                __wrap_memset
 .text.memcpy   0x0000000010003de8        0xc CMakeFiles/SerialBuffer.dir/home/pi/pico/pico-sdk/src/rp2_common/pico_mem_ops/mem_ops_aeabi.S.obj
                0x0000000010003de8                __wrap___aeabi_memcpy
                0x0000000010003de8                __wrap_memcpy
 .text.stdio_out_chars_no_crlf
                0x0000000010003df4        0xe CMakeFiles/SerialBuffer.dir/home/pi/pico/pico-sdk/src/rp2_common/pico_stdio/stdio.c.obj
 *fill*         0x0000000010003e02        0x2 
 .text.stdio_out_chars_crlf
                0x0000000010003e04       0x80 CMakeFiles/SerialBuffer.dir/home/pi/pico/pico-sdk/src/rp2_common/pico_stdio/stdio.c.obj
 .text.stdio_stack_buffer_flush
                0x0000000010003e84       0x44 CMakeFiles/SerialBuffer.dir/home/pi/pico/pico-sdk/src/rp2_common/pico_stdio/stdio.c.obj
 .text.stdio_buffered_printer
                0x0000000010003ec8       0x20 CMakeFiles/SerialBuffer.dir/home/pi/pico/pico-sdk/src/rp2_common/pico_stdio/stdio.c.obj
 .text.stdout_serialize_begin
                0x0000000010003ee8       0x30 CMakeFiles/SerialBuffer.dir/home/pi/pico/pico-sdk/src/rp2_common/pico_stdio/stdio.c.obj
                0x0000000010003ee8                stdout_serialize_begin
 .text.stdout_serialize_end
                0x0000000010003f18       0x10 CMakeFiles/SerialBuffer.dir/home/pi/pico/pico-sdk/src/rp2_common/pico_stdio/stdio.c.obj
                0x0000000010003f18                stdout_serialize_end
 .text.stdio_put_string
                0x0000000010003f28       0x94 CMakeFiles/SerialBuffer.dir/home/pi/pico/pico-sdk/src/rp2_common/pico_stdio/stdio.c.obj
 .text.stdio_flush
                0x0000000010003fbc       0x20 CMakeFiles/SerialBuffer.dir/home/pi/pico/pico-sdk/src/rp2_common/pico_stdio/stdio.c.obj
                0x0000000010003fbc                stdio_flush
 .text.__wrap_puts
                0x0000000010003fdc       0x1e CMakeFiles/SerialBuffer.dir/home/pi/pico/pico-sdk/src/rp2_common/pico_stdio/stdio.c.obj
                0x0000000010003fdc                __wrap_puts
 *fill*         0x0000000010003ffa        0x2 
 .text.__wrap_vprintf
                0x0000000010003ffc       0x44 CMakeFiles/SerialBuffer.dir/home/pi/pico/pico-sdk/src/rp2_common/pico_stdio/stdio.c.obj
                0x0000000010003ffc                __wrap_vprintf
 .text.__wrap_printf
                0x0000000010004040       0x18 CMakeFiles/SerialBuffer.dir/home/pi/pico/pico-sdk/src/rp2_common/pico_stdio/stdio.c.obj
                0x0000000010004040                __wrap_printf
 .text          0x0000000010004058       0x28 /usr/lib/gcc/arm-none-eabi/8.3.1/../../../arm-none-eabi/lib/thumb/v6-m/nofp/libg.a(lib_a-malloc.o)
                0x0000000010004058                malloc
                0x000000001000406c                free
 .text          0x0000000010004080      0x58c /usr/lib/gcc/arm-none-eabi/8.3.1/../../../arm-none-eabi/lib/thumb/v6-m/nofp/libg.a(lib_a-mallocr.o)
                0x0000000010004080                _malloc_r
 .text          0x000000001000460c        0x8 /usr/lib/gcc/arm-none-eabi/8.3.1/../../../arm-none-eabi/lib/thumb/v6-m/nofp/libg.a(lib_a-mlock.o)
                0x000000001000460c                __malloc_lock
                0x0000000010004610                __malloc_unlock
 .text          0x0000000010004614       0x24 /usr/lib/gcc/arm-none-eabi/8.3.1/../../../arm-none-eabi/lib/thumb/v6-m/nofp/libg.a(lib_a-sbrkr.o)
                0x0000000010004614                _sbrk_r
 .text          0x0000000010004638       0x68 /usr/lib/gcc/arm-none-eabi/8.3.1/../../../arm-none-eabi/lib/thumb/v6-m/nofp/libg.a(lib_a-strlen-stub.o)
                0x0000000010004638                strlen
 .text          0x00000000100046a0      0x27c /usr/lib/gcc/arm-none-eabi/8.3.1/../../../arm-none-eabi/lib/thumb/v6-m/nofp/libg.a(lib_a-freer.o)
                0x00000000100046a0                _malloc_trim_r
                0x0000000010004740                _free_r
 *(.fini)
 .fini          0x000000001000491c        0x4 /usr/lib/gcc/arm-none-eabi/8.3.1/thumb/v6-m/nofp/crti.o
                0x000000001000491c                _fini
 .fini.__stub   0x0000000010004920       0x50 linker stubs
 *crtbegin.o(.ctors)
 *crtbegin?.o(.ctors)
 *(EXCLUDE_FILE(*crtend.o *crtend?.o) .ctors)
 *(SORT_BY_NAME(.ctors.*))
 *(.ctors)
 *crtbegin.o(.dtors)
 *crtbegin?.o(.dtors)
 *(EXCLUDE_FILE(*crtend.o *crtend?.o) .dtors)
 *(SORT_BY_NAME(.dtors.*))
 *(.dtors)
 *(.eh_frame*)
 .eh_frame      0x0000000010004970        0x0 /usr/lib/gcc/arm-none-eabi/8.3.1/thumb/v6-m/nofp/crtbegin.o
                0x0000000010004970                . = ALIGN (0x4)

.glue_7         0x0000000010004970        0x0
 .glue_7        0x0000000010004970        0x0 linker stubs

.glue_7t        0x0000000010004970        0x0
 .glue_7t       0x0000000010004970        0x0 linker stubs

.vfp11_veneer   0x0000000010004970        0x0
 .vfp11_veneer  0x0000000010004970        0x0 linker stubs

.v4_bx          0x0000000010004970        0x0
 .v4_bx         0x0000000010004970        0x0 linker stubs

.iplt           0x0000000010004970        0x0
 .iplt          0x0000000010004970        0x0 /usr/lib/gcc/arm-none-eabi/8.3.1/thumb/v6-m/nofp/crtbegin.o

.rodata         0x0000000010004970      0xe10
 *(EXCLUDE_FILE(*libm.a: *libc.a:*lib_a-mem*.o *libgcc.a:) .rodata*)
 .rodata.main.str1.4
                0x0000000010004970       0x2e CMakeFiles/SerialBuffer.dir/main.c.obj
 *fill*         0x000000001000499e        0x2 
 .rodata.__func__.4827
                0x00000000100049a0       0x1a CMakeFiles/SerialBuffer.dir/home/pi/pico/pico-sdk/src/rp2_common/hardware_irq/irq.c.obj
 *fill*         0x00000000100049ba        0x2 
 .rodata.__func__.4841
                0x00000000100049bc        0xc CMakeFiles/SerialBuffer.dir/home/pi/pico/pico-sdk/src/rp2_common/hardware_irq/irq.c.obj
 .rodata.__func__.4849
                0x00000000100049c8       0x17 CMakeFiles/SerialBuffer.dir/home/pi/pico/pico-sdk/src/rp2_common/hardware_irq/irq.c.obj
 *fill*         0x00000000100049df        0x1 
 .rodata.__func__.4853
                0x00000000100049e0        0xf CMakeFiles/SerialBuffer.dir/home/pi/pico/pico-sdk/src/rp2_common/hardware_irq/irq.c.obj
 *fill*         0x00000000100049ef        0x1 
 .rodata.__func__.4892
                0x00000000100049f0       0x13 CMakeFiles/SerialBuffer.dir/home/pi/pico/pico-sdk/src/rp2_common/hardware_irq/irq.c.obj
 *fill*         0x0000000010004a03        0x1 
 .rodata.__func__.4914
                0x0000000010004a04       0x1a CMakeFiles/SerialBuffer.dir/home/pi/pico/pico-sdk/src/rp2_common/hardware_irq/irq.c.obj
 *fill*         0x0000000010004a1e        0x2 
 .rodata.insert_branch_and_link.str1.4
                0x0000000010004a20       0x10 CMakeFiles/SerialBuffer.dir/home/pi/pico/pico-sdk/src/rp2_common/hardware_irq/irq.c.obj
 .rodata.irq_add_shared_handler.str1.4
                0x0000000010004a30       0xd9 CMakeFiles/SerialBuffer.dir/home/pi/pico/pico-sdk/src/rp2_common/hardware_irq/irq.c.obj
 *fill*         0x0000000010004b09        0x3 
 .rodata.irq_add_tail_to_free_list.str1.4
                0x0000000010004b0c       0x3a CMakeFiles/SerialBuffer.dir/home/pi/pico/pico-sdk/src/rp2_common/hardware_irq/irq.c.obj
 *fill*         0x0000000010004b46        0x2 
 .rodata.irq_remove_handler.str1.4
                0x0000000010004b48       0x2a CMakeFiles/SerialBuffer.dir/home/pi/pico/pico-sdk/src/rp2_common/hardware_irq/irq.c.obj
 *fill*         0x0000000010004b72        0x2 
 .rodata.irq_set_exclusive_handler.str1.4
                0x0000000010004b74       0x36 CMakeFiles/SerialBuffer.dir/home/pi/pico/pico-sdk/src/rp2_common/hardware_irq/irq.c.obj
 *fill*         0x0000000010004baa        0x2 
 .rodata.make_branch.str1.4
                0x0000000010004bac       0x69 CMakeFiles/SerialBuffer.dir/home/pi/pico/pico-sdk/src/rp2_common/hardware_irq/irq.c.obj
 *fill*         0x0000000010004c15        0x3 
 .rodata.__func__.5751
                0x0000000010004c18       0x15 CMakeFiles/SerialBuffer.dir/home/pi/pico/pico-sdk/src/common/pico_time/time.c.obj
 *fill*         0x0000000010004c2d        0x3 
 .rodata.__func__.6069
                0x0000000010004c30        0xc CMakeFiles/SerialBuffer.dir/home/pi/pico/pico-sdk/src/common/pico_time/time.c.obj
 .rodata.__func__.6076
                0x0000000010004c3c       0x12 CMakeFiles/SerialBuffer.dir/home/pi/pico/pico-sdk/src/common/pico_time/time.c.obj
 *fill*         0x0000000010004c4e        0x2 
 .rodata.__func__.6092
                0x0000000010004c50        0xf CMakeFiles/SerialBuffer.dir/home/pi/pico/pico-sdk/src/common/pico_time/time.c.obj
 *fill*         0x0000000010004c5f        0x1 
 .rodata.__func__.6114
                0x0000000010004c60        0xd CMakeFiles/SerialBuffer.dir/home/pi/pico/pico-sdk/src/common/pico_time/time.c.obj
 *fill*         0x0000000010004c6d        0x3 
 .rodata.__func__.6337
                0x0000000010004c70        0xa CMakeFiles/SerialBuffer.dir/home/pi/pico/pico-sdk/src/common/pico_time/time.c.obj
 *fill*         0x0000000010004c7a        0x2 
 .rodata.__func__.6342
                0x0000000010004c7c       0x12 CMakeFiles/SerialBuffer.dir/home/pi/pico/pico-sdk/src/common/pico_time/time.c.obj
 *fill*         0x0000000010004c8e        0x2 
 .rodata.__func__.6368
                0x0000000010004c90       0x15 CMakeFiles/SerialBuffer.dir/home/pi/pico/pico-sdk/src/common/pico_time/time.c.obj
 *fill*         0x0000000010004ca5        0x3 
 .rodata.__func__.6385
                0x0000000010004ca8       0x1a CMakeFiles/SerialBuffer.dir/home/pi/pico/pico-sdk/src/common/pico_time/time.c.obj
 *fill*         0x0000000010004cc2        0x2 
 .rodata.add_alarm_under_lock.str1.4
                0x0000000010004cc4       0x28 CMakeFiles/SerialBuffer.dir/home/pi/pico/pico-sdk/src/common/pico_time/time.c.obj
                                         0x2b (size before relaxing)
 .rodata.alarm_pool_alarm_callback.str1.4
                0x0000000010004cec       0xe2 CMakeFiles/SerialBuffer.dir/home/pi/pico/pico-sdk/src/common/pico_time/time.c.obj
 *fill*         0x0000000010004dce        0x2 
 .rodata.alarm_pool_dump_key.str1.4
                0x0000000010004dd0       0x33 CMakeFiles/SerialBuffer.dir/home/pi/pico/pico-sdk/src/common/pico_time/time.c.obj
 *fill*         0x0000000010004e03        0x1 
 .rodata.ph_add_child_node.str1.4
                0x0000000010004e04       0x92 CMakeFiles/SerialBuffer.dir/home/pi/pico/pico-sdk/src/common/pico_time/time.c.obj
 *fill*         0x0000000010004e96        0x2 
 .rodata.repeating_timer_callback.str1.4
                0x0000000010004e98       0x47 CMakeFiles/SerialBuffer.dir/home/pi/pico/pico-sdk/src/common/pico_time/time.c.obj
 *fill*         0x0000000010004edf        0x1 
 .rodata.__func__.4625
                0x0000000010004ee0       0x1a CMakeFiles/SerialBuffer.dir/home/pi/pico/pico-sdk/src/rp2_common/hardware_timer/timer.c.obj
 *fill*         0x0000000010004efa        0x2 
 .rodata.hardware_alarm_claim.str1.4
                0x0000000010004efc       0x22 CMakeFiles/SerialBuffer.dir/home/pi/pico/pico-sdk/src/rp2_common/hardware_timer/timer.c.obj
 *fill*         0x0000000010004f1e        0x2 
 .rodata.hardware_alarm_set_target.str1.4
                0x0000000010004f20       0x61 CMakeFiles/SerialBuffer.dir/home/pi/pico/pico-sdk/src/rp2_common/hardware_timer/timer.c.obj
 *fill*         0x0000000010004f81        0x3 
 .rodata.__func__.5767
                0x0000000010004f84        0xc CMakeFiles/SerialBuffer.dir/home/pi/pico/pico-sdk/src/common/pico_util/pheap.c.obj
 .rodata.__func__.5774
                0x0000000010004f90       0x12 CMakeFiles/SerialBuffer.dir/home/pi/pico/pico-sdk/src/common/pico_util/pheap.c.obj
 *fill*         0x0000000010004fa2        0x2 
 .rodata.__func__.5860
                0x0000000010004fa4       0x13 CMakeFiles/SerialBuffer.dir/home/pi/pico/pico-sdk/src/common/pico_util/pheap.c.obj
 *fill*         0x0000000010004fb7        0x1 
 .rodata.__func__.5878
                0x0000000010004fb8       0x18 CMakeFiles/SerialBuffer.dir/home/pi/pico/pico-sdk/src/common/pico_util/pheap.c.obj
 .rodata.ph_add_child_node.str1.4
                0x0000000010004fd0       0x92 CMakeFiles/SerialBuffer.dir/home/pi/pico/pico-sdk/src/common/pico_util/pheap.c.obj
 .rodata.ph_remove_and_free_node.str1.4
                0x0000000010004fd0       0x1e CMakeFiles/SerialBuffer.dir/home/pi/pico/pico-sdk/src/common/pico_util/pheap.c.obj
                                         0x26 (size before relaxing)
 *fill*         0x0000000010004fee        0x2 
 .rodata.ph_remove_any_head.str1.4
                0x0000000010004ff0       0x88 CMakeFiles/SerialBuffer.dir/home/pi/pico/pico-sdk/src/common/pico_util/pheap.c.obj
 .rodata.__func__.4759
                0x0000000010005078        0xb CMakeFiles/SerialBuffer.dir/home/pi/pico/pico-sdk/src/common/pico_sync/mutex.c.obj
 *fill*         0x0000000010005083        0x1 
 .rodata.str1.4
                0x0000000010005084       0x85 CMakeFiles/SerialBuffer.dir/home/pi/pico/pico-sdk/src/common/pico_sync/mutex.c.obj
                                         0xe5 (size before relaxing)
 *fill*         0x0000000010005109        0x3 
 .rodata.__assert_func.str1.4
                0x000000001000510c       0x3f CMakeFiles/SerialBuffer.dir/home/pi/pico/pico-sdk/src/rp2_common/pico_runtime/runtime.c.obj
                                         0x43 (size before relaxing)
 *fill*         0x000000001000514b        0x1 
 .rodata.__func__.5885
                0x000000001000514c        0xd CMakeFiles/SerialBuffer.dir/home/pi/pico/pico-sdk/src/rp2_common/pico_runtime/runtime.c.obj
 *fill*         0x0000000010005159        0x3 
 .rodata.panic.str1.4
                0x000000001000515c       0x12 CMakeFiles/SerialBuffer.dir/home/pi/pico/pico-sdk/src/rp2_common/pico_runtime/runtime.c.obj
 *fill*         0x000000001000516e        0x2 
 .rodata.runtime_init.str1.4
                0x0000000010005170       0x5d CMakeFiles/SerialBuffer.dir/home/pi/pico/pico-sdk/src/rp2_common/pico_runtime/runtime.c.obj
 *fill*         0x00000000100051cd        0x3 
 .rodata.__func__.4809
                0x00000000100051d0       0x10 CMakeFiles/SerialBuffer.dir/home/pi/pico/pico-sdk/src/rp2_common/hardware_clocks/clocks.c.obj
 .rodata.clock_configure.str1.4
                0x00000000100051e0       0x53 CMakeFiles/SerialBuffer.dir/home/pi/pico/pico-sdk/src/rp2_common/hardware_clocks/clocks.c.obj
 *fill*         0x0000000010005233        0x1 
 .rodata.__func__.4466
                0x0000000010005234        0x9 CMakeFiles/SerialBuffer.dir/home/pi/pico/pico-sdk/src/rp2_common/hardware_pll/pll.c.obj
 *fill*         0x000000001000523d        0x3 
 .rodata.pll_init.str1.4
                0x0000000010005240      0x137 CMakeFiles/SerialBuffer.dir/home/pi/pico/pico-sdk/src/rp2_common/hardware_pll/pll.c.obj
 *fill*         0x0000000010005377        0x1 
 .rodata._vsnprintf
                0x0000000010005378      0x1e0 CMakeFiles/SerialBuffer.dir/home/pi/pico/pico-sdk/src/rp2_common/pico_printf/printf.c.obj
 .rodata._ftoa.str1.4
                0x0000000010005558       0x15 CMakeFiles/SerialBuffer.dir/home/pi/pico/pico-sdk/src/rp2_common/pico_printf/printf.c.obj
 *fill*         0x000000001000556d        0x3 
 .rodata.pow10.5481
                0x0000000010005570       0x50 CMakeFiles/SerialBuffer.dir/home/pi/pico/pico-sdk/src/rp2_common/pico_printf/printf.c.obj
 .rodata.__aeabi_double_init.str1.4
                0x00000000100055c0       0xa4 CMakeFiles/SerialBuffer.dir/home/pi/pico/pico-sdk/src/rp2_common/pico_double/double_init_rom.c.obj
 .rodata.__func__.4778
                0x0000000010005664       0x14 CMakeFiles/SerialBuffer.dir/home/pi/pico/pico-sdk/src/rp2_common/pico_double/double_init_rom.c.obj
 .rodata.__aeabi_float_init.str1.4
                0x0000000010005678       0x76 CMakeFiles/SerialBuffer.dir/home/pi/pico/pico-sdk/src/rp2_common/pico_float/float_init_rom.c.obj
                                         0x7a (size before relaxing)
 *fill*         0x00000000100056ee        0x2 
 .rodata.__func__.4779
                0x00000000100056f0       0x13 CMakeFiles/SerialBuffer.dir/home/pi/pico/pico-sdk/src/rp2_common/pico_float/float_init_rom.c.obj
 *fill*         0x0000000010005703        0x1 
 .rodata.__wrap_malloc.str1.4
                0x0000000010005704        0xe CMakeFiles/SerialBuffer.dir/home/pi/pico/pico-sdk/src/rp2_common/pico_malloc/pico_malloc.c.obj
 *fill*         0x0000000010005712        0x2 
 .rodata.__bi_44
                0x0000000010005714        0xc CMakeFiles/SerialBuffer.dir/home/pi/pico/pico-sdk/src/rp2_common/pico_standard_link/binary_info.c.obj
 .rodata.__bi_75
                0x0000000010005720        0xc CMakeFiles/SerialBuffer.dir/home/pi/pico/pico-sdk/src/rp2_common/pico_standard_link/binary_info.c.obj
 .rodata.__bi_81
                0x000000001000572c        0xc CMakeFiles/SerialBuffer.dir/home/pi/pico/pico-sdk/src/rp2_common/pico_standard_link/binary_info.c.obj
 .rodata.str1.4
                0x0000000010005738       0x44 CMakeFiles/SerialBuffer.dir/home/pi/pico/pico-sdk/src/rp2_common/pico_standard_link/binary_info.c.obj
 .rodata.crlf_str.6110
                0x000000001000577c        0x2 CMakeFiles/SerialBuffer.dir/home/pi/pico/pico-sdk/src/rp2_common/pico_stdio/stdio.c.obj
                0x0000000010005780                . = ALIGN (0x4)
 *fill*         0x000000001000577e        0x2 
 *(SORT_BY_ALIGNMENT(SORT_BY_NAME(.flashdata*)))
                0x0000000010005780                . = ALIGN (0x4)

.rel.dyn        0x0000000010005780        0x0
 .rel.iplt      0x0000000010005780        0x0 /usr/lib/gcc/arm-none-eabi/8.3.1/thumb/v6-m/nofp/crtbegin.o

.ARM.extab
 *(.ARM.extab* .gnu.linkonce.armextab.*)
                0x0000000010005780                __exidx_start = .

.ARM.exidx
 *(.ARM.exidx* .gnu.linkonce.armexidx.*)
                0x0000000010005780                __exidx_end = .
                0x0000000010005780                . = ALIGN (0x4)
                0x0000000010005780                __binary_info_start = .

.binary_info    0x0000000010005780       0x1c
 *(.binary_info.keep.*)
 .binary_info.keep.__bi_ptr22
                0x0000000010005780        0x4 CMakeFiles/SerialBuffer.dir/home/pi/pico/pico-sdk/src/rp2_common/pico_standard_link/binary_info.c.obj
 .binary_info.keep.__bi_ptr30
                0x0000000010005784        0x4 CMakeFiles/SerialBuffer.dir/home/pi/pico/pico-sdk/src/rp2_common/pico_standard_link/binary_info.c.obj
 .binary_info.keep.__bi_ptr38
                0x0000000010005788        0x4 CMakeFiles/SerialBuffer.dir/home/pi/pico/pico-sdk/src/rp2_common/pico_standard_link/binary_info.c.obj
 .binary_info.keep.__bi_ptr44
                0x000000001000578c        0x4 CMakeFiles/SerialBuffer.dir/home/pi/pico/pico-sdk/src/rp2_common/pico_standard_link/binary_info.c.obj
 .binary_info.keep.__bi_ptr50
                0x0000000010005790        0x4 CMakeFiles/SerialBuffer.dir/home/pi/pico/pico-sdk/src/rp2_common/pico_standard_link/binary_info.c.obj
 .binary_info.keep.__bi_ptr75
                0x0000000010005794        0x4 CMakeFiles/SerialBuffer.dir/home/pi/pico/pico-sdk/src/rp2_common/pico_standard_link/binary_info.c.obj
 .binary_info.keep.__bi_ptr81
                0x0000000010005798        0x4 CMakeFiles/SerialBuffer.dir/home/pi/pico/pico-sdk/src/rp2_common/pico_standard_link/binary_info.c.obj
 *(.binary_info.*)
                0x000000001000579c                __binary_info_end = .
                0x000000001000579c                . = ALIGN (0x4)
                0x000000001000579c                __etext = .

.ram_vector_table
                0x0000000020000000       0xc0
 *(.ram_vector_table)
 .ram_vector_table
                0x0000000020000000       0xc0 CMakeFiles/SerialBuffer.dir/home/pi/pico/pico-sdk/src/rp2_common/pico_runtime/runtime.c.obj
                0x0000000020000000                ram_vector_table

.data           0x00000000200000c0      0x9ec load address 0x000000001000579c
                0x00000000200000c0                __data_start__ = .
 *(vtable)
 *(.time_critical*)
 .time_critical.mutex_enter_blocking
                0x00000000200000c0       0x48 CMakeFiles/SerialBuffer.dir/home/pi/pico/pico-sdk/src/common/pico_sync/mutex.c.obj
                0x00000000200000c0                mutex_enter_blocking
 .time_critical.mutex_try_enter
                0x0000000020000108       0x48 CMakeFiles/SerialBuffer.dir/home/pi/pico/pico-sdk/src/common/pico_sync/mutex.c.obj
                0x0000000020000108                mutex_try_enter
 .time_critical.mutex_exit
                0x0000000020000150       0x4c CMakeFiles/SerialBuffer.dir/home/pi/pico/pico-sdk/src/common/pico_sync/mutex.c.obj
                0x0000000020000150                mutex_exit
 *(.text*)
 .text          0x000000002000019c        0x4 /usr/lib/gcc/arm-none-eabi/8.3.1/thumb/v6-m/nofp/libgcc.a(_dvmd_tls.o)
                0x000000002000019c                __aeabi_ldiv0
                0x000000002000019c                __aeabi_idiv0
 .text.__stub   0x00000000200001a0       0x10 linker stubs
                0x00000000200001b0                . = ALIGN (0x4)
 *(.rodata*)
                0x00000000200001b0                . = ALIGN (0x4)
 *(.data*)
 .data.striped_spin_lock_num
                0x00000000200001b0        0x1 CMakeFiles/SerialBuffer.dir/home/pi/pico/pico-sdk/src/rp2_common/hardware_sync/sync.c.obj
 *fill*         0x00000000200001b1        0x3 
 .data          0x00000000200001b4       0x48 CMakeFiles/SerialBuffer.dir/home/pi/pico/pico-sdk/src/rp2_common/hardware_irq/irq_handler_chain.S.obj
                0x00000000200001b4                irq_handler_chain_slots
                0x00000000200001e4                irq_handler_chain_first_slot
                0x00000000200001ee                irq_handler_chain_remove_tail
 .data.default_alarm_pool
                0x00000000200001fc       0x18 CMakeFiles/SerialBuffer.dir/home/pi/pico/pico-sdk/src/common/pico_time/time.c.obj
 .data.default_alarm_pool_heap
                0x0000000020000214       0x10 CMakeFiles/SerialBuffer.dir/home/pi/pico/pico-sdk/src/common/pico_time/time.c.obj
 *fill*         0x0000000020000224        0xc 
 .data.aeabi_bits_funcs
                0x0000000020000230       0x10 CMakeFiles/SerialBuffer.dir/home/pi/pico/pico-sdk/src/rp2_common/pico_bit_ops/bit_ops_aeabi.S.obj
                0x0000000020000230                aeabi_bits_funcs
                0x0000000020000240                aeabi_bits_funcs_end
 .data.aeabi_mem_funcs
                0x0000000020000240       0x10 CMakeFiles/SerialBuffer.dir/home/pi/pico/pico-sdk/src/rp2_common/pico_mem_ops/mem_ops_aeabi.S.obj
                0x0000000020000240                aeabi_mem_funcs
                0x0000000020000250                aeabi_mem_funcs_end
 .data          0x0000000020000250      0x430 /usr/lib/gcc/arm-none-eabi/8.3.1/../../../arm-none-eabi/lib/thumb/v6-m/nofp/libg.a(lib_a-impure.o)
                0x0000000020000250                _impure_ptr
 .data          0x0000000020000680      0x410 /usr/lib/gcc/arm-none-eabi/8.3.1/../../../arm-none-eabi/lib/thumb/v6-m/nofp/libg.a(lib_a-mallocr.o)
                0x0000000020000680                __malloc_sbrk_base
                0x0000000020000684                __malloc_trim_threshold
                0x0000000020000688                __malloc_av_
                0x0000000020000a90                . = ALIGN (0x4)
 *(.after_data.*)
                0x0000000020000a90                . = ALIGN (0x4)
                0x0000000020000a90                PROVIDE (__mutex_array_start = .)
 *(SORT_BY_NAME(.mutex_array.*))
 *(.mutex_array)
 .mutex_array   0x0000000020000a90        0x8 CMakeFiles/SerialBuffer.dir/home/pi/pico/pico-sdk/src/rp2_common/pico_stdio/stdio.c.obj
                0x0000000020000a98                PROVIDE (__mutex_array_end = .)
                0x0000000020000a98                . = ALIGN (0x4)
                0x0000000020000a98                PROVIDE (__preinit_array_start = .)
 *(SORT_BY_NAME(.preinit_array.*))
 .preinit_array.00001
                0x0000000020000a98        0x4 CMakeFiles/SerialBuffer.dir/home/pi/pico/pico-sdk/src/rp2_common/pico_mem_ops/mem_ops_aeabi.S.obj
 .preinit_array.00010
                0x0000000020000a9c        0x4 CMakeFiles/SerialBuffer.dir/home/pi/pico/pico-sdk/src/rp2_common/pico_bit_ops/bit_ops_aeabi.S.obj
 .preinit_array.00020
                0x0000000020000aa0        0x4 CMakeFiles/SerialBuffer.dir/home/pi/pico/pico-sdk/src/rp2_common/pico_double/double_aeabi.S.obj
 .preinit_array.00020
                0x0000000020000aa4        0x4 CMakeFiles/SerialBuffer.dir/home/pi/pico/pico-sdk/src/rp2_common/pico_float/float_aeabi.S.obj
 *(.preinit_array)
                0x0000000020000aa8                PROVIDE (__preinit_array_end = .)
                0x0000000020000aa8                . = ALIGN (0x4)
                0x0000000020000aa8                PROVIDE (__init_array_start = .)
 *(SORT_BY_NAME(.init_array.*))
 *(.init_array)
 .init_array    0x0000000020000aa8        0x4 /usr/lib/gcc/arm-none-eabi/8.3.1/thumb/v6-m/nofp/crtbegin.o
                0x0000000020000aac                PROVIDE (__init_array_end = .)
                0x0000000020000aac                . = ALIGN (0x4)
                0x0000000020000aac                PROVIDE (__fini_array_start = .)
 *(SORT_BY_NAME(.fini_array.*))
 *(.fini_array)
                0x0000000020000aac                PROVIDE (__fini_array_end = .)
 *(.jcr)
                0x0000000020000aac                . = ALIGN (0x4)
                0x0000000020000aac                __data_end__ = .

.tm_clone_table
                0x0000000020000aac        0x0 load address 0x0000000010006188
 .tm_clone_table
                0x0000000020000aac        0x0 /usr/lib/gcc/arm-none-eabi/8.3.1/thumb/v6-m/nofp/crtbegin.o
 .tm_clone_table
                0x0000000020000aac        0x0 /usr/lib/gcc/arm-none-eabi/8.3.1/thumb/v6-m/nofp/crtend.o

.igot.plt       0x0000000020000aac        0x0 load address 0x0000000010006188
 .igot.plt      0x0000000020000aac        0x0 /usr/lib/gcc/arm-none-eabi/8.3.1/thumb/v6-m/nofp/crtbegin.o

.uninitialized_data
                0x0000000020000aac        0x0 load address 0x0000000010006188
                0x0000000020000aac                . = ALIGN (0x4)
 *(.uninitialized_data*)

.scratch_x      0x0000000020040000        0x0 load address 0x0000000010006188
                0x0000000020040000                __scratch_x_start__ = .
 *(.scratch_x.*)
                0x0000000020040000                . = ALIGN (0x4)
                0x0000000020040000                __scratch_x_end__ = .
                0x0000000010006188                __scratch_x_source__ = LOADADDR (.scratch_x)

.scratch_y      0x0000000020041000        0x0 load address 0x0000000010006188
                0x0000000020041000                __scratch_y_start__ = .
 *(.scratch_y.*)
                0x0000000020041000                . = ALIGN (0x4)
                0x0000000020041000                __scratch_y_end__ = .
                0x0000000010006188                __scratch_y_source__ = LOADADDR (.scratch_y)

.bss            0x0000000020000ab0      0x414
                0x0000000020000ab0                . = ALIGN (0x4)
                0x0000000020000ab0                __bss_start__ = .
 *(SORT_BY_ALIGNMENT(SORT_BY_NAME(.bss*)))
 .bss.default_alarm_pool_entries
                0x0000000020000ab0      0x100 CMakeFiles/SerialBuffer.dir/home/pi/pico/pico-sdk/src/common/pico_time/time.c.obj
 .bss           0x0000000020000bb0       0x1c /usr/lib/gcc/arm-none-eabi/8.3.1/thumb/v6-m/nofp/crtbegin.o
 .bss           0x0000000020000bcc       0x34 /usr/lib/gcc/arm-none-eabi/8.3.1/../../../arm-none-eabi/lib/thumb/v6-m/nofp/libg.a(lib_a-mallocr.o)
                0x0000000020000bcc                __malloc_top_pad
                0x0000000020000bd0                __malloc_current_mallinfo
                0x0000000020000bf8                __malloc_max_sbrked_mem
                0x0000000020000bfc                __malloc_max_total_mem
 .bss.alarm_callbacks
                0x0000000020000c00       0x10 CMakeFiles/SerialBuffer.dir/home/pi/pico/pico-sdk/src/rp2_common/hardware_timer/timer.c.obj
 .bss.chars_rxed
                0x0000000020000c10        0x4 CMakeFiles/SerialBuffer.dir/main.c.obj
 .bss.chars_txed
                0x0000000020000c14        0x4 CMakeFiles/SerialBuffer.dir/main.c.obj
 .bss.configured_freq
                0x0000000020000c18       0x28 CMakeFiles/SerialBuffer.dir/home/pi/pico/pico-sdk/src/rp2_common/hardware_clocks/clocks.c.obj
 .bss.default_alarm_pool_entry_ids_high
                0x0000000020000c40       0x10 CMakeFiles/SerialBuffer.dir/home/pi/pico/pico-sdk/src/common/pico_time/time.c.obj
 .bss.default_alarm_pool_heap_nodes
                0x0000000020000c50       0x30 CMakeFiles/SerialBuffer.dir/home/pi/pico/pico-sdk/src/common/pico_time/time.c.obj
 .bss.drivers   0x0000000020000c80        0x4 CMakeFiles/SerialBuffer.dir/home/pi/pico/pico-sdk/src/rp2_common/pico_stdio/stdio.c.obj
 .bss.filter    0x0000000020000c84        0x4 CMakeFiles/SerialBuffer.dir/home/pi/pico/pico-sdk/src/rp2_common/pico_stdio/stdio.c.obj
 .bss.heap_end.5914
                0x0000000020000c88        0x4 CMakeFiles/SerialBuffer.dir/home/pi/pico/pico-sdk/src/rp2_common/pico_runtime/runtime.c.obj
 .bss.pools     0x0000000020000c8c       0x10 CMakeFiles/SerialBuffer.dir/home/pi/pico/pico-sdk/src/common/pico_time/time.c.obj
 .bss.sf_clz_func
                0x0000000020000c9c        0x4 CMakeFiles/SerialBuffer.dir/home/pi/pico/pico-sdk/src/rp2_common/pico_double/double_init_rom.c.obj
                0x0000000020000c9c                sf_clz_func
 .bss.sleep_notifier
                0x0000000020000ca0        0x4 CMakeFiles/SerialBuffer.dir/home/pi/pico/pico-sdk/src/common/pico_time/time.c.obj
 .bss.target_hi
                0x0000000020000ca4       0x10 CMakeFiles/SerialBuffer.dir/home/pi/pico/pico-sdk/src/rp2_common/hardware_timer/timer.c.obj
 .bss.claimed   0x0000000020000cb4        0x1 CMakeFiles/SerialBuffer.dir/home/pi/pico/pico-sdk/src/rp2_common/hardware_timer/timer.c.obj
 .bss.irq_hander_chain_free_slot_head
                0x0000000020000cb5        0x1 CMakeFiles/SerialBuffer.dir/home/pi/pico/pico-sdk/src/rp2_common/hardware_irq/irq.c.obj
 .bss.timer_callbacks_pending
                0x0000000020000cb6        0x1 CMakeFiles/SerialBuffer.dir/home/pi/pico/pico-sdk/src/rp2_common/hardware_timer/timer.c.obj
 *(COMMON)
 COMMON         0x0000000020000cb7        0x2 CMakeFiles/SerialBuffer.dir/main.c.obj
                0x0000000020000cb7                rx_ch
                0x0000000020000cb8                tx_ch
 *fill*         0x0000000020000cb9        0x3 
 COMMON         0x0000000020000cbc        0x4 CMakeFiles/SerialBuffer.dir/home/pi/pico/pico-sdk/src/rp2_common/hardware_uart/uart.c.obj
                0x0000000020000cbc                uart_char_to_line_feed
 COMMON         0x0000000020000cc0      0x100 CMakeFiles/SerialBuffer.dir/home/pi/pico/pico-sdk/src/rp2_common/pico_double/double_init_rom.c.obj
                0x0000000020000cc0                sd_table
 COMMON         0x0000000020000dc0      0x100 CMakeFiles/SerialBuffer.dir/home/pi/pico/pico-sdk/src/rp2_common/pico_float/float_init_rom.c.obj
                0x0000000020000dc0                sf_table
 COMMON         0x0000000020000ec0        0x4 /usr/lib/gcc/arm-none-eabi/8.3.1/../../../arm-none-eabi/lib/thumb/v6-m/nofp/libg.a(lib_a-reent.o)
                0x0000000020000ec0                errno
                0x0000000020000ec4                . = ALIGN (0x4)
                0x0000000020000ec4                __bss_end__ = .

.heap           0x0000000020000ec4      0x800
                0x0000000020000ec4                __end__ = .
                0x0000000020000ec4                end = __end__
 *(.heap*)
 .heap          0x0000000020000ec4      0x800 CMakeFiles/SerialBuffer.dir/home/pi/pico/pico-sdk/src/rp2_common/pico_standard_link/crt0.S.obj
                0x00000000200016c4                __HeapLimit = .

.stack1_dummy   0x0000000020040000        0x0
 *(.stack1*)

.stack_dummy    0x0000000020041000      0x800
 *(.stack*)
 .stack         0x0000000020041000      0x800 CMakeFiles/SerialBuffer.dir/home/pi/pico/pico-sdk/src/rp2_common/pico_standard_link/crt0.S.obj

.flash_end      0x0000000010006188        0x0
                0x0000000010006188                __flash_binary_end = .
                0x0000000020040000                __StackLimit = (ORIGIN (RAM) + LENGTH (RAM))
                0x0000000020041000                __StackOneTop = (ORIGIN (SCRATCH_X) + LENGTH (SCRATCH_X))
                0x0000000020042000                __StackTop = (ORIGIN (SCRATCH_Y) + LENGTH (SCRATCH_Y))
                0x0000000020041000                __StackOneBottom = (__StackOneTop - SIZEOF (.stack1_dummy))
                0x0000000020041800                __StackBottom = (__StackTop - SIZEOF (.stack_dummy))
                0x0000000020042000                PROVIDE (__stack = __StackTop)
                0x0000000000000001                ASSERT ((__StackLimit >= __HeapLimit), region RAM overflowed)
                0x0000000000000001                ASSERT (((__binary_info_header_end - __logical_binary_start) <= 0x100), Binary info must be in first 256 bytes of the binary)
LOAD CMakeFiles/SerialBuffer.dir/main.c.obj
LOAD CMakeFiles/SerialBuffer.dir/fifo.c.obj
LOAD CMakeFiles/SerialBuffer.dir/home/pi/pico/pico-sdk/src/rp2_common/pico_stdlib/stdlib.c.obj
LOAD CMakeFiles/SerialBuffer.dir/home/pi/pico/pico-sdk/src/rp2_common/hardware_gpio/gpio.c.obj
LOAD CMakeFiles/SerialBuffer.dir/home/pi/pico/pico-sdk/src/rp2_common/hardware_claim/claim.c.obj
LOAD CMakeFiles/SerialBuffer.dir/home/pi/pico/pico-sdk/src/rp2_common/pico_platform/platform.c.obj
LOAD CMakeFiles/SerialBuffer.dir/home/pi/pico/pico-sdk/src/rp2_common/hardware_sync/sync.c.obj
LOAD CMakeFiles/SerialBuffer.dir/home/pi/pico/pico-sdk/src/rp2_common/hardware_irq/irq.c.obj
LOAD CMakeFiles/SerialBuffer.dir/home/pi/pico/pico-sdk/src/rp2_common/hardware_irq/irq_handler_chain.S.obj
LOAD CMakeFiles/SerialBuffer.dir/home/pi/pico/pico-sdk/src/common/pico_sync/sem.c.obj
LOAD CMakeFiles/SerialBuffer.dir/home/pi/pico/pico-sdk/src/common/pico_sync/lock_core.c.obj
LOAD CMakeFiles/SerialBuffer.dir/home/pi/pico/pico-sdk/src/common/pico_time/time.c.obj
LOAD CMakeFiles/SerialBuffer.dir/home/pi/pico/pico-sdk/src/common/pico_time/timeout_helper.c.obj
LOAD CMakeFiles/SerialBuffer.dir/home/pi/pico/pico-sdk/src/rp2_common/hardware_timer/timer.c.obj
LOAD CMakeFiles/SerialBuffer.dir/home/pi/pico/pico-sdk/src/common/pico_util/datetime.c.obj
LOAD CMakeFiles/SerialBuffer.dir/home/pi/pico/pico-sdk/src/common/pico_util/pheap.c.obj
LOAD CMakeFiles/SerialBuffer.dir/home/pi/pico/pico-sdk/src/common/pico_util/queue.c.obj
LOAD CMakeFiles/SerialBuffer.dir/home/pi/pico/pico-sdk/src/common/pico_sync/mutex.c.obj
LOAD CMakeFiles/SerialBuffer.dir/home/pi/pico/pico-sdk/src/common/pico_sync/critical_section.c.obj
LOAD CMakeFiles/SerialBuffer.dir/home/pi/pico/pico-sdk/src/rp2_common/hardware_uart/uart.c.obj
LOAD CMakeFiles/SerialBuffer.dir/home/pi/pico/pico-sdk/src/rp2_common/hardware_divider/divider.S.obj
LOAD CMakeFiles/SerialBuffer.dir/home/pi/pico/pico-sdk/src/rp2_common/pico_runtime/runtime.c.obj
LOAD CMakeFiles/SerialBuffer.dir/home/pi/pico/pico-sdk/src/rp2_common/hardware_clocks/clocks.c.obj
LOAD CMakeFiles/SerialBuffer.dir/home/pi/pico/pico-sdk/src/rp2_common/hardware_pll/pll.c.obj
LOAD CMakeFiles/SerialBuffer.dir/home/pi/pico/pico-sdk/src/rp2_common/hardware_vreg/vreg.c.obj
LOAD CMakeFiles/SerialBuffer.dir/home/pi/pico/pico-sdk/src/rp2_common/hardware_watchdog/watchdog.c.obj
LOAD CMakeFiles/SerialBuffer.dir/home/pi/pico/pico-sdk/src/rp2_common/hardware_xosc/xosc.c.obj
LOAD CMakeFiles/SerialBuffer.dir/home/pi/pico/pico-sdk/src/rp2_common/pico_printf/printf.c.obj
LOAD CMakeFiles/SerialBuffer.dir/home/pi/pico/pico-sdk/src/rp2_common/pico_bit_ops/bit_ops_aeabi.S.obj
LOAD CMakeFiles/SerialBuffer.dir/home/pi/pico/pico-sdk/src/rp2_common/pico_bootrom/bootrom.c.obj
LOAD CMakeFiles/SerialBuffer.dir/home/pi/pico/pico-sdk/src/rp2_common/pico_divider/divider.S.obj
LOAD CMakeFiles/SerialBuffer.dir/home/pi/pico/pico-sdk/src/rp2_common/pico_double/double_aeabi.S.obj
LOAD CMakeFiles/SerialBuffer.dir/home/pi/pico/pico-sdk/src/rp2_common/pico_double/double_init_rom.c.obj
LOAD CMakeFiles/SerialBuffer.dir/home/pi/pico/pico-sdk/src/rp2_common/pico_double/double_math.c.obj
LOAD CMakeFiles/SerialBuffer.dir/home/pi/pico/pico-sdk/src/rp2_common/pico_double/double_v1_rom_shim.S.obj
LOAD CMakeFiles/SerialBuffer.dir/home/pi/pico/pico-sdk/src/rp2_common/pico_int64_ops/pico_int64_ops_aeabi.S.obj
LOAD CMakeFiles/SerialBuffer.dir/home/pi/pico/pico-sdk/src/rp2_common/pico_float/float_aeabi.S.obj
LOAD CMakeFiles/SerialBuffer.dir/home/pi/pico/pico-sdk/src/rp2_common/pico_float/float_init_rom.c.obj
LOAD CMakeFiles/SerialBuffer.dir/home/pi/pico/pico-sdk/src/rp2_common/pico_float/float_math.c.obj
LOAD CMakeFiles/SerialBuffer.dir/home/pi/pico/pico-sdk/src/rp2_common/pico_float/float_v1_rom_shim.S.obj
LOAD CMakeFiles/SerialBuffer.dir/home/pi/pico/pico-sdk/src/rp2_common/pico_malloc/pico_malloc.c.obj
LOAD CMakeFiles/SerialBuffer.dir/home/pi/pico/pico-sdk/src/rp2_common/pico_mem_ops/mem_ops_aeabi.S.obj
LOAD CMakeFiles/SerialBuffer.dir/home/pi/pico/pico-sdk/src/rp2_common/pico_standard_link/crt0.S.obj
LOAD CMakeFiles/SerialBuffer.dir/home/pi/pico/pico-sdk/src/rp2_common/pico_standard_link/new_delete.cpp.obj
LOAD CMakeFiles/SerialBuffer.dir/home/pi/pico/pico-sdk/src/rp2_common/pico_standard_link/binary_info.c.obj
LOAD CMakeFiles/SerialBuffer.dir/home/pi/pico/pico-sdk/src/rp2_common/pico_stdio/stdio.c.obj
LOAD CMakeFiles/SerialBuffer.dir/home/pi/pico/pico-sdk/src/rp2_common/pico_stdio_uart/stdio_uart.c.obj
LOAD /tmp/cclmz1ak.o
LOAD /usr/lib/gcc/arm-none-eabi/8.3.1/../../../arm-none-eabi/lib/thumb/v6-m/nofp/libstdc++.a
LOAD /usr/lib/gcc/arm-none-eabi/8.3.1/../../../arm-none-eabi/lib/thumb/v6-m/nofp/libm.a
START GROUP
LOAD /usr/lib/gcc/arm-none-eabi/8.3.1/thumb/v6-m/nofp/libgcc.a
LOAD /usr/lib/gcc/arm-none-eabi/8.3.1/../../../arm-none-eabi/lib/thumb/v6-m/nofp/libg.a
LOAD /usr/lib/gcc/arm-none-eabi/8.3.1/../../../arm-none-eabi/lib/thumb/v6-m/nofp/libc.a
END GROUP
START GROUP
LOAD /usr/lib/gcc/arm-none-eabi/8.3.1/thumb/v6-m/nofp/libgcc.a
LOAD /usr/lib/gcc/arm-none-eabi/8.3.1/../../../arm-none-eabi/lib/thumb/v6-m/nofp/libc.a
LOAD /usr/lib/gcc/arm-none-eabi/8.3.1/../../../arm-none-eabi/lib/thumb/v6-m/nofp/libnosys.a
END GROUP
LOAD /usr/lib/gcc/arm-none-eabi/8.3.1/thumb/v6-m/nofp/crtend.o
LOAD /usr/lib/gcc/arm-none-eabi/8.3.1/thumb/v6-m/nofp/crtn.o
OUTPUT(SerialBuffer.elf elf32-littlearm)
LOAD linker stubs

.ARM.attributes
                0x0000000000000000       0x28
 .ARM.attributes
                0x0000000000000000       0x1e /usr/lib/gcc/arm-none-eabi/8.3.1/thumb/v6-m/nofp/crti.o
 .ARM.attributes
                0x000000000000001e       0x2c /usr/lib/gcc/arm-none-eabi/8.3.1/thumb/v6-m/nofp/crtbegin.o
 .ARM.attributes
                0x000000000000004a       0x2c CMakeFiles/SerialBuffer.dir/main.c.obj
 .ARM.attributes
                0x0000000000000076       0x2c CMakeFiles/SerialBuffer.dir/fifo.c.obj
 .ARM.attributes
                0x00000000000000a2       0x2c CMakeFiles/SerialBuffer.dir/home/pi/pico/pico-sdk/src/rp2_common/hardware_gpio/gpio.c.obj
 .ARM.attributes
                0x00000000000000ce       0x2c CMakeFiles/SerialBuffer.dir/home/pi/pico/pico-sdk/src/rp2_common/hardware_claim/claim.c.obj
 .ARM.attributes
                0x00000000000000fa       0x2c CMakeFiles/SerialBuffer.dir/home/pi/pico/pico-sdk/src/rp2_common/pico_platform/platform.c.obj
 .ARM.attributes
                0x0000000000000126       0x2c CMakeFiles/SerialBuffer.dir/home/pi/pico/pico-sdk/src/rp2_common/hardware_sync/sync.c.obj
 .ARM.attributes
                0x0000000000000152       0x2c CMakeFiles/SerialBuffer.dir/home/pi/pico/pico-sdk/src/rp2_common/hardware_irq/irq.c.obj
 .ARM.attributes
                0x000000000000017e       0x22 CMakeFiles/SerialBuffer.dir/home/pi/pico/pico-sdk/src/rp2_common/hardware_irq/irq_handler_chain.S.obj
 .ARM.attributes
                0x00000000000001a0       0x2c CMakeFiles/SerialBuffer.dir/home/pi/pico/pico-sdk/src/common/pico_sync/lock_core.c.obj
 .ARM.attributes
                0x00000000000001cc       0x2c CMakeFiles/SerialBuffer.dir/home/pi/pico/pico-sdk/src/common/pico_time/time.c.obj
 .ARM.attributes
                0x00000000000001f8       0x2c CMakeFiles/SerialBuffer.dir/home/pi/pico/pico-sdk/src/rp2_common/hardware_timer/timer.c.obj
 .ARM.attributes
                0x0000000000000224       0x2c CMakeFiles/SerialBuffer.dir/home/pi/pico/pico-sdk/src/common/pico_util/pheap.c.obj
 .ARM.attributes
                0x0000000000000250       0x2c CMakeFiles/SerialBuffer.dir/home/pi/pico/pico-sdk/src/common/pico_sync/mutex.c.obj
 .ARM.attributes
                0x000000000000027c       0x2c CMakeFiles/SerialBuffer.dir/home/pi/pico/pico-sdk/src/rp2_common/hardware_uart/uart.c.obj
 .ARM.attributes
                0x00000000000002a8       0x2c CMakeFiles/SerialBuffer.dir/home/pi/pico/pico-sdk/src/rp2_common/pico_runtime/runtime.c.obj
 .ARM.attributes
                0x00000000000002d4       0x2c CMakeFiles/SerialBuffer.dir/home/pi/pico/pico-sdk/src/rp2_common/hardware_clocks/clocks.c.obj
 .ARM.attributes
                0x0000000000000300       0x2c CMakeFiles/SerialBuffer.dir/home/pi/pico/pico-sdk/src/rp2_common/hardware_pll/pll.c.obj
 .ARM.attributes
                0x000000000000032c       0x2c CMakeFiles/SerialBuffer.dir/home/pi/pico/pico-sdk/src/rp2_common/hardware_watchdog/watchdog.c.obj
 .ARM.attributes
                0x0000000000000358       0x2c CMakeFiles/SerialBuffer.dir/home/pi/pico/pico-sdk/src/rp2_common/hardware_xosc/xosc.c.obj
 .ARM.attributes
                0x0000000000000384       0x2c CMakeFiles/SerialBuffer.dir/home/pi/pico/pico-sdk/src/rp2_common/pico_printf/printf.c.obj
 .ARM.attributes
                0x00000000000003b0       0x22 CMakeFiles/SerialBuffer.dir/home/pi/pico/pico-sdk/src/rp2_common/pico_bit_ops/bit_ops_aeabi.S.obj
 .ARM.attributes
                0x00000000000003d2       0x2c CMakeFiles/SerialBuffer.dir/home/pi/pico/pico-sdk/src/rp2_common/pico_bootrom/bootrom.c.obj
 .ARM.attributes
                0x00000000000003fe       0x22 CMakeFiles/SerialBuffer.dir/home/pi/pico/pico-sdk/src/rp2_common/pico_divider/divider.S.obj
 .ARM.attributes
                0x0000000000000420       0x22 CMakeFiles/SerialBuffer.dir/home/pi/pico/pico-sdk/src/rp2_common/pico_double/double_aeabi.S.obj
 .ARM.attributes
                0x0000000000000442       0x2c CMakeFiles/SerialBuffer.dir/home/pi/pico/pico-sdk/src/rp2_common/pico_double/double_init_rom.c.obj
 .ARM.attributes
                0x000000000000046e       0x22 CMakeFiles/SerialBuffer.dir/home/pi/pico/pico-sdk/src/rp2_common/pico_double/double_v1_rom_shim.S.obj
 .ARM.attributes
                0x0000000000000490       0x22 CMakeFiles/SerialBuffer.dir/home/pi/pico/pico-sdk/src/rp2_common/pico_float/float_aeabi.S.obj
 .ARM.attributes
                0x00000000000004b2       0x2c CMakeFiles/SerialBuffer.dir/home/pi/pico/pico-sdk/src/rp2_common/pico_float/float_init_rom.c.obj
 .ARM.attributes
                0x00000000000004de       0x22 CMakeFiles/SerialBuffer.dir/home/pi/pico/pico-sdk/src/rp2_common/pico_float/float_v1_rom_shim.S.obj
 .ARM.attributes
                0x0000000000000500       0x2c CMakeFiles/SerialBuffer.dir/home/pi/pico/pico-sdk/src/rp2_common/pico_malloc/pico_malloc.c.obj
 .ARM.attributes
                0x000000000000052c       0x22 CMakeFiles/SerialBuffer.dir/home/pi/pico/pico-sdk/src/rp2_common/pico_mem_ops/mem_ops_aeabi.S.obj
 .ARM.attributes
                0x000000000000054e       0x22 CMakeFiles/SerialBuffer.dir/home/pi/pico/pico-sdk/src/rp2_common/pico_standard_link/crt0.S.obj
 .ARM.attributes
                0x0000000000000570       0x32 CMakeFiles/SerialBuffer.dir/home/pi/pico/pico-sdk/src/rp2_common/pico_standard_link/binary_info.c.obj
 .ARM.attributes
                0x00000000000005a2       0x2c CMakeFiles/SerialBuffer.dir/home/pi/pico/pico-sdk/src/rp2_common/pico_stdio/stdio.c.obj
 .ARM.attributes
                0x00000000000005ce       0x22 /tmp/cclmz1ak.o
 .ARM.attributes
                0x00000000000005f0       0x1e /usr/lib/gcc/arm-none-eabi/8.3.1/thumb/v6-m/nofp/libgcc.a(_dvmd_tls.o)
 .ARM.attributes
                0x000000000000060e       0x2c /usr/lib/gcc/arm-none-eabi/8.3.1/../../../arm-none-eabi/lib/thumb/v6-m/nofp/libg.a(lib_a-impure.o)
 .ARM.attributes
                0x000000000000063a       0x2c /usr/lib/gcc/arm-none-eabi/8.3.1/../../../arm-none-eabi/lib/thumb/v6-m/nofp/libg.a(lib_a-malloc.o)
 .ARM.attributes
                0x0000000000000666       0x2c /usr/lib/gcc/arm-none-eabi/8.3.1/../../../arm-none-eabi/lib/thumb/v6-m/nofp/libg.a(lib_a-mallocr.o)
 .ARM.attributes
                0x0000000000000692       0x2c /usr/lib/gcc/arm-none-eabi/8.3.1/../../../arm-none-eabi/lib/thumb/v6-m/nofp/libg.a(lib_a-mlock.o)
 .ARM.attributes
                0x00000000000006be       0x2c /usr/lib/gcc/arm-none-eabi/8.3.1/../../../arm-none-eabi/lib/thumb/v6-m/nofp/libg.a(lib_a-sbrkr.o)
 .ARM.attributes
                0x00000000000006ea       0x2c /usr/lib/gcc/arm-none-eabi/8.3.1/../../../arm-none-eabi/lib/thumb/v6-m/nofp/libg.a(lib_a-strlen-stub.o)
 .ARM.attributes
                0x0000000000000716       0x2c /usr/lib/gcc/arm-none-eabi/8.3.1/../../../arm-none-eabi/lib/thumb/v6-m/nofp/libg.a(lib_a-freer.o)
 .ARM.attributes
                0x0000000000000742       0x2c /usr/lib/gcc/arm-none-eabi/8.3.1/../../../arm-none-eabi/lib/thumb/v6-m/nofp/libg.a(lib_a-reent.o)
 .ARM.attributes
                0x000000000000076e       0x2c /usr/lib/gcc/arm-none-eabi/8.3.1/thumb/v6-m/nofp/crtend.o

.comment        0x0000000000000000       0x9f
 .comment       0x0000000000000000       0x51 /usr/lib/gcc/arm-none-eabi/8.3.1/thumb/v6-m/nofp/crtbegin.o
                                         0x52 (size before relaxing)
 .comment       0x0000000000000051       0x52 CMakeFiles/SerialBuffer.dir/main.c.obj
 .comment       0x0000000000000051       0x52 CMakeFiles/SerialBuffer.dir/fifo.c.obj
 .comment       0x0000000000000051       0x52 CMakeFiles/SerialBuffer.dir/home/pi/pico/pico-sdk/src/rp2_common/hardware_gpio/gpio.c.obj
 .comment       0x0000000000000051       0x52 CMakeFiles/SerialBuffer.dir/home/pi/pico/pico-sdk/src/rp2_common/hardware_claim/claim.c.obj
 .comment       0x0000000000000051       0x52 CMakeFiles/SerialBuffer.dir/home/pi/pico/pico-sdk/src/rp2_common/pico_platform/platform.c.obj
 .comment       0x0000000000000051       0x52 CMakeFiles/SerialBuffer.dir/home/pi/pico/pico-sdk/src/rp2_common/hardware_sync/sync.c.obj
 .comment       0x0000000000000051       0x52 CMakeFiles/SerialBuffer.dir/home/pi/pico/pico-sdk/src/rp2_common/hardware_irq/irq.c.obj
 .comment       0x0000000000000051       0x52 CMakeFiles/SerialBuffer.dir/home/pi/pico/pico-sdk/src/common/pico_sync/lock_core.c.obj
 .comment       0x0000000000000051       0x52 CMakeFiles/SerialBuffer.dir/home/pi/pico/pico-sdk/src/common/pico_time/time.c.obj
 .comment       0x0000000000000051       0x52 CMakeFiles/SerialBuffer.dir/home/pi/pico/pico-sdk/src/rp2_common/hardware_timer/timer.c.obj
 .comment       0x0000000000000051       0x52 CMakeFiles/SerialBuffer.dir/home/pi/pico/pico-sdk/src/common/pico_util/pheap.c.obj
 .comment       0x0000000000000051       0x52 CMakeFiles/SerialBuffer.dir/home/pi/pico/pico-sdk/src/common/pico_sync/mutex.c.obj
 .comment       0x0000000000000051       0x52 CMakeFiles/SerialBuffer.dir/home/pi/pico/pico-sdk/src/rp2_common/hardware_uart/uart.c.obj
 .comment       0x0000000000000051       0x52 CMakeFiles/SerialBuffer.dir/home/pi/pico/pico-sdk/src/rp2_common/pico_runtime/runtime.c.obj
 .comment       0x0000000000000051       0x52 CMakeFiles/SerialBuffer.dir/home/pi/pico/pico-sdk/src/rp2_common/hardware_clocks/clocks.c.obj
 .comment       0x0000000000000051       0x52 CMakeFiles/SerialBuffer.dir/home/pi/pico/pico-sdk/src/rp2_common/hardware_pll/pll.c.obj
 .comment       0x0000000000000051       0x52 CMakeFiles/SerialBuffer.dir/home/pi/pico/pico-sdk/src/rp2_common/hardware_watchdog/watchdog.c.obj
 .comment       0x0000000000000051       0x52 CMakeFiles/SerialBuffer.dir/home/pi/pico/pico-sdk/src/rp2_common/hardware_xosc/xosc.c.obj
 .comment       0x0000000000000051       0x52 CMakeFiles/SerialBuffer.dir/home/pi/pico/pico-sdk/src/rp2_common/pico_printf/printf.c.obj
 .comment       0x0000000000000051       0x52 CMakeFiles/SerialBuffer.dir/home/pi/pico/pico-sdk/src/rp2_common/pico_bootrom/bootrom.c.obj
 .comment       0x0000000000000051       0x52 CMakeFiles/SerialBuffer.dir/home/pi/pico/pico-sdk/src/rp2_common/pico_double/double_init_rom.c.obj
 .comment       0x0000000000000051       0x52 CMakeFiles/SerialBuffer.dir/home/pi/pico/pico-sdk/src/rp2_common/pico_float/float_init_rom.c.obj
 .comment       0x0000000000000051       0x52 CMakeFiles/SerialBuffer.dir/home/pi/pico/pico-sdk/src/rp2_common/pico_malloc/pico_malloc.c.obj
 .comment       0x0000000000000051       0x52 CMakeFiles/SerialBuffer.dir/home/pi/pico/pico-sdk/src/rp2_common/pico_standard_link/binary_info.c.obj
 .comment       0x0000000000000051       0x52 CMakeFiles/SerialBuffer.dir/home/pi/pico/pico-sdk/src/rp2_common/pico_stdio/stdio.c.obj
 .comment       0x0000000000000051       0x4e /usr/lib/gcc/arm-none-eabi/8.3.1/../../../arm-none-eabi/lib/thumb/v6-m/nofp/libg.a(lib_a-impure.o)
                                         0x4f (size before relaxing)
 .comment       0x000000000000009f       0x4f /usr/lib/gcc/arm-none-eabi/8.3.1/../../../arm-none-eabi/lib/thumb/v6-m/nofp/libg.a(lib_a-malloc.o)
 .comment       0x000000000000009f       0x4f /usr/lib/gcc/arm-none-eabi/8.3.1/../../../arm-none-eabi/lib/thumb/v6-m/nofp/libg.a(lib_a-mallocr.o)
 .comment       0x000000000000009f       0x4f /usr/lib/gcc/arm-none-eabi/8.3.1/../../../arm-none-eabi/lib/thumb/v6-m/nofp/libg.a(lib_a-mlock.o)
 .comment       0x000000000000009f       0x4f /usr/lib/gcc/arm-none-eabi/8.3.1/../../../arm-none-eabi/lib/thumb/v6-m/nofp/libg.a(lib_a-sbrkr.o)
 .comment       0x000000000000009f       0x4f /usr/lib/gcc/arm-none-eabi/8.3.1/../../../arm-none-eabi/lib/thumb/v6-m/nofp/libg.a(lib_a-strlen-stub.o)
 .comment       0x000000000000009f       0x4f /usr/lib/gcc/arm-none-eabi/8.3.1/../../../arm-none-eabi/lib/thumb/v6-m/nofp/libg.a(lib_a-freer.o)
 .comment       0x000000000000009f       0x4f /usr/lib/gcc/arm-none-eabi/8.3.1/../../../arm-none-eabi/lib/thumb/v6-m/nofp/libg.a(lib_a-reent.o)
 .comment       0x000000000000009f       0x52 /usr/lib/gcc/arm-none-eabi/8.3.1/thumb/v6-m/nofp/crtend.o

.debug_info     0x0000000000000000    0x1f695
 .debug_info    0x0000000000000000     0x1c8b CMakeFiles/SerialBuffer.dir/main.c.obj
 .debug_info    0x0000000000001c8b      0x9fa CMakeFiles/SerialBuffer.dir/fifo.c.obj
 .debug_info    0x0000000000002685     0x16a5 CMakeFiles/SerialBuffer.dir/home/pi/pico/pico-sdk/src/rp2_common/hardware_gpio/gpio.c.obj
 .debug_info    0x0000000000003d2a      0x6a7 CMakeFiles/SerialBuffer.dir/home/pi/pico/pico-sdk/src/rp2_common/hardware_claim/claim.c.obj
 .debug_info    0x00000000000043d1      0x1cb CMakeFiles/SerialBuffer.dir/home/pi/pico/pico-sdk/src/rp2_common/pico_platform/platform.c.obj
 .debug_info    0x000000000000459c      0x591 CMakeFiles/SerialBuffer.dir/home/pi/pico/pico-sdk/src/rp2_common/hardware_sync/sync.c.obj
 .debug_info    0x0000000000004b2d     0x1c91 CMakeFiles/SerialBuffer.dir/home/pi/pico/pico-sdk/src/rp2_common/hardware_irq/irq.c.obj
 .debug_info    0x00000000000067be       0x26 CMakeFiles/SerialBuffer.dir/home/pi/pico/pico-sdk/src/rp2_common/hardware_irq/irq_handler_chain.S.obj
 .debug_info    0x00000000000067e4      0x1ed CMakeFiles/SerialBuffer.dir/home/pi/pico/pico-sdk/src/common/pico_sync/lock_core.c.obj
 .debug_info    0x00000000000069d1     0x43ec CMakeFiles/SerialBuffer.dir/home/pi/pico/pico-sdk/src/common/pico_time/time.c.obj
 .debug_info    0x000000000000adbd     0x10dc CMakeFiles/SerialBuffer.dir/home/pi/pico/pico-sdk/src/rp2_common/hardware_timer/timer.c.obj
 .debug_info    0x000000000000be99     0x1aab CMakeFiles/SerialBuffer.dir/home/pi/pico/pico-sdk/src/common/pico_util/pheap.c.obj
 .debug_info    0x000000000000d944     0x2045 CMakeFiles/SerialBuffer.dir/home/pi/pico/pico-sdk/src/common/pico_sync/mutex.c.obj
 .debug_info    0x000000000000f989      0xb37 CMakeFiles/SerialBuffer.dir/home/pi/pico/pico-sdk/src/rp2_common/hardware_uart/uart.c.obj
 .debug_info    0x00000000000104c0     0x1341 CMakeFiles/SerialBuffer.dir/home/pi/pico/pico-sdk/src/rp2_common/pico_runtime/runtime.c.obj
 .debug_info    0x0000000000011801      0xedd CMakeFiles/SerialBuffer.dir/home/pi/pico/pico-sdk/src/rp2_common/hardware_clocks/clocks.c.obj
 .debug_info    0x00000000000126de      0x517 CMakeFiles/SerialBuffer.dir/home/pi/pico/pico-sdk/src/rp2_common/hardware_pll/pll.c.obj
 .debug_info    0x0000000000012bf5      0xd7d CMakeFiles/SerialBuffer.dir/home/pi/pico/pico-sdk/src/rp2_common/hardware_watchdog/watchdog.c.obj
 .debug_info    0x0000000000013972      0x1b8 CMakeFiles/SerialBuffer.dir/home/pi/pico/pico-sdk/src/rp2_common/hardware_xosc/xosc.c.obj
 .debug_info    0x0000000000013b2a     0x2032 CMakeFiles/SerialBuffer.dir/home/pi/pico/pico-sdk/src/rp2_common/pico_printf/printf.c.obj
 .debug_info    0x0000000000015b5c       0x22 CMakeFiles/SerialBuffer.dir/home/pi/pico/pico-sdk/src/rp2_common/pico_bit_ops/bit_ops_aeabi.S.obj
 .debug_info    0x0000000000015b7e      0x262 CMakeFiles/SerialBuffer.dir/home/pi/pico/pico-sdk/src/rp2_common/pico_bootrom/bootrom.c.obj
 .debug_info    0x0000000000015de0       0x22 CMakeFiles/SerialBuffer.dir/home/pi/pico/pico-sdk/src/rp2_common/pico_divider/divider.S.obj
 .debug_info    0x0000000000015e02       0x22 CMakeFiles/SerialBuffer.dir/home/pi/pico/pico-sdk/src/rp2_common/pico_double/double_aeabi.S.obj
 .debug_info    0x0000000000015e24      0xb2a CMakeFiles/SerialBuffer.dir/home/pi/pico/pico-sdk/src/rp2_common/pico_double/double_init_rom.c.obj
 .debug_info    0x000000000001694e       0x22 CMakeFiles/SerialBuffer.dir/home/pi/pico/pico-sdk/src/rp2_common/pico_double/double_v1_rom_shim.S.obj
 .debug_info    0x0000000000016970       0x22 CMakeFiles/SerialBuffer.dir/home/pi/pico/pico-sdk/src/rp2_common/pico_float/float_aeabi.S.obj
 .debug_info    0x0000000000016992      0xb44 CMakeFiles/SerialBuffer.dir/home/pi/pico/pico-sdk/src/rp2_common/pico_float/float_init_rom.c.obj
 .debug_info    0x00000000000174d6       0x22 CMakeFiles/SerialBuffer.dir/home/pi/pico/pico-sdk/src/rp2_common/pico_float/float_v1_rom_shim.S.obj
 .debug_info    0x00000000000174f8      0xbce CMakeFiles/SerialBuffer.dir/home/pi/pico/pico-sdk/src/rp2_common/pico_malloc/pico_malloc.c.obj
 .debug_info    0x00000000000180c6       0x22 CMakeFiles/SerialBuffer.dir/home/pi/pico/pico-sdk/src/rp2_common/pico_mem_ops/mem_ops_aeabi.S.obj
 .debug_info    0x00000000000180e8       0x22 CMakeFiles/SerialBuffer.dir/home/pi/pico/pico-sdk/src/rp2_common/pico_standard_link/crt0.S.obj
 .debug_info    0x000000000001810a      0x2c6 CMakeFiles/SerialBuffer.dir/home/pi/pico/pico-sdk/src/rp2_common/pico_standard_link/binary_info.c.obj
 .debug_info    0x00000000000183d0     0x1b7b CMakeFiles/SerialBuffer.dir/home/pi/pico/pico-sdk/src/rp2_common/pico_stdio/stdio.c.obj
 .debug_info    0x0000000000019f4b       0x26 /usr/lib/gcc/arm-none-eabi/8.3.1/thumb/v6-m/nofp/libgcc.a(_dvmd_tls.o)
 .debug_info    0x0000000000019f71      0x92a /usr/lib/gcc/arm-none-eabi/8.3.1/../../../arm-none-eabi/lib/thumb/v6-m/nofp/libg.a(lib_a-impure.o)
 .debug_info    0x000000000001a89b      0x9b6 /usr/lib/gcc/arm-none-eabi/8.3.1/../../../arm-none-eabi/lib/thumb/v6-m/nofp/libg.a(lib_a-malloc.o)
 .debug_info    0x000000000001b251      0xf1a /usr/lib/gcc/arm-none-eabi/8.3.1/../../../arm-none-eabi/lib/thumb/v6-m/nofp/libg.a(lib_a-mallocr.o)
 .debug_info    0x000000000001c16b      0x961 /usr/lib/gcc/arm-none-eabi/8.3.1/../../../arm-none-eabi/lib/thumb/v6-m/nofp/libg.a(lib_a-mlock.o)
 .debug_info    0x000000000001cacc      0x9fb /usr/lib/gcc/arm-none-eabi/8.3.1/../../../arm-none-eabi/lib/thumb/v6-m/nofp/libg.a(lib_a-sbrkr.o)
 .debug_info    0x000000000001d4c7      0x973 /usr/lib/gcc/arm-none-eabi/8.3.1/../../../arm-none-eabi/lib/thumb/v6-m/nofp/libg.a(lib_a-strlen-stub.o)
 .debug_info    0x000000000001de3a      0xd99 /usr/lib/gcc/arm-none-eabi/8.3.1/../../../arm-none-eabi/lib/thumb/v6-m/nofp/libg.a(lib_a-freer.o)
 .debug_info    0x000000000001ebd3      0xac2 /usr/lib/gcc/arm-none-eabi/8.3.1/../../../arm-none-eabi/lib/thumb/v6-m/nofp/libg.a(lib_a-reent.o)

.debug_abbrev   0x0000000000000000     0x6086
 .debug_abbrev  0x0000000000000000      0x4a2 CMakeFiles/SerialBuffer.dir/main.c.obj
 .debug_abbrev  0x00000000000004a2      0x217 CMakeFiles/SerialBuffer.dir/fifo.c.obj
 .debug_abbrev  0x00000000000006b9      0x32f CMakeFiles/SerialBuffer.dir/home/pi/pico/pico-sdk/src/rp2_common/hardware_gpio/gpio.c.obj
 .debug_abbrev  0x00000000000009e8      0x2fb CMakeFiles/SerialBuffer.dir/home/pi/pico/pico-sdk/src/rp2_common/hardware_claim/claim.c.obj
 .debug_abbrev  0x0000000000000ce3       0xeb CMakeFiles/SerialBuffer.dir/home/pi/pico/pico-sdk/src/rp2_common/pico_platform/platform.c.obj
 .debug_abbrev  0x0000000000000dce      0x224 CMakeFiles/SerialBuffer.dir/home/pi/pico/pico-sdk/src/rp2_common/hardware_sync/sync.c.obj
 .debug_abbrev  0x0000000000000ff2      0x514 CMakeFiles/SerialBuffer.dir/home/pi/pico/pico-sdk/src/rp2_common/hardware_irq/irq.c.obj
 .debug_abbrev  0x0000000000001506       0x14 CMakeFiles/SerialBuffer.dir/home/pi/pico/pico-sdk/src/rp2_common/hardware_irq/irq_handler_chain.S.obj
 .debug_abbrev  0x000000000000151a      0x141 CMakeFiles/SerialBuffer.dir/home/pi/pico/pico-sdk/src/common/pico_sync/lock_core.c.obj
 .debug_abbrev  0x000000000000165b      0x63a CMakeFiles/SerialBuffer.dir/home/pi/pico/pico-sdk/src/common/pico_time/time.c.obj
 .debug_abbrev  0x0000000000001c95      0x3c7 CMakeFiles/SerialBuffer.dir/home/pi/pico/pico-sdk/src/rp2_common/hardware_timer/timer.c.obj
 .debug_abbrev  0x000000000000205c      0x3ad CMakeFiles/SerialBuffer.dir/home/pi/pico/pico-sdk/src/common/pico_util/pheap.c.obj
 .debug_abbrev  0x0000000000002409      0x3a2 CMakeFiles/SerialBuffer.dir/home/pi/pico/pico-sdk/src/common/pico_sync/mutex.c.obj
 .debug_abbrev  0x00000000000027ab      0x2e1 CMakeFiles/SerialBuffer.dir/home/pi/pico/pico-sdk/src/rp2_common/hardware_uart/uart.c.obj
 .debug_abbrev  0x0000000000002a8c      0x4aa CMakeFiles/SerialBuffer.dir/home/pi/pico/pico-sdk/src/rp2_common/pico_runtime/runtime.c.obj
 .debug_abbrev  0x0000000000002f36      0x3c8 CMakeFiles/SerialBuffer.dir/home/pi/pico/pico-sdk/src/rp2_common/hardware_clocks/clocks.c.obj
 .debug_abbrev  0x00000000000032fe      0x1ee CMakeFiles/SerialBuffer.dir/home/pi/pico/pico-sdk/src/rp2_common/hardware_pll/pll.c.obj
 .debug_abbrev  0x00000000000034ec      0x2d8 CMakeFiles/SerialBuffer.dir/home/pi/pico/pico-sdk/src/rp2_common/hardware_watchdog/watchdog.c.obj
 .debug_abbrev  0x00000000000037c4      0x106 CMakeFiles/SerialBuffer.dir/home/pi/pico/pico-sdk/src/rp2_common/hardware_xosc/xosc.c.obj
 .debug_abbrev  0x00000000000038ca      0x4aa CMakeFiles/SerialBuffer.dir/home/pi/pico/pico-sdk/src/rp2_common/pico_printf/printf.c.obj
 .debug_abbrev  0x0000000000003d74       0x12 CMakeFiles/SerialBuffer.dir/home/pi/pico/pico-sdk/src/rp2_common/pico_bit_ops/bit_ops_aeabi.S.obj
 .debug_abbrev  0x0000000000003d86      0x144 CMakeFiles/SerialBuffer.dir/home/pi/pico/pico-sdk/src/rp2_common/pico_bootrom/bootrom.c.obj
 .debug_abbrev  0x0000000000003eca       0x12 CMakeFiles/SerialBuffer.dir/home/pi/pico/pico-sdk/src/rp2_common/pico_divider/divider.S.obj
 .debug_abbrev  0x0000000000003edc       0x12 CMakeFiles/SerialBuffer.dir/home/pi/pico/pico-sdk/src/rp2_common/pico_double/double_aeabi.S.obj
 .debug_abbrev  0x0000000000003eee      0x2c2 CMakeFiles/SerialBuffer.dir/home/pi/pico/pico-sdk/src/rp2_common/pico_double/double_init_rom.c.obj
 .debug_abbrev  0x00000000000041b0       0x12 CMakeFiles/SerialBuffer.dir/home/pi/pico/pico-sdk/src/rp2_common/pico_double/double_v1_rom_shim.S.obj
 .debug_abbrev  0x00000000000041c2       0x12 CMakeFiles/SerialBuffer.dir/home/pi/pico/pico-sdk/src/rp2_common/pico_float/float_aeabi.S.obj
 .debug_abbrev  0x00000000000041d4      0x2d5 CMakeFiles/SerialBuffer.dir/home/pi/pico/pico-sdk/src/rp2_common/pico_float/float_init_rom.c.obj
 .debug_abbrev  0x00000000000044a9       0x12 CMakeFiles/SerialBuffer.dir/home/pi/pico/pico-sdk/src/rp2_common/pico_float/float_v1_rom_shim.S.obj
 .debug_abbrev  0x00000000000044bb      0x2bb CMakeFiles/SerialBuffer.dir/home/pi/pico/pico-sdk/src/rp2_common/pico_malloc/pico_malloc.c.obj
 .debug_abbrev  0x0000000000004776       0x12 CMakeFiles/SerialBuffer.dir/home/pi/pico/pico-sdk/src/rp2_common/pico_mem_ops/mem_ops_aeabi.S.obj
 .debug_abbrev  0x0000000000004788       0x12 CMakeFiles/SerialBuffer.dir/home/pi/pico/pico-sdk/src/rp2_common/pico_standard_link/crt0.S.obj
 .debug_abbrev  0x000000000000479a       0xad CMakeFiles/SerialBuffer.dir/home/pi/pico/pico-sdk/src/rp2_common/pico_standard_link/binary_info.c.obj
 .debug_abbrev  0x0000000000004847      0x585 CMakeFiles/SerialBuffer.dir/home/pi/pico/pico-sdk/src/rp2_common/pico_stdio/stdio.c.obj
 .debug_abbrev  0x0000000000004dcc       0x14 /usr/lib/gcc/arm-none-eabi/8.3.1/thumb/v6-m/nofp/libgcc.a(_dvmd_tls.o)
 .debug_abbrev  0x0000000000004de0      0x1b8 /usr/lib/gcc/arm-none-eabi/8.3.1/../../../arm-none-eabi/lib/thumb/v6-m/nofp/libg.a(lib_a-impure.o)
 .debug_abbrev  0x0000000000004f98      0x22d /usr/lib/gcc/arm-none-eabi/8.3.1/../../../arm-none-eabi/lib/thumb/v6-m/nofp/libg.a(lib_a-malloc.o)
 .debug_abbrev  0x00000000000051c5      0x321 /usr/lib/gcc/arm-none-eabi/8.3.1/../../../arm-none-eabi/lib/thumb/v6-m/nofp/libg.a(lib_a-mallocr.o)
 .debug_abbrev  0x00000000000054e6      0x203 /usr/lib/gcc/arm-none-eabi/8.3.1/../../../arm-none-eabi/lib/thumb/v6-m/nofp/libg.a(lib_a-mlock.o)
 .debug_abbrev  0x00000000000056e9      0x250 /usr/lib/gcc/arm-none-eabi/8.3.1/../../../arm-none-eabi/lib/thumb/v6-m/nofp/libg.a(lib_a-sbrkr.o)
 .debug_abbrev  0x0000000000005939      0x1e8 /usr/lib/gcc/arm-none-eabi/8.3.1/../../../arm-none-eabi/lib/thumb/v6-m/nofp/libg.a(lib_a-strlen-stub.o)
 .debug_abbrev  0x0000000000005b21      0x2b9 /usr/lib/gcc/arm-none-eabi/8.3.1/../../../arm-none-eabi/lib/thumb/v6-m/nofp/libg.a(lib_a-freer.o)
 .debug_abbrev  0x0000000000005dda      0x2ac /usr/lib/gcc/arm-none-eabi/8.3.1/../../../arm-none-eabi/lib/thumb/v6-m/nofp/libg.a(lib_a-reent.o)

.debug_loc      0x0000000000000000     0xf3c8
 .debug_loc     0x0000000000000000      0x9bf CMakeFiles/SerialBuffer.dir/main.c.obj
 .debug_loc     0x00000000000009bf       0xd2 CMakeFiles/SerialBuffer.dir/fifo.c.obj
 .debug_loc     0x0000000000000a91     0x1160 CMakeFiles/SerialBuffer.dir/home/pi/pico/pico-sdk/src/rp2_common/hardware_gpio/gpio.c.obj
 .debug_loc     0x0000000000001bf1      0x43d CMakeFiles/SerialBuffer.dir/home/pi/pico/pico-sdk/src/rp2_common/hardware_claim/claim.c.obj
 .debug_loc     0x000000000000202e       0xe9 CMakeFiles/SerialBuffer.dir/home/pi/pico/pico-sdk/src/rp2_common/pico_platform/platform.c.obj
 .debug_loc     0x0000000000002117      0x233 CMakeFiles/SerialBuffer.dir/home/pi/pico/pico-sdk/src/rp2_common/hardware_sync/sync.c.obj
 .debug_loc     0x000000000000234a     0x13fa CMakeFiles/SerialBuffer.dir/home/pi/pico/pico-sdk/src/rp2_common/hardware_irq/irq.c.obj
 .debug_loc     0x0000000000003744       0x60 CMakeFiles/SerialBuffer.dir/home/pi/pico/pico-sdk/src/common/pico_sync/lock_core.c.obj
 .debug_loc     0x00000000000037a4     0x2e3d CMakeFiles/SerialBuffer.dir/home/pi/pico/pico-sdk/src/common/pico_time/time.c.obj
 .debug_loc     0x00000000000065e1      0x903 CMakeFiles/SerialBuffer.dir/home/pi/pico/pico-sdk/src/rp2_common/hardware_timer/timer.c.obj
 .debug_loc     0x0000000000006ee4     0x14b2 CMakeFiles/SerialBuffer.dir/home/pi/pico/pico-sdk/src/common/pico_util/pheap.c.obj
 .debug_loc     0x0000000000008396     0x1472 CMakeFiles/SerialBuffer.dir/home/pi/pico/pico-sdk/src/common/pico_sync/mutex.c.obj
 .debug_loc     0x0000000000009808      0x533 CMakeFiles/SerialBuffer.dir/home/pi/pico/pico-sdk/src/rp2_common/hardware_uart/uart.c.obj
 .debug_loc     0x0000000000009d3b      0x37d CMakeFiles/SerialBuffer.dir/home/pi/pico/pico-sdk/src/rp2_common/pico_runtime/runtime.c.obj
 .debug_loc     0x000000000000a0b8      0x768 CMakeFiles/SerialBuffer.dir/home/pi/pico/pico-sdk/src/rp2_common/hardware_clocks/clocks.c.obj
 .debug_loc     0x000000000000a820      0x302 CMakeFiles/SerialBuffer.dir/home/pi/pico/pico-sdk/src/rp2_common/hardware_pll/pll.c.obj
 .debug_loc     0x000000000000ab22      0x2a0 CMakeFiles/SerialBuffer.dir/home/pi/pico/pico-sdk/src/rp2_common/hardware_watchdog/watchdog.c.obj
 .debug_loc     0x000000000000adc2       0x3d CMakeFiles/SerialBuffer.dir/home/pi/pico/pico-sdk/src/rp2_common/hardware_xosc/xosc.c.obj
 .debug_loc     0x000000000000adff     0x1fee CMakeFiles/SerialBuffer.dir/home/pi/pico/pico-sdk/src/rp2_common/pico_printf/printf.c.obj
 .debug_loc     0x000000000000cded      0x1a1 CMakeFiles/SerialBuffer.dir/home/pi/pico/pico-sdk/src/rp2_common/pico_bootrom/bootrom.c.obj
 .debug_loc     0x000000000000cf8e       0x59 CMakeFiles/SerialBuffer.dir/home/pi/pico/pico-sdk/src/rp2_common/pico_double/double_init_rom.c.obj