Archive member included to satisfy reference by file (symbol)

/usr/lib/gcc/arm-none-eabi/8.3.1/thumb/v6-m/nofp/libgcc.a(_dvmd_tls.o)
                              CMakeFiles/SerialBuffer.dir/home/pi/pico/pico-sdk/src/rp2_common/pico_divider/divider.S.obj (__aeabi_idiv0)
/usr/lib/gcc/arm-none-eabi/8.3.1/../../../arm-none-eabi/lib/thumb/v6-m/nofp/libg.a(lib_a-atexit.o)
                              /usr/lib/gcc/arm-none-eabi/8.3.1/../../../arm-none-eabi/lib/thumb/v6-m/nofp/crt0.o (atexit)
/usr/lib/gcc/arm-none-eabi/8.3.1/../../../arm-none-eabi/lib/thumb/v6-m/nofp/libg.a(lib_a-calloc.o)
                              CMakeFiles/SerialBuffer.dir/home/pi/pico/pico-sdk/src/rp2_common/pico_malloc/pico_malloc.c.obj (calloc)
/usr/lib/gcc/arm-none-eabi/8.3.1/../../../arm-none-eabi/lib/thumb/v6-m/nofp/libg.a(lib_a-callocr.o)
                              /usr/lib/gcc/arm-none-eabi/8.3.1/../../../arm-none-eabi/lib/thumb/v6-m/nofp/libg.a(lib_a-calloc.o) (_calloc_r)
/usr/lib/gcc/arm-none-eabi/8.3.1/../../../arm-none-eabi/lib/thumb/v6-m/nofp/libg.a(lib_a-fini.o)
                              /usr/lib/gcc/arm-none-eabi/8.3.1/../../../arm-none-eabi/lib/thumb/v6-m/nofp/crt0.o (__libc_fini_array)
/usr/lib/gcc/arm-none-eabi/8.3.1/../../../arm-none-eabi/lib/thumb/v6-m/nofp/libg.a(lib_a-impure.o)
                              /usr/lib/gcc/arm-none-eabi/8.3.1/../../../arm-none-eabi/lib/thumb/v6-m/nofp/libg.a(lib_a-calloc.o) (_impure_ptr)
/usr/lib/gcc/arm-none-eabi/8.3.1/../../../arm-none-eabi/lib/thumb/v6-m/nofp/libg.a(lib_a-init.o)
                              /usr/lib/gcc/arm-none-eabi/8.3.1/../../../arm-none-eabi/lib/thumb/v6-m/nofp/crt0.o (__libc_init_array)
/usr/lib/gcc/arm-none-eabi/8.3.1/../../../arm-none-eabi/lib/thumb/v6-m/nofp/libg.a(lib_a-malloc.o)
                              CMakeFiles/SerialBuffer.dir/home/pi/pico/pico-sdk/src/rp2_common/pico_malloc/pico_malloc.c.obj (malloc)
/usr/lib/gcc/arm-none-eabi/8.3.1/../../../arm-none-eabi/lib/thumb/v6-m/nofp/libg.a(lib_a-mallocr.o)
                              /usr/lib/gcc/arm-none-eabi/8.3.1/../../../arm-none-eabi/lib/thumb/v6-m/nofp/libg.a(lib_a-callocr.o) (_malloc_r)
/usr/lib/gcc/arm-none-eabi/8.3.1/../../../arm-none-eabi/lib/thumb/v6-m/nofp/libg.a(lib_a-mlock.o)
                              /usr/lib/gcc/arm-none-eabi/8.3.1/../../../arm-none-eabi/lib/thumb/v6-m/nofp/libg.a(lib_a-mallocr.o) (__malloc_lock)
/usr/lib/gcc/arm-none-eabi/8.3.1/../../../arm-none-eabi/lib/thumb/v6-m/nofp/libg.a(lib_a-realloc.o)
                              CMakeFiles/SerialBuffer.dir/home/pi/pico/pico-sdk/src/rp2_common/pico_malloc/pico_malloc.c.obj (realloc)
/usr/lib/gcc/arm-none-eabi/8.3.1/../../../arm-none-eabi/lib/thumb/v6-m/nofp/libg.a(lib_a-reallocr.o)
                              /usr/lib/gcc/arm-none-eabi/8.3.1/../../../arm-none-eabi/lib/thumb/v6-m/nofp/libg.a(lib_a-realloc.o) (_realloc_r)
/usr/lib/gcc/arm-none-eabi/8.3.1/../../../arm-none-eabi/lib/thumb/v6-m/nofp/libg.a(lib_a-sbrkr.o)
                              /usr/lib/gcc/arm-none-eabi/8.3.1/../../../arm-none-eabi/lib/thumb/v6-m/nofp/libg.a(lib_a-mallocr.o) (_sbrk_r)
/usr/lib/gcc/arm-none-eabi/8.3.1/../../../arm-none-eabi/lib/thumb/v6-m/nofp/libg.a(lib_a-strlen-stub.o)
                              CMakeFiles/SerialBuffer.dir/home/pi/pico/pico-sdk/src/rp2_common/pico_stdio/stdio.c.obj (strlen)
/usr/lib/gcc/arm-none-eabi/8.3.1/../../../arm-none-eabi/lib/thumb/v6-m/nofp/libg.a(lib_a-__atexit.o)
                              /usr/lib/gcc/arm-none-eabi/8.3.1/../../../arm-none-eabi/lib/thumb/v6-m/nofp/libg.a(lib_a-atexit.o) (__register_exitproc)
/usr/lib/gcc/arm-none-eabi/8.3.1/../../../arm-none-eabi/lib/thumb/v6-m/nofp/libg.a(lib_a-freer.o)
                              /usr/lib/gcc/arm-none-eabi/8.3.1/../../../arm-none-eabi/lib/thumb/v6-m/nofp/libg.a(lib_a-malloc.o) (_free_r)
/usr/lib/gcc/arm-none-eabi/8.3.1/../../../arm-none-eabi/lib/thumb/v6-m/nofp/libg.a(lib_a-memmove.o)
                              /usr/lib/gcc/arm-none-eabi/8.3.1/../../../arm-none-eabi/lib/thumb/v6-m/nofp/libg.a(lib_a-reallocr.o) (memmove)
/usr/lib/gcc/arm-none-eabi/8.3.1/../../../arm-none-eabi/lib/thumb/v6-m/nofp/libg.a(lib_a-reent.o)
                              /usr/lib/gcc/arm-none-eabi/8.3.1/../../../arm-none-eabi/lib/thumb/v6-m/nofp/libg.a(lib_a-sbrkr.o) (errno)

Allocating common symbols
Common symbol       size              file

sf_table            0x100             CMakeFiles/SerialBuffer.dir/home/pi/pico/pico-sdk/src/rp2_common/pico_float/float_init_rom.c.obj
errno               0x4               /usr/lib/gcc/arm-none-eabi/8.3.1/../../../arm-none-eabi/lib/thumb/v6-m/nofp/libg.a(lib_a-reent.o)
im_char             0x1               CMakeFiles/SerialBuffer.dir/main.c.obj
tx_char             0x1               CMakeFiles/SerialBuffer.dir/main.c.obj
sd_table            0x100             CMakeFiles/SerialBuffer.dir/home/pi/pico/pico-sdk/src/rp2_common/pico_double/double_init_rom.c.obj
uart_char_to_line_feed
[...]
Memory Configuration

Name             Origin             Length             Attributes
FLASH            0x0000000010000000 0x0000000000200000 xr
RAM              0x0000000020000000 0x0000000000040000 xrw
SCRATCH_X        0x0000000020040000 0x0000000000001000 xrw
SCRATCH_Y        0x0000000020041000 0x0000000000001000 xrw
*default*        0x0000000000000000 0xffffffffffffffff

Linker script and memory map

LOAD /usr/lib/gcc/arm-none-eabi/8.3.1/thumb/v6-m/nofp/crti.o
LOAD /usr/lib/gcc/arm-none-eabi/8.3.1/thumb/v6-m/nofp/crtbegin.o
LOAD /usr/lib/gcc/arm-none-eabi/8.3.1/../../../arm-none-eabi/lib/thumb/v6-m/nofp/crt0.o

.flash_begin    0x0000000010000000        0x0
                0x0000000010000000                __flash_binary_start = .

.boot2          0x0000000010000000      0x100
                0x0000000010000000                __boot2_start__ = .
 *(.boot2)
 .boot2         0x0000000010000000      0x100 /tmp/cc9ySnYy.o
                0x0000000010000100                __boot2_end__ = .
                0x0000000000000001                ASSERT (((__boot2_end__ - __boot2_start__) == 0x100), ERROR: Pico second stage bootloader must be 256 bytes in size)

.text           0x0000000010000100     0x4dd0
                0x0000000010000100                __logical_binary_start = .
 *(.vectors)
 .vectors       0x0000000010000100       0xd4 CMakeFiles/SerialBuffer.dir/home/pi/pico/pico-sdk/src/rp2_common/pico_standard_link/crt0.S.obj
                0x0000000010000100                __vectors
                0x0000000010000100                __VECTOR_TABLE
                0x00000000100001c0                isr_invalid
                0x00000000100001c0                __default_isrs_start
                0x00000000100001c2                isr_nmi
                0x00000000100001c4                isr_hardfault
                0x00000000100001c6                isr_svcall
                0x00000000100001c8                isr_pendsv
                0x00000000100001ca                isr_systick
                0x00000000100001cc                isr_irq30
                0x00000000100001cc                __unhandled_user_irq
                0x00000000100001cc                isr_irq13
                0x00000000100001cc                isr_irq27
                0x00000000100001cc                isr_irq31
                0x00000000100001cc                isr_irq5
                0x00000000100001cc                isr_irq11
                0x00000000100001cc                isr_irq23
                0x00000000100001cc                isr_irq18
                0x00000000100001cc                isr_irq28
                0x00000000100001cc                isr_irq19
                0x00000000100001cc                isr_irq0
                0x00000000100001cc                isr_irq6
                0x00000000100001cc                isr_irq22
                0x00000000100001cc                isr_irq17
                0x00000000100001cc                isr_irq14
                0x00000000100001cc                isr_irq2
                0x00000000100001cc                isr_irq10
                0x00000000100001cc                isr_irq8
                0x00000000100001cc                isr_irq24
                0x00000000100001cc                isr_irq1
                0x00000000100001cc                isr_irq7
                0x00000000100001cc                isr_irq21
                0x00000000100001cc                isr_irq20
                0x00000000100001cc                isr_irq15
                0x00000000100001cc                isr_irq25
                0x00000000100001cc                isr_irq4
                0x00000000100001cc                isr_irq16
                0x00000000100001cc                isr_irq29
                0x00000000100001cc                isr_irq26
                0x00000000100001cc                __default_isrs_end
                0x00000000100001cc                isr_irq3
                0x00000000100001cc                isr_irq12
                0x00000000100001cc                isr_irq9
                0x00000000100001d2                unhandled_user_irq_num_in_r0
 *(.binary_info_header)
 .binary_info_header
                0x00000000100001d4       0x14 CMakeFiles/SerialBuffer.dir/home/pi/pico/pico-sdk/src/rp2_common/pico_standard_link/crt0.S.obj
                0x00000000100001e8                __binary_info_header_end = .
 *(.reset)
 .reset         0x00000000100001e8       0xa8 CMakeFiles/SerialBuffer.dir/home/pi/pico/pico-sdk/src/rp2_common/pico_standard_link/crt0.S.obj
                0x00000000100001e8                _entry_point
                0x0000000010000266                __get_current_exception
 .reset         0x0000000010000290       0x30 CMakeFiles/SerialBuffer.dir/home/pi/pico/pico-sdk/src/rp2_common/pico_standard_link/binary_info.c.obj
 *(.init)
 .init          0x00000000100002c0        0x4 /usr/lib/gcc/arm-none-eabi/8.3.1/thumb/v6-m/nofp/crti.o
                0x00000000100002c0                _init
 *(EXCLUDE_FILE(*libm.a: *libc.a:*lib_a-mem*.o *libgcc.a:) .text*)
 .text          0x00000000100002c4       0x98 /usr/lib/gcc/arm-none-eabi/8.3.1/thumb/v6-m/nofp/crtbegin.o
 .text.main     0x000000001000035c      0x3f8 CMakeFiles/SerialBuffer.dir/main.c.obj
                0x000000001000035c                main
 .text.queue_read
                0x0000000010000754       0x2e CMakeFiles/SerialBuffer.dir/fifo.c.obj
                0x0000000010000754                queue_read
 .text.queue_write
                0x0000000010000782       0x32 CMakeFiles/SerialBuffer.dir/fifo.c.obj
                0x0000000010000782                queue_write
 .text.gpio_set_function
                0x00000000100007b4       0x30 CMakeFiles/SerialBuffer.dir/home/pi/pico/pico-sdk/src/rp2_common/hardware_gpio/gpio.c.obj
                0x00000000100007b4                gpio_set_function
 .text.gpio_init
                0x00000000100007e4       0x16 CMakeFiles/SerialBuffer.dir/home/pi/pico/pico-sdk/src/rp2_common/hardware_gpio/gpio.c.obj
                0x00000000100007e4                gpio_init
 *fill*         0x00000000100007fa        0x2 
 .text.hw_claim_lock
                0x00000000100007fc       0x18 CMakeFiles/SerialBuffer.dir/home/pi/pico/pico-sdk/src/rp2_common/hardware_claim/claim.c.obj
                0x00000000100007fc                hw_claim_lock
 .text.hw_claim_unlock
                0x0000000010000814       0x14 CMakeFiles/SerialBuffer.dir/home/pi/pico/pico-sdk/src/rp2_common/hardware_claim/claim.c.obj
                0x0000000010000814                hw_claim_unlock
 .text.hw_claim_or_assert
                0x0000000010000828       0x32 CMakeFiles/SerialBuffer.dir/home/pi/pico/pico-sdk/src/rp2_common/hardware_claim/claim.c.obj
                0x0000000010000828                hw_claim_or_assert
 *fill*         0x000000001000085a        0x2 
 .text.running_on_fpga
                0x000000001000085c       0x14 CMakeFiles/SerialBuffer.dir/home/pi/pico/pico-sdk/src/rp2_common/pico_platform/platform.c.obj
                0x000000001000085c                running_on_fpga
 .text.spin_locks_reset
                0x0000000010000870       0x20 CMakeFiles/SerialBuffer.dir/home/pi/pico/pico-sdk/src/rp2_common/hardware_sync/sync.c.obj
                0x0000000010000870                spin_locks_reset
 .text.next_striped_spin_lock_num
                0x0000000010000890       0x1c CMakeFiles/SerialBuffer.dir/home/pi/pico/pico-sdk/src/rp2_common/hardware_sync/sync.c.obj
                0x0000000010000890                next_striped_spin_lock_num
 .text.set_raw_irq_handler_and_unlock
                0x00000000100008ac       0x28 CMakeFiles/SerialBuffer.dir/home/pi/pico/pico-sdk/src/rp2_common/hardware_irq/irq.c.obj
 .text.make_branch
                0x00000000100008d4       0x48 CMakeFiles/SerialBuffer.dir/home/pi/pico/pico-sdk/src/rp2_common/hardware_irq/irq.c.obj
 .text.insert_branch_and_link
                0x000000001000091c       0x40 CMakeFiles/SerialBuffer.dir/home/pi/pico/pico-sdk/src/rp2_common/hardware_irq/irq.c.obj
 .text.irq_is_enabled
                0x000000001000095c       0x18 CMakeFiles/SerialBuffer.dir/home/pi/pico/pico-sdk/src/rp2_common/hardware_irq/irq.c.obj
                0x000000001000095c                irq_is_enabled
 .text.irq_set_mask_enabled
                0x0000000010000974       0x20 CMakeFiles/SerialBuffer.dir/home/pi/pico/pico-sdk/src/rp2_common/hardware_irq/irq.c.obj
                0x0000000010000974                irq_set_mask_enabled
 .text.irq_set_enabled
                0x0000000010000994        0xe CMakeFiles/SerialBuffer.dir/home/pi/pico/pico-sdk/src/rp2_common/hardware_irq/irq.c.obj
                0x0000000010000994                irq_set_enabled
 *fill*         0x00000000100009a2        0x2 
 .text.irq_get_vtable_handler
                0x00000000100009a4       0x10 CMakeFiles/SerialBuffer.dir/home/pi/pico/pico-sdk/src/rp2_common/hardware_irq/irq.c.obj
                0x00000000100009a4                irq_get_vtable_handler
 .text.irq_set_exclusive_handler
                0x00000000100009b4       0x54 CMakeFiles/SerialBuffer.dir/home/pi/pico/pico-sdk/src/rp2_common/hardware_irq/irq.c.obj
                0x00000000100009b4                irq_set_exclusive_handler
 .text.irq_remove_handler
                0x0000000010000a08      0x1a0 CMakeFiles/SerialBuffer.dir/home/pi/pico/pico-sdk/src/rp2_common/hardware_irq/irq.c.obj
                0x0000000010000a08                irq_remove_handler
 .text.irq_add_tail_to_free_list
                0x0000000010000ba8       0xf0 CMakeFiles/SerialBuffer.dir/home/pi/pico/pico-sdk/src/rp2_common/hardware_irq/irq.c.obj
                0x0000000010000ba8                irq_add_tail_to_free_list
 .text.irq_init_priorities
                0x0000000010000c98       0x1c CMakeFiles/SerialBuffer.dir/home/pi/pico/pico-sdk/src/rp2_common/hardware_irq/irq.c.obj
                0x0000000010000c98                irq_init_priorities
 .text.lock_init
                0x0000000010000cb4       0x10 CMakeFiles/SerialBuffer.dir/home/pi/pico/pico-sdk/src/common/pico_sync/lock_core.c.obj
                0x0000000010000cb4                lock_init
 .text.sleep_until_callback
                0x0000000010000cc4       0x30 CMakeFiles/SerialBuffer.dir/home/pi/pico/pico-sdk/src/common/pico_time/time.c.obj
 .text.alarm_pool_post_alloc_init
                0x0000000010000cf4       0x40 CMakeFiles/SerialBuffer.dir/home/pi/pico/pico-sdk/src/common/pico_time/time.c.obj
 .text.timer_pool_entry_comparator
                0x0000000010000d34       0x7c CMakeFiles/SerialBuffer.dir/home/pi/pico/pico-sdk/src/common/pico_time/time.c.obj
                0x0000000010000d34                timer_pool_entry_comparator
 .text.ph_add_child_node
                0x0000000010000db0       0xa4 CMakeFiles/SerialBuffer.dir/home/pi/pico/pico-sdk/src/common/pico_time/time.c.obj
 .text.ph_merge_nodes
                0x0000000010000e54       0x3e CMakeFiles/SerialBuffer.dir/home/pi/pico/pico-sdk/src/common/pico_time/time.c.obj
 *fill*         0x0000000010000e92        0x2 
 .text.add_alarm_under_lock
                0x0000000010000e94      0x180 CMakeFiles/SerialBuffer.dir/home/pi/pico/pico-sdk/src/common/pico_time/time.c.obj
 .text.alarm_pool_alarm_callback
                0x0000000010001014      0x328 CMakeFiles/SerialBuffer.dir/home/pi/pico/pico-sdk/src/common/pico_time/time.c.obj
 .text.alarm_pool_init_default
                0x000000001000133c       0x38 CMakeFiles/SerialBuffer.dir/home/pi/pico/pico-sdk/src/common/pico_time/time.c.obj
                0x000000001000133c                alarm_pool_init_default
 .text.alarm_pool_get_default
                0x0000000010001374       0x2c CMakeFiles/SerialBuffer.dir/home/pi/pico/pico-sdk/src/common/pico_time/time.c.obj
                0x0000000010001374                alarm_pool_get_default
 .text.alarm_pool_add_alarm_at
                0x00000000100013a0      0x154 CMakeFiles/SerialBuffer.dir/home/pi/pico/pico-sdk/src/common/pico_time/time.c.obj
                0x00000000100013a0                alarm_pool_add_alarm_at
 .text.sleep_until
                0x00000000100014f4       0xf8 CMakeFiles/SerialBuffer.dir/home/pi/pico/pico-sdk/src/common/pico_time/time.c.obj
                0x00000000100014f4                sleep_until
 .text.sleep_us
                0x00000000100015ec       0x54 CMakeFiles/SerialBuffer.dir/home/pi/pico/pico-sdk/src/common/pico_time/time.c.obj
                0x00000000100015ec                sleep_us
 .text.sleep_ms
                0x0000000010001640       0x14 CMakeFiles/SerialBuffer.dir/home/pi/pico/pico-sdk/src/common/pico_time/time.c.obj
                0x0000000010001640                sleep_ms
 .text.hardware_alarm_irq_handler
                0x0000000010001654       0x8c CMakeFiles/SerialBuffer.dir/home/pi/pico/pico-sdk/src/rp2_common/hardware_timer/timer.c.obj
 .text.hardware_alarm_claim
                0x00000000100016e0       0x18 CMakeFiles/SerialBuffer.dir/home/pi/pico/pico-sdk/src/rp2_common/hardware_timer/timer.c.obj
                0x00000000100016e0                hardware_alarm_claim
 .text.time_us_64
                0x00000000100016f8       0x18 CMakeFiles/SerialBuffer.dir/home/pi/pico/pico-sdk/src/rp2_common/hardware_timer/timer.c.obj
                0x00000000100016f8                time_us_64
 .text.busy_wait_until
                0x0000000010001710       0x24 CMakeFiles/SerialBuffer.dir/home/pi/pico/pico-sdk/src/rp2_common/hardware_timer/timer.c.obj
                0x0000000010001710                busy_wait_until
 .text.hardware_alarm_set_callback
                0x0000000010001734       0x90 CMakeFiles/SerialBuffer.dir/home/pi/pico/pico-sdk/src/rp2_common/hardware_timer/timer.c.obj
                0x0000000010001734                hardware_alarm_set_callback
 .text.hardware_alarm_set_target
                0x00000000100017c4       0xe8 CMakeFiles/SerialBuffer.dir/home/pi/pico/pico-sdk/src/rp2_common/hardware_timer/timer.c.obj
                0x00000000100017c4                hardware_alarm_set_target
 .text.hardware_alarm_cancel
                0x00000000100018ac       0x40 CMakeFiles/SerialBuffer.dir/home/pi/pico/pico-sdk/src/rp2_common/hardware_timer/timer.c.obj
                0x00000000100018ac                hardware_alarm_cancel
 .text.ph_add_child_node
                0x00000000100018ec       0xa4 CMakeFiles/SerialBuffer.dir/home/pi/pico/pico-sdk/src/common/pico_util/pheap.c.obj
 .text.ph_merge_nodes
                0x0000000010001990       0x3e CMakeFiles/SerialBuffer.dir/home/pi/pico/pico-sdk/src/common/pico_util/pheap.c.obj
 *fill*         0x00000000100019ce        0x2 
 .text.ph_clear
                0x00000000100019d0       0x70 CMakeFiles/SerialBuffer.dir/home/pi/pico/pico-sdk/src/common/pico_util/pheap.c.obj
                0x00000000100019d0                ph_clear
 .text.ph_post_alloc_init
                0x0000000010001a40        0xe CMakeFiles/SerialBuffer.dir/home/pi/pico/pico-sdk/src/common/pico_util/pheap.c.obj
                0x0000000010001a40                ph_post_alloc_init
 *fill*         0x0000000010001a4e        0x2 
 .text.ph_merge_two_pass
                0x0000000010001a50       0xac CMakeFiles/SerialBuffer.dir/home/pi/pico/pico-sdk/src/common/pico_util/pheap.c.obj
                0x0000000010001a50                ph_merge_two_pass
 .text.ph_remove_any_head
                0x0000000010001afc      0x108 CMakeFiles/SerialBuffer.dir/home/pi/pico/pico-sdk/src/common/pico_util/pheap.c.obj
 .text.ph_remove_head
                0x0000000010001c04       0x14 CMakeFiles/SerialBuffer.dir/home/pi/pico/pico-sdk/src/common/pico_util/pheap.c.obj
                0x0000000010001c04                ph_remove_head
 .text.ph_remove_and_free_node
                0x0000000010001c18       0xf8 CMakeFiles/SerialBuffer.dir/home/pi/pico/pico-sdk/src/common/pico_util/pheap.c.obj
                0x0000000010001c18                ph_remove_and_free_node
 .text.mutex_init
                0x0000000010001d10       0x1a CMakeFiles/SerialBuffer.dir/home/pi/pico/pico-sdk/src/common/pico_sync/mutex.c.obj
                0x0000000010001d10                mutex_init
 .text.recursive_mutex_init
                0x0000000010001d2a       0x1e CMakeFiles/SerialBuffer.dir/home/pi/pico/pico-sdk/src/common/pico_sync/mutex.c.obj
                0x0000000010001d2a                recursive_mutex_init
 .text.uart_set_baudrate
                0x0000000010001d48       0x5c CMakeFiles/SerialBuffer.dir/home/pi/pico/pico-sdk/src/rp2_common/hardware_uart/uart.c.obj
                0x0000000010001d48                uart_set_baudrate
 .text.uart_set_translate_crlf
                0x0000000010001da4       0x28 CMakeFiles/SerialBuffer.dir/home/pi/pico/pico-sdk/src/rp2_common/hardware_uart/uart.c.obj
                0x0000000010001da4                uart_set_translate_crlf
 .text.uart_init
                0x0000000010001dcc       0x80 CMakeFiles/SerialBuffer.dir/home/pi/pico/pico-sdk/src/rp2_common/hardware_uart/uart.c.obj
                0x0000000010001dcc                uart_init
 .text._exit    0x0000000010001e4c        0x4 CMakeFiles/SerialBuffer.dir/home/pi/pico/pico-sdk/src/rp2_common/pico_runtime/runtime.c.obj
                0x0000000010001e4c                _exit
 .text._sbrk    0x0000000010001e50       0x38 CMakeFiles/SerialBuffer.dir/home/pi/pico/pico-sdk/src/rp2_common/pico_runtime/runtime.c.obj
                0x0000000010001e50                _sbrk
 .text.exit     0x0000000010001e88        0x6 CMakeFiles/SerialBuffer.dir/home/pi/pico/pico-sdk/src/rp2_common/pico_runtime/runtime.c.obj
                0x0000000010001e88                exit
 *fill*         0x0000000010001e8e        0x2 
 .text.__assert_func
                0x0000000010001e90       0x3c CMakeFiles/SerialBuffer.dir/home/pi/pico/pico-sdk/src/rp2_common/pico_runtime/runtime.c.obj
                0x0000000010001e90                __assert_func
 .text.runtime_init
                0x0000000010001ecc       0xf8 CMakeFiles/SerialBuffer.dir/home/pi/pico/pico-sdk/src/rp2_common/pico_runtime/runtime.c.obj
                0x0000000010001ecc                runtime_init
 .text.panic    0x0000000010001fc4       0x30 CMakeFiles/SerialBuffer.dir/home/pi/pico/pico-sdk/src/rp2_common/pico_runtime/runtime.c.obj
                0x0000000010001fc4                panic
 .text.clock_configure
                0x0000000010001ff4       0xfc CMakeFiles/SerialBuffer.dir/home/pi/pico/pico-sdk/src/rp2_common/hardware_clocks/clocks.c.obj
                0x0000000010001ff4                clock_configure
 .text.clocks_init
                0x00000000100020f0      0x100 CMakeFiles/SerialBuffer.dir/home/pi/pico/pico-sdk/src/rp2_common/hardware_clocks/clocks.c.obj
                0x00000000100020f0                clocks_init
 .text.clock_get_hz
                0x00000000100021f0        0xc CMakeFiles/SerialBuffer.dir/home/pi/pico/pico-sdk/src/rp2_common/hardware_clocks/clocks.c.obj
                0x00000000100021f0                clock_get_hz
 .text.pll_init
                0x00000000100021fc      0x140 CMakeFiles/SerialBuffer.dir/home/pi/pico/pico-sdk/src/rp2_common/hardware_pll/pll.c.obj
                0x00000000100021fc                pll_init
 .text.watchdog_start_tick
                0x000000001000233c       0x10 CMakeFiles/SerialBuffer.dir/home/pi/pico/pico-sdk/src/rp2_common/hardware_watchdog/watchdog.c.obj
                0x000000001000233c                watchdog_start_tick
 .text.xosc_init
                0x000000001000234c       0x28 CMakeFiles/SerialBuffer.dir/home/pi/pico/pico-sdk/src/rp2_common/hardware_xosc/xosc.c.obj
                0x000000001000234c                xosc_init
 .text._out_null
                0x0000000010002374        0x2 CMakeFiles/SerialBuffer.dir/home/pi/pico/pico-sdk/src/rp2_common/pico_printf/printf.c.obj
 .text._out_fct
                0x0000000010002376        0xe CMakeFiles/SerialBuffer.dir/home/pi/pico/pico-sdk/src/rp2_common/pico_printf/printf.c.obj
 .text._atoi    0x0000000010002384       0x28 CMakeFiles/SerialBuffer.dir/home/pi/pico/pico-sdk/src/rp2_common/pico_printf/printf.c.obj
 .text._out_rev
                0x00000000100023ac       0x8c CMakeFiles/SerialBuffer.dir/home/pi/pico/pico-sdk/src/rp2_common/pico_printf/printf.c.obj
 .text._ntoa_format
                0x0000000010002438      0x10c CMakeFiles/SerialBuffer.dir/home/pi/pico/pico-sdk/src/rp2_common/pico_printf/printf.c.obj
 .text._ntoa_long
                0x0000000010002544       0xb0 CMakeFiles/SerialBuffer.dir/home/pi/pico/pico-sdk/src/rp2_common/pico_printf/printf.c.obj
 .text._ntoa_long_long
                0x00000000100025f4       0xe6 CMakeFiles/SerialBuffer.dir/home/pi/pico/pico-sdk/src/rp2_common/pico_printf/printf.c.obj
 *fill*         0x00000000100026da        0x2 
 .text._etoa    0x00000000100026dc      0x408 CMakeFiles/SerialBuffer.dir/home/pi/pico/pico-sdk/src/rp2_common/pico_printf/printf.c.obj
 .text._ftoa    0x0000000010002ae4      0x344 CMakeFiles/SerialBuffer.dir/home/pi/pico/pico-sdk/src/rp2_common/pico_printf/printf.c.obj
 .text._vsnprintf
                0x0000000010002e28      0x61c CMakeFiles/SerialBuffer.dir/home/pi/pico/pico-sdk/src/rp2_common/pico_printf/printf.c.obj
 .text.vfctprintf
                0x0000000010003444       0x20 CMakeFiles/SerialBuffer.dir/home/pi/pico/pico-sdk/src/rp2_common/pico_printf/printf.c.obj
                0x0000000010003444                vfctprintf
 .text          0x0000000010003464       0x10 CMakeFiles/SerialBuffer.dir/home/pi/pico/pico-sdk/src/rp2_common/pico_bit_ops/bit_ops_aeabi.S.obj
 .text.rom_func_lookup
                0x0000000010003474       0x10 CMakeFiles/SerialBuffer.dir/home/pi/pico/pico-sdk/src/rp2_common/pico_bootrom/bootrom.c.obj
                0x0000000010003474                rom_func_lookup
 .text.rom_data_lookup
                0x0000000010003484       0x10 CMakeFiles/SerialBuffer.dir/home/pi/pico/pico-sdk/src/rp2_common/pico_bootrom/bootrom.c.obj
                0x0000000010003484                rom_data_lookup
 .text.rom_funcs_lookup
                0x0000000010003494       0x36 CMakeFiles/SerialBuffer.dir/home/pi/pico/pico-sdk/src/rp2_common/pico_bootrom/bootrom.c.obj
                0x0000000010003494                rom_funcs_lookup
 *fill*         0x00000000100034ca        0x2 
 .text.__wrap___aeabi_idiv
                0x00000000100034cc       0x50 CMakeFiles/SerialBuffer.dir/home/pi/pico/pico-sdk/src/rp2_common/pico_divider/divider.S.obj
                0x00000000100034cc                __wrap___aeabi_idivmod
                0x00000000100034cc                divmod_s32s32
                0x00000000100034cc                div_s32s32
                0x00000000100034cc                __wrap___aeabi_idiv
                0x00000000100034d4                divmod_s32s32_unsafe
                0x0000000010003500                divmod_s32s32_savestate
 .text.__wrap___aeabi_uidiv
                0x000000001000351c       0x4c CMakeFiles/SerialBuffer.dir/home/pi/pico/pico-sdk/src/rp2_common/pico_divider/divider.S.obj
                0x000000001000351c                __wrap___aeabi_uidiv
                0x000000001000351c                __wrap___aeabi_uidivmod
                0x000000001000351c                div_u32u32
                0x000000001000351c                divmod_u32u32
                0x0000000010003524                divmod_u32u32_unsafe
                0x000000001000354c                divmod_u32u32_savestate
 .text.__wrap___aeabi_ldiv
                0x0000000010003568      0x434 CMakeFiles/SerialBuffer.dir/home/pi/pico/pico-sdk/src/rp2_common/pico_divider/divider.S.obj
                0x0000000010003568                div_s64s64
                0x0000000010003568                divmod_s64s64
                0x0000000010003568                __wrap___aeabi_ldivmod
                0x00000000100035a0                div_u64u64
                0x00000000100035a0                divmod_u64u64
                0x00000000100035a0                __wrap___aeabi_uldivmod
                0x00000000100035b0                divmod_u64u64_savestate
                0x00000000100035d8                divmod_s64s64_unsafe
                0x0000000010003660                divmod_u64u64_unsafe
 .text.__wrap___aeabi_darithmetic
                0x000000001000399c       0x80 CMakeFiles/SerialBuffer.dir/home/pi/pico/pico-sdk/src/rp2_common/pico_double/double_aeabi.S.obj
                0x000000001000399c                __wrap___aeabi_drsub
                0x00000000100039a2                __wrap___aeabi_dsub
                0x00000000100039b4                __wrap___aeabi_dadd
                0x00000000100039c6                __wrap___aeabi_ddiv
                0x0000000010003a02                __wrap___aeabi_dmul
 .text.__wrap___aeabi_cdcmple
                0x0000000010003a1c       0x6c CMakeFiles/SerialBuffer.dir/home/pi/pico/pico-sdk/src/rp2_common/pico_double/double_aeabi.S.obj
                0x0000000010003a1c                __wrap___aeabi_cdrcmple
                0x0000000010003a2c                __wrap___aeabi_cdcmple
                0x0000000010003a2c                __wrap___aeabi_cdcmpeq
 .text.__wrap___aeabi_dcmplt
                0x0000000010003a88        0xc CMakeFiles/SerialBuffer.dir/home/pi/pico/pico-sdk/src/rp2_common/pico_double/double_aeabi.S.obj
                0x0000000010003a88                __wrap___aeabi_dcmplt
 .text.__wrap___aeabi_dcmple
                0x0000000010003a94       0x10 CMakeFiles/SerialBuffer.dir/home/pi/pico/pico-sdk/src/rp2_common/pico_double/double_aeabi.S.obj
                0x0000000010003a94                __wrap___aeabi_dcmple
 .text.__wrap___aeabi_dcmpge
                0x0000000010003aa4       0x10 CMakeFiles/SerialBuffer.dir/home/pi/pico/pico-sdk/src/rp2_common/pico_double/double_aeabi.S.obj
                0x0000000010003aa4                __wrap___aeabi_dcmpge
 .text.__wrap___aeabi_dcmpgt
                0x0000000010003ab4        0xa CMakeFiles/SerialBuffer.dir/home/pi/pico/pico-sdk/src/rp2_common/pico_double/double_aeabi.S.obj
                0x0000000010003ab4                __wrap___aeabi_dcmpgt
 .text.__wrap___aeabi_dcmpun
                0x0000000010003abe       0x1c CMakeFiles/SerialBuffer.dir/home/pi/pico/pico-sdk/src/rp2_common/pico_double/double_aeabi.S.obj
                0x0000000010003abe                __wrap___aeabi_dcmpun
 *fill*         0x0000000010003ada        0x2 
 .text.__wrap___aeabi_i2d
                0x0000000010003adc       0x38 CMakeFiles/SerialBuffer.dir/home/pi/pico/pico-sdk/src/rp2_common/pico_double/double_aeabi.S.obj
                0x0000000010003adc                __wrap___aeabi_ui2d
                0x0000000010003ae4                __wrap___aeabi_i2d
 .text.__wrap___aeabi_d2iz
                0x0000000010003b14       0x48 CMakeFiles/SerialBuffer.dir/home/pi/pico/pico-sdk/src/rp2_common/pico_double/double_aeabi.S.obj
                0x0000000010003b14                __wrap___aeabi_d2iz
                0x0000000010003b14                double2int_z
 .text.__wrap___aeabi_d2uiz
                0x0000000010003b5c       0x18 CMakeFiles/SerialBuffer.dir/home/pi/pico/pico-sdk/src/rp2_common/pico_double/double_aeabi.S.obj
                0x0000000010003b5c                double2uint
                0x0000000010003b5c                __wrap___aeabi_d2uiz
 .text.__aeabi_double_init
                0x0000000010003b74       0xc8 CMakeFiles/SerialBuffer.dir/home/pi/pico/pico-sdk/src/rp2_common/pico_double/double_init_rom.c.obj
                0x0000000010003b74                __aeabi_double_init
 .text.double_table_shim_on_use_helper
                0x0000000010003c3c       0x34 CMakeFiles/SerialBuffer.dir/home/pi/pico/pico-sdk/src/rp2_common/pico_double/double_v1_rom_shim.S.obj
                0x0000000010003c3c                double_table_shim_on_use_helper
 .text.__wrap___aeabi_dsub
                0x0000000010003c70       0x10 CMakeFiles/SerialBuffer.dir/home/pi/pico/pico-sdk/src/rp2_common/pico_double/double_v1_rom_shim.S.obj
                0x0000000010003c70                drsub_shim
                0x0000000010003c76                dsub_shim
 .text.dadd_shim
                0x0000000010003c80      0x15c CMakeFiles/SerialBuffer.dir/home/pi/pico/pico-sdk/src/rp2_common/pico_double/double_v1_rom_shim.S.obj
                0x0000000010003c80                dadd_shim
 .text.dmul_shim
                0x0000000010003ddc      0x15c CMakeFiles/SerialBuffer.dir/home/pi/pico/pico-sdk/src/rp2_common/pico_double/double_v1_rom_shim.S.obj
                0x0000000010003ddc                dmul_shim
 .text.ddiv_shim
                0x0000000010003f38      0x1b0 CMakeFiles/SerialBuffer.dir/home/pi/pico/pico-sdk/src/rp2_common/pico_double/double_v1_rom_shim.S.obj
                0x0000000010003f38                ddiv_shim
 .text.double2uint_shim
                0x00000000100040e8        0xe CMakeFiles/SerialBuffer.dir/home/pi/pico/pico-sdk/src/rp2_common/pico_double/double_v1_rom_shim.S.obj
                0x00000000100040e8                double2uint_shim
                0x00000000100040ea                double2ufix_shim
 *fill*         0x00000000100040f6        0x2 
 .text.double2uint64_shim
                0x00000000100040f8       0x70 CMakeFiles/SerialBuffer.dir/home/pi/pico/pico-sdk/src/rp2_common/pico_double/double_v1_rom_shim.S.obj
                0x00000000100040f8                double2uint64_shim
                0x00000000100040fa                double2ufix64_shim
                0x000000001000411a                d2fix_a
 .text.dunpacks
                0x0000000010004168       0x3c CMakeFiles/SerialBuffer.dir/home/pi/pico/pico-sdk/src/rp2_common/pico_double/double_v1_rom_shim.S.obj
                0x0000000010004168                dunpacks
 .text.__aeabi_lmul
                0x00000000100041a4       0x32 CMakeFiles/SerialBuffer.dir/home/pi/pico/pico-sdk/src/rp2_common/pico_int64_ops/pico_int64_ops_aeabi.S.obj
                0x00000000100041a4                __wrap___aeabi_lmul
 *fill*         0x00000000100041d6        0x2 
 .text.__aeabi_float_init
                0x00000000100041d8       0xfc CMakeFiles/SerialBuffer.dir/home/pi/pico/pico-sdk/src/rp2_common/pico_float/float_init_rom.c.obj
                0x00000000100041d8                __aeabi_float_init
 .text.float_table_shim_on_use_helper
                0x00000000100042d4       0x34 CMakeFiles/SerialBuffer.dir/home/pi/pico/pico-sdk/src/rp2_common/pico_float/float_v1_rom_shim.S.obj
                0x00000000100042d4                float_table_shim_on_use_helper
 .text.__wrap_malloc
                0x0000000010004308       0x24 CMakeFiles/SerialBuffer.dir/home/pi/pico/pico-sdk/src/rp2_common/pico_malloc/pico_malloc.c.obj
                0x0000000010004308                __wrap_malloc
 .text          0x000000001000432c       0x10 CMakeFiles/SerialBuffer.dir/home/pi/pico/pico-sdk/src/rp2_common/pico_mem_ops/mem_ops_aeabi.S.obj
                0x000000001000432c                __aeabi_mem_init
 .text.memset   0x000000001000433c        0xc CMakeFiles/SerialBuffer.dir/home/pi/pico/pico-sdk/src/rp2_common/pico_mem_ops/mem_ops_aeabi.S.obj
                0x000000001000433c                __wrap_memset
 .text.memcpy   0x0000000010004348        0xc CMakeFiles/SerialBuffer.dir/home/pi/pico/pico-sdk/src/rp2_common/pico_mem_ops/mem_ops_aeabi.S.obj
                0x0000000010004348                __wrap___aeabi_memcpy
                0x0000000010004348                __wrap_memcpy
 .text.stdio_out_chars_no_crlf
                0x0000000010004354        0xe CMakeFiles/SerialBuffer.dir/home/pi/pico/pico-sdk/src/rp2_common/pico_stdio/stdio.c.obj
 *fill*         0x0000000010004362        0x2 
 .text.stdio_out_chars_crlf
                0x0000000010004364       0x80 CMakeFiles/SerialBuffer.dir/home/pi/pico/pico-sdk/src/rp2_common/pico_stdio/stdio.c.obj
 .text.stdio_stack_buffer_flush
                0x00000000100043e4       0x44 CMakeFiles/SerialBuffer.dir/home/pi/pico/pico-sdk/src/rp2_common/pico_stdio/stdio.c.obj
 .text.stdio_buffered_printer
                0x0000000010004428       0x20 CMakeFiles/SerialBuffer.dir/home/pi/pico/pico-sdk/src/rp2_common/pico_stdio/stdio.c.obj
 .text.stdout_serialize_begin
                0x0000000010004448       0x30 CMakeFiles/SerialBuffer.dir/home/pi/pico/pico-sdk/src/rp2_common/pico_stdio/stdio.c.obj
                0x0000000010004448                stdout_serialize_begin
 .text.stdout_serialize_end
                0x0000000010004478       0x10 CMakeFiles/SerialBuffer.dir/home/pi/pico/pico-sdk/src/rp2_common/pico_stdio/stdio.c.obj
                0x0000000010004478                stdout_serialize_end
 .text.stdio_put_string
                0x0000000010004488       0x94 CMakeFiles/SerialBuffer.dir/home/pi/pico/pico-sdk/src/rp2_common/pico_stdio/stdio.c.obj
 .text.stdio_flush
                0x000000001000451c       0x20 CMakeFiles/SerialBuffer.dir/home/pi/pico/pico-sdk/src/rp2_common/pico_stdio/stdio.c.obj
                0x000000001000451c                stdio_flush
 .text.__wrap_puts
                0x000000001000453c       0x1e CMakeFiles/SerialBuffer.dir/home/pi/pico/pico-sdk/src/rp2_common/pico_stdio/stdio.c.obj
                0x000000001000453c                __wrap_puts
 *fill*         0x000000001000455a        0x2 
 .text.__wrap_vprintf
                0x000000001000455c       0x44 CMakeFiles/SerialBuffer.dir/home/pi/pico/pico-sdk/src/rp2_common/pico_stdio/stdio.c.obj
                0x000000001000455c                __wrap_vprintf
 .text.__wrap_printf
                0x00000000100045a0       0x18 CMakeFiles/SerialBuffer.dir/home/pi/pico/pico-sdk/src/rp2_common/pico_stdio/stdio.c.obj
                0x00000000100045a0                __wrap_printf
 .text          0x00000000100045b8       0x28 /usr/lib/gcc/arm-none-eabi/8.3.1/../../../arm-none-eabi/lib/thumb/v6-m/nofp/libg.a(lib_a-malloc.o)
                0x00000000100045b8                malloc
                0x00000000100045cc                free
 .text          0x00000000100045e0      0x58c /usr/lib/gcc/arm-none-eabi/8.3.1/../../../arm-none-eabi/lib/thumb/v6-m/nofp/libg.a(lib_a-mallocr.o)
                0x00000000100045e0                _malloc_r
 .text          0x0000000010004b6c        0x8 /usr/lib/gcc/arm-none-eabi/8.3.1/../../../arm-none-eabi/lib/thumb/v6-m/nofp/libg.a(lib_a-mlock.o)
                0x0000000010004b6c                __malloc_lock
                0x0000000010004b70                __malloc_unlock
 .text          0x0000000010004b74       0x24 /usr/lib/gcc/arm-none-eabi/8.3.1/../../../arm-none-eabi/lib/thumb/v6-m/nofp/libg.a(lib_a-sbrkr.o)
                0x0000000010004b74                _sbrk_r
 .text          0x0000000010004b98       0x68 /usr/lib/gcc/arm-none-eabi/8.3.1/../../../arm-none-eabi/lib/thumb/v6-m/nofp/libg.a(lib_a-strlen-stub.o)
                0x0000000010004b98                strlen
 .text          0x0000000010004c00      0x27c /usr/lib/gcc/arm-none-eabi/8.3.1/../../../arm-none-eabi/lib/thumb/v6-m/nofp/libg.a(lib_a-freer.o)
                0x0000000010004c00                _malloc_trim_r
                0x0000000010004ca0                _free_r
 *(.fini)
 .fini          0x0000000010004e7c        0x4 /usr/lib/gcc/arm-none-eabi/8.3.1/thumb/v6-m/nofp/crti.o
                0x0000000010004e7c                _fini
 .fini.__stub   0x0000000010004e80       0x50 linker stubs
 *crtbegin.o(.ctors)
 *crtbegin?.o(.ctors)
 *(EXCLUDE_FILE(*crtend.o *crtend?.o) .ctors)
 *(SORT_BY_NAME(.ctors.*))
 *(.ctors)
 *crtbegin.o(.dtors)
 *crtbegin?.o(.dtors)
 *(EXCLUDE_FILE(*crtend.o *crtend?.o) .dtors)
 *(SORT_BY_NAME(.dtors.*))
 *(.dtors)
 *(.eh_frame*)
 .eh_frame      0x0000000010004ed0        0x0 /usr/lib/gcc/arm-none-eabi/8.3.1/thumb/v6-m/nofp/crtbegin.o
                0x0000000010004ed0                . = ALIGN (0x4)

.glue_7         0x0000000010004ed0        0x0
 .glue_7        0x0000000010004ed0        0x0 linker stubs

.glue_7t        0x0000000010004ed0        0x0
 .glue_7t       0x0000000010004ed0        0x0 linker stubs

.vfp11_veneer   0x0000000010004ed0        0x0
 .vfp11_veneer  0x0000000010004ed0        0x0 linker stubs

.v4_bx          0x0000000010004ed0        0x0
 .v4_bx         0x0000000010004ed0        0x0 linker stubs

.iplt           0x0000000010004ed0        0x0
 .iplt          0x0000000010004ed0        0x0 /usr/lib/gcc/arm-none-eabi/8.3.1/thumb/v6-m/nofp/crtbegin.o

.rodata         0x0000000010004ed0      0xe98
 *(EXCLUDE_FILE(*libm.a: *libc.a:*lib_a-mem*.o *libgcc.a:) .rodata*)
 .rodata.main   0x0000000010004ed0       0x14 CMakeFiles/SerialBuffer.dir/main.c.obj
 .rodata.main.str1.4
                0x0000000010004ee4       0x16 CMakeFiles/SerialBuffer.dir/main.c.obj
 *fill*         0x0000000010004efa        0x2 
 .rodata.__func__.4827
                0x0000000010004efc       0x1a CMakeFiles/SerialBuffer.dir/home/pi/pico/pico-sdk/src/rp2_common/hardware_irq/irq.c.obj
 *fill*         0x0000000010004f16        0x2 
 .rodata.__func__.4841
                0x0000000010004f18        0xc CMakeFiles/SerialBuffer.dir/home/pi/pico/pico-sdk/src/rp2_common/hardware_irq/irq.c.obj
 .rodata.__func__.4849
                0x0000000010004f24       0x17 CMakeFiles/SerialBuffer.dir/home/pi/pico/pico-sdk/src/rp2_common/hardware_irq/irq.c.obj
 *fill*         0x0000000010004f3b        0x1 
 .rodata.__func__.4853
                0x0000000010004f3c        0xf CMakeFiles/SerialBuffer.dir/home/pi/pico/pico-sdk/src/rp2_common/hardware_irq/irq.c.obj
 *fill*         0x0000000010004f4b        0x1 
 .rodata.__func__.4892
                0x0000000010004f4c       0x13 CMakeFiles/SerialBuffer.dir/home/pi/pico/pico-sdk/src/rp2_common/hardware_irq/irq.c.obj
 *fill*         0x0000000010004f5f        0x1 
 .rodata.__func__.4914
                0x0000000010004f60       0x1a CMakeFiles/SerialBuffer.dir/home/pi/pico/pico-sdk/src/rp2_common/hardware_irq/irq.c.obj
 *fill*         0x0000000010004f7a        0x2 
 .rodata.insert_branch_and_link.str1.4
                0x0000000010004f7c       0x10 CMakeFiles/SerialBuffer.dir/home/pi/pico/pico-sdk/src/rp2_common/hardware_irq/irq.c.obj
 .rodata.irq_add_shared_handler.str1.4
                0x0000000010004f8c       0xd9 CMakeFiles/SerialBuffer.dir/home/pi/pico/pico-sdk/src/rp2_common/hardware_irq/irq.c.obj
 *fill*         0x0000000010005065        0x3 
 .rodata.irq_add_tail_to_free_list.str1.4
                0x0000000010005068       0x3a CMakeFiles/SerialBuffer.dir/home/pi/pico/pico-sdk/src/rp2_common/hardware_irq/irq.c.obj
 *fill*         0x00000000100050a2        0x2 
 .rodata.irq_remove_handler.str1.4
                0x00000000100050a4       0x2a CMakeFiles/SerialBuffer.dir/home/pi/pico/pico-sdk/src/rp2_common/hardware_irq/irq.c.obj
 *fill*         0x00000000100050ce        0x2 
 .rodata.irq_set_exclusive_handler.str1.4
                0x00000000100050d0       0x36 CMakeFiles/SerialBuffer.dir/home/pi/pico/pico-sdk/src/rp2_common/hardware_irq/irq.c.obj
 *fill*         0x0000000010005106        0x2 
 .rodata.make_branch.str1.4
                0x0000000010005108       0x69 CMakeFiles/SerialBuffer.dir/home/pi/pico/pico-sdk/src/rp2_common/hardware_irq/irq.c.obj
 *fill*         0x0000000010005171        0x3 
 .rodata.__func__.5751
                0x0000000010005174       0x15 CMakeFiles/SerialBuffer.dir/home/pi/pico/pico-sdk/src/common/pico_time/time.c.obj
 *fill*         0x0000000010005189        0x3 
 .rodata.__func__.6069
                0x000000001000518c        0xc CMakeFiles/SerialBuffer.dir/home/pi/pico/pico-sdk/src/common/pico_time/time.c.obj
 .rodata.__func__.6076
                0x0000000010005198       0x12 CMakeFiles/SerialBuffer.dir/home/pi/pico/pico-sdk/src/common/pico_time/time.c.obj
 *fill*         0x00000000100051aa        0x2 
 .rodata.__func__.6092
                0x00000000100051ac        0xf CMakeFiles/SerialBuffer.dir/home/pi/pico/pico-sdk/src/common/pico_time/time.c.obj
 *fill*         0x00000000100051bb        0x1 
 .rodata.__func__.6114
                0x00000000100051bc        0xd CMakeFiles/SerialBuffer.dir/home/pi/pico/pico-sdk/src/common/pico_time/time.c.obj
 *fill*         0x00000000100051c9        0x3 
 .rodata.__func__.6337
                0x00000000100051cc        0xa CMakeFiles/SerialBuffer.dir/home/pi/pico/pico-sdk/src/common/pico_time/time.c.obj
 *fill*         0x00000000100051d6        0x2 
 .rodata.__func__.6342
                0x00000000100051d8       0x12 CMakeFiles/SerialBuffer.dir/home/pi/pico/pico-sdk/src/common/pico_time/time.c.obj
 *fill*         0x00000000100051ea        0x2 
 .rodata.__func__.6357
                0x00000000100051ec       0x17 CMakeFiles/SerialBuffer.dir/home/pi/pico/pico-sdk/src/common/pico_time/time.c.obj
 *fill*         0x0000000010005203        0x1 
 .rodata.__func__.6368
                0x0000000010005204       0x15 CMakeFiles/SerialBuffer.dir/home/pi/pico/pico-sdk/src/common/pico_time/time.c.obj
 *fill*         0x0000000010005219        0x3 
 .rodata.__func__.6385
                0x000000001000521c       0x1a CMakeFiles/SerialBuffer.dir/home/pi/pico/pico-sdk/src/common/pico_time/time.c.obj
 *fill*         0x0000000010005236        0x2 
 .rodata.add_alarm_under_lock.str1.4
                0x0000000010005238       0x28 CMakeFiles/SerialBuffer.dir/home/pi/pico/pico-sdk/src/common/pico_time/time.c.obj
                                         0x2b (size before relaxing)
 .rodata.alarm_pool_alarm_callback.str1.4
                0x0000000010005260       0xe2 CMakeFiles/SerialBuffer.dir/home/pi/pico/pico-sdk/src/common/pico_time/time.c.obj
 *fill*         0x0000000010005342        0x2 
 .rodata.alarm_pool_dump_key.str1.4
                0x0000000010005344       0x33 CMakeFiles/SerialBuffer.dir/home/pi/pico/pico-sdk/src/common/pico_time/time.c.obj
 *fill*         0x0000000010005377        0x1 
 .rodata.alarm_pool_get_default.str1.4
                0x0000000010005378       0x21 CMakeFiles/SerialBuffer.dir/home/pi/pico/pico-sdk/src/common/pico_time/time.c.obj
 *fill*         0x0000000010005399        0x3 
 .rodata.ph_add_child_node.str1.4
                0x000000001000539c       0x92 CMakeFiles/SerialBuffer.dir/home/pi/pico/pico-sdk/src/common/pico_time/time.c.obj
 *fill*         0x000000001000542e        0x2 
 .rodata.repeating_timer_callback.str1.4
                0x0000000010005430       0x47 CMakeFiles/SerialBuffer.dir/home/pi/pico/pico-sdk/src/common/pico_time/time.c.obj
 *fill*         0x0000000010005477        0x1 
 .rodata.sleep_until.str1.4
                0x0000000010005478       0x4d CMakeFiles/SerialBuffer.dir/home/pi/pico/pico-sdk/src/common/pico_time/time.c.obj
 *fill*         0x00000000100054c5        0x3 
 .rodata.__func__.4625
                0x00000000100054c8       0x1a CMakeFiles/SerialBuffer.dir/home/pi/pico/pico-sdk/src/rp2_common/hardware_timer/timer.c.obj
 *fill*         0x00000000100054e2        0x2 
 .rodata.hardware_alarm_claim.str1.4
                0x00000000100054e4       0x22 CMakeFiles/SerialBuffer.dir/home/pi/pico/pico-sdk/src/rp2_common/hardware_timer/timer.c.obj
 *fill*         0x0000000010005506        0x2 
 .rodata.hardware_alarm_set_target.str1.4
                0x0000000010005508       0x61 CMakeFiles/SerialBuffer.dir/home/pi/pico/pico-sdk/src/rp2_common/hardware_timer/timer.c.obj
 *fill*         0x0000000010005569        0x3 
 .rodata.__func__.5767
                0x000000001000556c        0xc CMakeFiles/SerialBuffer.dir/home/pi/pico/pico-sdk/src/common/pico_util/pheap.c.obj
 .rodata.__func__.5774
                0x0000000010005578       0x12 CMakeFiles/SerialBuffer.dir/home/pi/pico/pico-sdk/src/common/pico_util/pheap.c.obj
 *fill*         0x000000001000558a        0x2 
 .rodata.__func__.5860
                0x000000001000558c       0x13 CMakeFiles/SerialBuffer.dir/home/pi/pico/pico-sdk/src/common/pico_util/pheap.c.obj
 *fill*         0x000000001000559f        0x1 
 .rodata.__func__.5878
                0x00000000100055a0       0x18 CMakeFiles/SerialBuffer.dir/home/pi/pico/pico-sdk/src/common/pico_util/pheap.c.obj
 .rodata.ph_add_child_node.str1.4
                0x00000000100055b8       0x92 CMakeFiles/SerialBuffer.dir/home/pi/pico/pico-sdk/src/common/pico_util/pheap.c.obj
 .rodata.ph_remove_and_free_node.str1.4
                0x00000000100055b8       0x1e CMakeFiles/SerialBuffer.dir/home/pi/pico/pico-sdk/src/common/pico_util/pheap.c.obj
                                         0x26 (size before relaxing)
 *fill*         0x00000000100055d6        0x2 
 .rodata.ph_remove_any_head.str1.4
                0x00000000100055d8       0x88 CMakeFiles/SerialBuffer.dir/home/pi/pico/pico-sdk/src/common/pico_util/pheap.c.obj
 .rodata.__func__.4759
                0x0000000010005660        0xb CMakeFiles/SerialBuffer.dir/home/pi/pico/pico-sdk/src/common/pico_sync/mutex.c.obj
 *fill*         0x000000001000566b        0x1 
 .rodata.str1.4
                0x000000001000566c       0x85 CMakeFiles/SerialBuffer.dir/home/pi/pico/pico-sdk/src/common/pico_sync/mutex.c.obj
                                         0xe5 (size before relaxing)
 *fill*         0x00000000100056f1        0x3 
 .rodata.__assert_func.str1.4
                0x00000000100056f4       0x3f CMakeFiles/SerialBuffer.dir/home/pi/pico/pico-sdk/src/rp2_common/pico_runtime/runtime.c.obj
                                         0x43 (size before relaxing)
 *fill*         0x0000000010005733        0x1 
 .rodata.__func__.5885
                0x0000000010005734        0xd CMakeFiles/SerialBuffer.dir/home/pi/pico/pico-sdk/src/rp2_common/pico_runtime/runtime.c.obj
 *fill*         0x0000000010005741        0x3 
 .rodata.panic.str1.4
                0x0000000010005744       0x12 CMakeFiles/SerialBuffer.dir/home/pi/pico/pico-sdk/src/rp2_common/pico_runtime/runtime.c.obj
 *fill*         0x0000000010005756        0x2 
 .rodata.runtime_init.str1.4
                0x0000000010005758       0x5d CMakeFiles/SerialBuffer.dir/home/pi/pico/pico-sdk/src/rp2_common/pico_runtime/runtime.c.obj
 *fill*         0x00000000100057b5        0x3 
 .rodata.__func__.4809
                0x00000000100057b8       0x10 CMakeFiles/SerialBuffer.dir/home/pi/pico/pico-sdk/src/rp2_common/hardware_clocks/clocks.c.obj
 .rodata.clock_configure.str1.4
                0x00000000100057c8       0x53 CMakeFiles/SerialBuffer.dir/home/pi/pico/pico-sdk/src/rp2_common/hardware_clocks/clocks.c.obj
 *fill*         0x000000001000581b        0x1 
 .rodata.__func__.4466
                0x000000001000581c        0x9 CMakeFiles/SerialBuffer.dir/home/pi/pico/pico-sdk/src/rp2_common/hardware_pll/pll.c.obj
 *fill*         0x0000000010005825        0x3 
 .rodata.pll_init.str1.4
                0x0000000010005828      0x137 CMakeFiles/SerialBuffer.dir/home/pi/pico/pico-sdk/src/rp2_common/hardware_pll/pll.c.obj
 *fill*         0x000000001000595f        0x1 
 .rodata._vsnprintf
                0x0000000010005960      0x1e0 CMakeFiles/SerialBuffer.dir/home/pi/pico/pico-sdk/src/rp2_common/pico_printf/printf.c.obj
 .rodata._ftoa.str1.4
                0x0000000010005b40       0x15 CMakeFiles/SerialBuffer.dir/home/pi/pico/pico-sdk/src/rp2_common/pico_printf/printf.c.obj
 *fill*         0x0000000010005b55        0x3 
 .rodata.pow10.5481
                0x0000000010005b58       0x50 CMakeFiles/SerialBuffer.dir/home/pi/pico/pico-sdk/src/rp2_common/pico_printf/printf.c.obj
 .rodata.__aeabi_double_init.str1.4
                0x0000000010005ba8       0xa4 CMakeFiles/SerialBuffer.dir/home/pi/pico/pico-sdk/src/rp2_common/pico_double/double_init_rom.c.obj
 .rodata.__func__.4778
                0x0000000010005c4c       0x14 CMakeFiles/SerialBuffer.dir/home/pi/pico/pico-sdk/src/rp2_common/pico_double/double_init_rom.c.obj
 .rodata.__aeabi_float_init.str1.4
                0x0000000010005c60       0x76 CMakeFiles/SerialBuffer.dir/home/pi/pico/pico-sdk/src/rp2_common/pico_float/float_init_rom.c.obj
                                         0x7a (size before relaxing)
 *fill*         0x0000000010005cd6        0x2 
 .rodata.__func__.4779
                0x0000000010005cd8       0x13 CMakeFiles/SerialBuffer.dir/home/pi/pico/pico-sdk/src/rp2_common/pico_float/float_init_rom.c.obj
 *fill*         0x0000000010005ceb        0x1 
 .rodata.__wrap_malloc.str1.4
                0x0000000010005cec        0xe CMakeFiles/SerialBuffer.dir/home/pi/pico/pico-sdk/src/rp2_common/pico_malloc/pico_malloc.c.obj
 *fill*         0x0000000010005cfa        0x2 
 .rodata.__bi_44
                0x0000000010005cfc        0xc CMakeFiles/SerialBuffer.dir/home/pi/pico/pico-sdk/src/rp2_common/pico_standard_link/binary_info.c.obj
 .rodata.__bi_75
                0x0000000010005d08        0xc CMakeFiles/SerialBuffer.dir/home/pi/pico/pico-sdk/src/rp2_common/pico_standard_link/binary_info.c.obj
 .rodata.__bi_81
                0x0000000010005d14        0xc CMakeFiles/SerialBuffer.dir/home/pi/pico/pico-sdk/src/rp2_common/pico_standard_link/binary_info.c.obj
 .rodata.str1.4
                0x0000000010005d20       0x44 CMakeFiles/SerialBuffer.dir/home/pi/pico/pico-sdk/src/rp2_common/pico_standard_link/binary_info.c.obj
 .rodata.crlf_str.6110
                0x0000000010005d64        0x2 CMakeFiles/SerialBuffer.dir/home/pi/pico/pico-sdk/src/rp2_common/pico_stdio/stdio.c.obj
                0x0000000010005d68                . = ALIGN (0x4)
 *fill*         0x0000000010005d66        0x2 
 *(SORT_BY_ALIGNMENT(SORT_BY_NAME(.flashdata*)))
                0x0000000010005d68                . = ALIGN (0x4)

.rel.dyn        0x0000000010005d68        0x0
 .rel.iplt      0x0000000010005d68        0x0 /usr/lib/gcc/arm-none-eabi/8.3.1/thumb/v6-m/nofp/crtbegin.o

.ARM.extab
 *(.ARM.extab* .gnu.linkonce.armextab.*)
                0x0000000010005d68                __exidx_start = .

.ARM.exidx
 *(.ARM.exidx* .gnu.linkonce.armexidx.*)
                0x0000000010005d68                __exidx_end = .
                0x0000000010005d68                . = ALIGN (0x4)
                0x0000000010005d68                __binary_info_start = .

.binary_info    0x0000000010005d68       0x1c
 *(.binary_info.keep.*)
 .binary_info.keep.__bi_ptr22
                0x0000000010005d68        0x4 CMakeFiles/SerialBuffer.dir/home/pi/pico/pico-sdk/src/rp2_common/pico_standard_link/binary_info.c.obj
 .binary_info.keep.__bi_ptr30
                0x0000000010005d6c        0x4 CMakeFiles/SerialBuffer.dir/home/pi/pico/pico-sdk/src/rp2_common/pico_standard_link/binary_info.c.obj
 .binary_info.keep.__bi_ptr38
                0x0000000010005d70        0x4 CMakeFiles/SerialBuffer.dir/home/pi/pico/pico-sdk/src/rp2_common/pico_standard_link/binary_info.c.obj
 .binary_info.keep.__bi_ptr44
                0x0000000010005d74        0x4 CMakeFiles/SerialBuffer.dir/home/pi/pico/pico-sdk/src/rp2_common/pico_standard_link/binary_info.c.obj
 .binary_info.keep.__bi_ptr50
                0x0000000010005d78        0x4 CMakeFiles/SerialBuffer.dir/home/pi/pico/pico-sdk/src/rp2_common/pico_standard_link/binary_info.c.obj
 .binary_info.keep.__bi_ptr75
                0x0000000010005d7c        0x4 CMakeFiles/SerialBuffer.dir/home/pi/pico/pico-sdk/src/rp2_common/pico_standard_link/binary_info.c.obj
 .binary_info.keep.__bi_ptr81
                0x0000000010005d80        0x4 CMakeFiles/SerialBuffer.dir/home/pi/pico/pico-sdk/src/rp2_common/pico_standard_link/binary_info.c.obj
 *(.binary_info.*)
                0x0000000010005d84                __binary_info_end = .
                0x0000000010005d84                . = ALIGN (0x4)
                0x0000000010005d84                __etext = .

.ram_vector_table
                0x0000000020000000       0xc0
 *(.ram_vector_table)
 .ram_vector_table
                0x0000000020000000       0xc0 CMakeFiles/SerialBuffer.dir/home/pi/pico/pico-sdk/src/rp2_common/pico_runtime/runtime.c.obj
                0x0000000020000000                ram_vector_table

.data           0x00000000200000c0      0xa4c load address 0x0000000010005d84
                0x00000000200000c0                __data_start__ = .
 *(vtable)
 *(.time_critical*)
 .time_critical.mutex_enter_blocking
                0x00000000200000c0       0x48 CMakeFiles/SerialBuffer.dir/home/pi/pico/pico-sdk/src/common/pico_sync/mutex.c.obj
                0x00000000200000c0                mutex_enter_blocking
 .time_critical.mutex_try_enter
                0x0000000020000108       0x48 CMakeFiles/SerialBuffer.dir/home/pi/pico/pico-sdk/src/common/pico_sync/mutex.c.obj
                0x0000000020000108                mutex_try_enter
 .time_critical.mutex_exit
                0x0000000020000150       0x4c CMakeFiles/SerialBuffer.dir/home/pi/pico/pico-sdk/src/common/pico_sync/mutex.c.obj
                0x0000000020000150                mutex_exit
 *(.text*)
 .text          0x000000002000019c        0x4 /usr/lib/gcc/arm-none-eabi/8.3.1/thumb/v6-m/nofp/libgcc.a(_dvmd_tls.o)
                0x000000002000019c                __aeabi_ldiv0
                0x000000002000019c                __aeabi_idiv0
 .text.__stub   0x00000000200001a0       0x10 linker stubs
                0x00000000200001b0                . = ALIGN (0x4)
 *(.rodata*)
                0x00000000200001b0                . = ALIGN (0x4)
 *(.data*)
 .data.channel  0x00000000200001b0       0x60 CMakeFiles/SerialBuffer.dir/main.c.obj
                0x00000000200001b0                channel
 .data.striped_spin_lock_num
                0x0000000020000210        0x1 CMakeFiles/SerialBuffer.dir/home/pi/pico/pico-sdk/src/rp2_common/hardware_sync/sync.c.obj
 *fill*         0x0000000020000211        0x3 
 .data          0x0000000020000214       0x48 CMakeFiles/SerialBuffer.dir/home/pi/pico/pico-sdk/src/rp2_common/hardware_irq/irq_handler_chain.S.obj
                0x0000000020000214                irq_handler_chain_slots
                0x0000000020000244                irq_handler_chain_first_slot
                0x000000002000024e                irq_handler_chain_remove_tail
 .data.default_alarm_pool
                0x000000002000025c       0x18 CMakeFiles/SerialBuffer.dir/home/pi/pico/pico-sdk/src/common/pico_time/time.c.obj
 .data.default_alarm_pool_heap
                0x0000000020000274       0x10 CMakeFiles/SerialBuffer.dir/home/pi/pico/pico-sdk/src/common/pico_time/time.c.obj
 *fill*         0x0000000020000284        0xc 
 .data.aeabi_bits_funcs
                0x0000000020000290       0x10 CMakeFiles/SerialBuffer.dir/home/pi/pico/pico-sdk/src/rp2_common/pico_bit_ops/bit_ops_aeabi.S.obj
                0x0000000020000290                aeabi_bits_funcs
                0x00000000200002a0                aeabi_bits_funcs_end
 .data.aeabi_mem_funcs
                0x00000000200002a0       0x10 CMakeFiles/SerialBuffer.dir/home/pi/pico/pico-sdk/src/rp2_common/pico_mem_ops/mem_ops_aeabi.S.obj
                0x00000000200002a0                aeabi_mem_funcs
                0x00000000200002b0                aeabi_mem_funcs_end
 .data          0x00000000200002b0      0x430 /usr/lib/gcc/arm-none-eabi/8.3.1/../../../arm-none-eabi/lib/thumb/v6-m/nofp/libg.a(lib_a-impure.o)
                0x00000000200002b0                _impure_ptr
 .data          0x00000000200006e0      0x410 /usr/lib/gcc/arm-none-eabi/8.3.1/../../../arm-none-eabi/lib/thumb/v6-m/nofp/libg.a(lib_a-mallocr.o)
                0x00000000200006e0                __malloc_sbrk_base
                0x00000000200006e4                __malloc_trim_threshold
                0x00000000200006e8                __malloc_av_
                0x0000000020000af0                . = ALIGN (0x4)
 *(.after_data.*)
                0x0000000020000af0                . = ALIGN (0x4)
                0x0000000020000af0                PROVIDE (__mutex_array_start = .)
 *(SORT_BY_NAME(.mutex_array.*))
 *(.mutex_array)
 .mutex_array   0x0000000020000af0        0x8 CMakeFiles/SerialBuffer.dir/home/pi/pico/pico-sdk/src/rp2_common/pico_stdio/stdio.c.obj
                0x0000000020000af8                PROVIDE (__mutex_array_end = .)
                0x0000000020000af8                . = ALIGN (0x4)
                0x0000000020000af8                PROVIDE (__preinit_array_start = .)
 *(SORT_BY_NAME(.preinit_array.*))
 .preinit_array.00001
                0x0000000020000af8        0x4 CMakeFiles/SerialBuffer.dir/home/pi/pico/pico-sdk/src/rp2_common/pico_mem_ops/mem_ops_aeabi.S.obj
 .preinit_array.00010
                0x0000000020000afc        0x4 CMakeFiles/SerialBuffer.dir/home/pi/pico/pico-sdk/src/rp2_common/pico_bit_ops/bit_ops_aeabi.S.obj
 .preinit_array.00020
                0x0000000020000b00        0x4 CMakeFiles/SerialBuffer.dir/home/pi/pico/pico-sdk/src/rp2_common/pico_double/double_aeabi.S.obj
 .preinit_array.00020
                0x0000000020000b04        0x4 CMakeFiles/SerialBuffer.dir/home/pi/pico/pico-sdk/src/rp2_common/pico_float/float_aeabi.S.obj
 *(.preinit_array)
                0x0000000020000b08                PROVIDE (__preinit_array_end = .)
                0x0000000020000b08                . = ALIGN (0x4)
                0x0000000020000b08                PROVIDE (__init_array_start = .)
 *(SORT_BY_NAME(.init_array.*))
 *(.init_array)
 .init_array    0x0000000020000b08        0x4 /usr/lib/gcc/arm-none-eabi/8.3.1/thumb/v6-m/nofp/crtbegin.o
                0x0000000020000b0c                PROVIDE (__init_array_end = .)
                0x0000000020000b0c                . = ALIGN (0x4)
                0x0000000020000b0c                PROVIDE (__fini_array_start = .)
 *(SORT_BY_NAME(.fini_array.*))
 *(.fini_array)
                0x0000000020000b0c                PROVIDE (__fini_array_end = .)
 *(.jcr)
                0x0000000020000b0c                . = ALIGN (0x4)
                0x0000000020000b0c                __data_end__ = .

.tm_clone_table
                0x0000000020000b0c        0x0 load address 0x00000000100067d0
 .tm_clone_table
                0x0000000020000b0c        0x0 /usr/lib/gcc/arm-none-eabi/8.3.1/thumb/v6-m/nofp/crtbegin.o
 .tm_clone_table
                0x0000000020000b0c        0x0 /usr/lib/gcc/arm-none-eabi/8.3.1/thumb/v6-m/nofp/crtend.o

.igot.plt       0x0000000020000b0c        0x0 load address 0x00000000100067d0
 .igot.plt      0x0000000020000b0c        0x0 /usr/lib/gcc/arm-none-eabi/8.3.1/thumb/v6-m/nofp/crtbegin.o

.uninitialized_data
                0x0000000020000b0c        0x0 load address 0x00000000100067d0
                0x0000000020000b0c                . = ALIGN (0x4)
 *(.uninitialized_data*)

.scratch_x      0x0000000020040000        0x0 load address 0x00000000100067d0
                0x0000000020040000                __scratch_x_start__ = .
 *(.scratch_x.*)
                0x0000000020040000                . = ALIGN (0x4)
                0x0000000020040000                __scratch_x_end__ = .
                0x00000000100067d0                __scratch_x_source__ = LOADADDR (.scratch_x)

.scratch_y      0x0000000020041000        0x0 load address 0x00000000100067d0
                0x0000000020041000                __scratch_y_start__ = .
 *(.scratch_y.*)
                0x0000000020041000                . = ALIGN (0x4)
                0x0000000020041000                __scratch_y_end__ = .
                0x00000000100067d0                __scratch_y_source__ = LOADADDR (.scratch_y)

.bss            0x0000000020000b10      0x40c
                0x0000000020000b10                . = ALIGN (0x4)
                0x0000000020000b10                __bss_start__ = .
 *(SORT_BY_ALIGNMENT(SORT_BY_NAME(.bss*)))
 .bss.default_alarm_pool_entries
                0x0000000020000b10      0x100 CMakeFiles/SerialBuffer.dir/home/pi/pico/pico-sdk/src/common/pico_time/time.c.obj
 .bss           0x0000000020000c10       0x1c /usr/lib/gcc/arm-none-eabi/8.3.1/thumb/v6-m/nofp/crtbegin.o
 .bss           0x0000000020000c2c       0x34 /usr/lib/gcc/arm-none-eabi/8.3.1/../../../arm-none-eabi/lib/thumb/v6-m/nofp/libg.a(lib_a-mallocr.o)
                0x0000000020000c2c                __malloc_top_pad
                0x0000000020000c30                __malloc_current_mallinfo
                0x0000000020000c58                __malloc_max_sbrked_mem
                0x0000000020000c5c                __malloc_max_total_mem
 .bss.alarm_callbacks
                0x0000000020000c60       0x10 CMakeFiles/SerialBuffer.dir/home/pi/pico/pico-sdk/src/rp2_common/hardware_timer/timer.c.obj
 .bss.configured_freq
                0x0000000020000c70       0x28 CMakeFiles/SerialBuffer.dir/home/pi/pico/pico-sdk/src/rp2_common/hardware_clocks/clocks.c.obj
 .bss.default_alarm_pool_entry_ids_high
                0x0000000020000c98       0x10 CMakeFiles/SerialBuffer.dir/home/pi/pico/pico-sdk/src/common/pico_time/time.c.obj
 .bss.default_alarm_pool_heap_nodes
                0x0000000020000ca8       0x30 CMakeFiles/SerialBuffer.dir/home/pi/pico/pico-sdk/src/common/pico_time/time.c.obj
 .bss.drivers   0x0000000020000cd8        0x4 CMakeFiles/SerialBuffer.dir/home/pi/pico/pico-sdk/src/rp2_common/pico_stdio/stdio.c.obj
 .bss.filter    0x0000000020000cdc        0x4 CMakeFiles/SerialBuffer.dir/home/pi/pico/pico-sdk/src/rp2_common/pico_stdio/stdio.c.obj
 .bss.heap_end.5914
                0x0000000020000ce0        0x4 CMakeFiles/SerialBuffer.dir/home/pi/pico/pico-sdk/src/rp2_common/pico_runtime/runtime.c.obj
 .bss.pools     0x0000000020000ce4       0x10 CMakeFiles/SerialBuffer.dir/home/pi/pico/pico-sdk/src/common/pico_time/time.c.obj
 .bss.sf_clz_func
                0x0000000020000cf4        0x4 CMakeFiles/SerialBuffer.dir/home/pi/pico/pico-sdk/src/rp2_common/pico_double/double_init_rom.c.obj
                0x0000000020000cf4                sf_clz_func
 .bss.sleep_notifier
                0x0000000020000cf8        0x4 CMakeFiles/SerialBuffer.dir/home/pi/pico/pico-sdk/src/common/pico_time/time.c.obj
 .bss.target_hi
                0x0000000020000cfc       0x10 CMakeFiles/SerialBuffer.dir/home/pi/pico/pico-sdk/src/rp2_common/hardware_timer/timer.c.obj
 .bss.claimed   0x0000000020000d0c        0x1 CMakeFiles/SerialBuffer.dir/home/pi/pico/pico-sdk/src/rp2_common/hardware_timer/timer.c.obj
 .bss.irq_hander_chain_free_slot_head
                0x0000000020000d0d        0x1 CMakeFiles/SerialBuffer.dir/home/pi/pico/pico-sdk/src/rp2_common/hardware_irq/irq.c.obj
 .bss.timer_callbacks_pending
                0x0000000020000d0e        0x1 CMakeFiles/SerialBuffer.dir/home/pi/pico/pico-sdk/src/rp2_common/hardware_timer/timer.c.obj
 *(COMMON)
 COMMON         0x0000000020000d0f        0x3 CMakeFiles/SerialBuffer.dir/main.c.obj
                0x0000000020000d0f                im_char
                0x0000000020000d10                tx_char
                0x0000000020000d11                rx_char
 *fill*         0x0000000020000d12        0x2 
 COMMON         0x0000000020000d14        0x4 CMakeFiles/SerialBuffer.dir/home/pi/pico/pico-sdk/src/rp2_common/hardware_uart/uart.c.obj
                0x0000000020000d14                uart_char_to_line_feed
 COMMON         0x0000000020000d18      0x100 CMakeFiles/SerialBuffer.dir/home/pi/pico/pico-sdk/src/rp2_common/pico_double/double_init_rom.c.obj
                0x0000000020000d18                sd_table
 COMMON         0x0000000020000e18      0x100 CMakeFiles/SerialBuffer.dir/home/pi/pico/pico-sdk/src/rp2_common/pico_float/float_init_rom.c.obj
                0x0000000020000e18                sf_table
 COMMON         0x0000000020000f18        0x4 /usr/lib/gcc/arm-none-eabi/8.3.1/../../../arm-none-eabi/lib/thumb/v6-m/nofp/libg.a(lib_a-reent.o)
                0x0000000020000f18                errno
                0x0000000020000f1c                . = ALIGN (0x4)
                0x0000000020000f1c                __bss_end__ = .

.heap           0x0000000020000f1c      0x800
                0x0000000020000f1c                __end__ = .
                0x0000000020000f1c                end = __end__
 *(.heap*)
 .heap          0x0000000020000f1c      0x800 CMakeFiles/SerialBuffer.dir/home/pi/pico/pico-sdk/src/rp2_common/pico_standard_link/crt0.S.obj
                0x000000002000171c                __HeapLimit = .

.stack1_dummy   0x0000000020040000        0x0
 *(.stack1*)

.stack_dummy    0x0000000020041000      0x800
 *(.stack*)
 .stack         0x0000000020041000      0x800 CMakeFiles/SerialBuffer.dir/home/pi/pico/pico-sdk/src/rp2_common/pico_standard_link/crt0.S.obj

.flash_end      0x00000000100067d0        0x0
                0x00000000100067d0                __flash_binary_end = .
                0x0000000020040000                __StackLimit = (ORIGIN (RAM) + LENGTH (RAM))
                0x0000000020041000                __StackOneTop = (ORIGIN (SCRATCH_X) + LENGTH (SCRATCH_X))
                0x0000000020042000                __StackTop = (ORIGIN (SCRATCH_Y) + LENGTH (SCRATCH_Y))
                0x0000000020041000                __StackOneBottom = (__StackOneTop - SIZEOF (.stack1_dummy))
                0x0000000020041800                __StackBottom = (__StackTop - SIZEOF (.stack_dummy))
                0x0000000020042000                PROVIDE (__stack = __StackTop)
                0x0000000000000001                ASSERT ((__StackLimit >= __HeapLimit), region RAM overflowed)
                0x0000000000000001                ASSERT (((__binary_info_header_end - __logical_binary_start) <= 0x100), Binary info must be in first 256 bytes of the binary)
LOAD CMakeFiles/SerialBuffer.dir/main.c.obj
LOAD CMakeFiles/SerialBuffer.dir/fifo.c.obj
LOAD CMakeFiles/SerialBuffer.dir/home/pi/pico/pico-sdk/src/rp2_common/pico_stdlib/stdlib.c.obj
LOAD CMakeFiles/SerialBuffer.dir/home/pi/pico/pico-sdk/src/rp2_common/hardware_gpio/gpio.c.obj
LOAD CMakeFiles/SerialBuffer.dir/home/pi/pico/pico-sdk/src/rp2_common/hardware_claim/claim.c.obj
LOAD CMakeFiles/SerialBuffer.dir/home/pi/pico/pico-sdk/src/rp2_common/pico_platform/platform.c.obj
LOAD CMakeFiles/SerialBuffer.dir/home/pi/pico/pico-sdk/src/rp2_common/hardware_sync/sync.c.obj
LOAD CMakeFiles/SerialBuffer.dir/home/pi/pico/pico-sdk/src/rp2_common/hardware_irq/irq.c.obj
LOAD CMakeFiles/SerialBuffer.dir/home/pi/pico/pico-sdk/src/rp2_common/hardware_irq/irq_handler_chain.S.obj
LOAD CMakeFiles/SerialBuffer.dir/home/pi/pico/pico-sdk/src/common/pico_sync/sem.c.obj
LOAD CMakeFiles/SerialBuffer.dir/home/pi/pico/pico-sdk/src/common/pico_sync/lock_core.c.obj
LOAD CMakeFiles/SerialBuffer.dir/home/pi/pico/pico-sdk/src/common/pico_time/time.c.obj
LOAD CMakeFiles/SerialBuffer.dir/home/pi/pico/pico-sdk/src/common/pico_time/timeout_helper.c.obj
LOAD CMakeFiles/SerialBuffer.dir/home/pi/pico/pico-sdk/src/rp2_common/hardware_timer/timer.c.obj
LOAD CMakeFiles/SerialBuffer.dir/home/pi/pico/pico-sdk/src/common/pico_util/datetime.c.obj
LOAD CMakeFiles/SerialBuffer.dir/home/pi/pico/pico-sdk/src/common/pico_util/pheap.c.obj
LOAD CMakeFiles/SerialBuffer.dir/home/pi/pico/pico-sdk/src/common/pico_util/queue.c.obj
LOAD CMakeFiles/SerialBuffer.dir/home/pi/pico/pico-sdk/src/common/pico_sync/mutex.c.obj
LOAD CMakeFiles/SerialBuffer.dir/home/pi/pico/pico-sdk/src/common/pico_sync/critical_section.c.obj
LOAD CMakeFiles/SerialBuffer.dir/home/pi/pico/pico-sdk/src/rp2_common/hardware_uart/uart.c.obj
LOAD CMakeFiles/SerialBuffer.dir/home/pi/pico/pico-sdk/src/rp2_common/hardware_divider/divider.S.obj
LOAD CMakeFiles/SerialBuffer.dir/home/pi/pico/pico-sdk/src/rp2_common/pico_runtime/runtime.c.obj
LOAD CMakeFiles/SerialBuffer.dir/home/pi/pico/pico-sdk/src/rp2_common/hardware_clocks/clocks.c.obj
LOAD CMakeFiles/SerialBuffer.dir/home/pi/pico/pico-sdk/src/rp2_common/hardware_pll/pll.c.obj
LOAD CMakeFiles/SerialBuffer.dir/home/pi/pico/pico-sdk/src/rp2_common/hardware_vreg/vreg.c.obj
LOAD CMakeFiles/SerialBuffer.dir/home/pi/pico/pico-sdk/src/rp2_common/hardware_watchdog/watchdog.c.obj
LOAD CMakeFiles/SerialBuffer.dir/home/pi/pico/pico-sdk/src/rp2_common/hardware_xosc/xosc.c.obj
LOAD CMakeFiles/SerialBuffer.dir/home/pi/pico/pico-sdk/src/rp2_common/pico_printf/printf.c.obj
LOAD CMakeFiles/SerialBuffer.dir/home/pi/pico/pico-sdk/src/rp2_common/pico_bit_ops/bit_ops_aeabi.S.obj
LOAD CMakeFiles/SerialBuffer.dir/home/pi/pico/pico-sdk/src/rp2_common/pico_bootrom/bootrom.c.obj
LOAD CMakeFiles/SerialBuffer.dir/home/pi/pico/pico-sdk/src/rp2_common/pico_divider/divider.S.obj
LOAD CMakeFiles/SerialBuffer.dir/home/pi/pico/pico-sdk/src/rp2_common/pico_double/double_aeabi.S.obj
LOAD CMakeFiles/SerialBuffer.dir/home/pi/pico/pico-sdk/src/rp2_common/pico_double/double_init_rom.c.obj
LOAD CMakeFiles/SerialBuffer.dir/home/pi/pico/pico-sdk/src/rp2_common/pico_double/double_math.c.obj
LOAD CMakeFiles/SerialBuffer.dir/home/pi/pico/pico-sdk/src/rp2_common/pico_double/double_v1_rom_shim.S.obj
LOAD CMakeFiles/SerialBuffer.dir/home/pi/pico/pico-sdk/src/rp2_common/pico_int64_ops/pico_int64_ops_aeabi.S.obj
LOAD CMakeFiles/SerialBuffer.dir/home/pi/pico/pico-sdk/src/rp2_common/pico_float/float_aeabi.S.obj
LOAD CMakeFiles/SerialBuffer.dir/home/pi/pico/pico-sdk/src/rp2_common/pico_float/float_init_rom.c.obj
LOAD CMakeFiles/SerialBuffer.dir/home/pi/pico/pico-sdk/src/rp2_common/pico_float/float_math.c.obj
LOAD CMakeFiles/SerialBuffer.dir/home/pi/pico/pico-sdk/src/rp2_common/pico_float/float_v1_rom_shim.S.obj
LOAD CMakeFiles/SerialBuffer.dir/home/pi/pico/pico-sdk/src/rp2_common/pico_malloc/pico_malloc.c.obj
LOAD CMakeFiles/SerialBuffer.dir/home/pi/pico/pico-sdk/src/rp2_common/pico_mem_ops/mem_ops_aeabi.S.obj
LOAD CMakeFiles/SerialBuffer.dir/home/pi/pico/pico-sdk/src/rp2_common/pico_standard_link/crt0.S.obj
LOAD CMakeFiles/SerialBuffer.dir/home/pi/pico/pico-sdk/src/rp2_common/pico_standard_link/new_delete.cpp.obj
LOAD CMakeFiles/SerialBuffer.dir/home/pi/pico/pico-sdk/src/rp2_common/pico_standard_link/binary_info.c.obj
LOAD CMakeFiles/SerialBuffer.dir/home/pi/pico/pico-sdk/src/rp2_common/pico_stdio/stdio.c.obj
LOAD CMakeFiles/SerialBuffer.dir/home/pi/pico/pico-sdk/src/rp2_common/pico_stdio_uart/stdio_uart.c.obj
LOAD /tmp/cc9ySnYy.o
LOAD /usr/lib/gcc/arm-none-eabi/8.3.1/../../../arm-none-eabi/lib/thumb/v6-m/nofp/libstdc++.a
LOAD /usr/lib/gcc/arm-none-eabi/8.3.1/../../../arm-none-eabi/lib/thumb/v6-m/nofp/libm.a
START GROUP
LOAD /usr/lib/gcc/arm-none-eabi/8.3.1/thumb/v6-m/nofp/libgcc.a
LOAD /usr/lib/gcc/arm-none-eabi/8.3.1/../../../arm-none-eabi/lib/thumb/v6-m/nofp/libg.a
LOAD /usr/lib/gcc/arm-none-eabi/8.3.1/../../../arm-none-eabi/lib/thumb/v6-m/nofp/libc.a
END GROUP
START GROUP
LOAD /usr/lib/gcc/arm-none-eabi/8.3.1/thumb/v6-m/nofp/libgcc.a
LOAD /usr/lib/gcc/arm-none-eabi/8.3.1/../../../arm-none-eabi/lib/thumb/v6-m/nofp/libc.a
LOAD /usr/lib/gcc/arm-none-eabi/8.3.1/../../../arm-none-eabi/lib/thumb/v6-m/nofp/libnosys.a
END GROUP
LOAD /usr/lib/gcc/arm-none-eabi/8.3.1/thumb/v6-m/nofp/crtend.o
LOAD /usr/lib/gcc/arm-none-eabi/8.3.1/thumb/v6-m/nofp/crtn.o
OUTPUT(SerialBuffer.elf elf32-littlearm)
LOAD linker stubs

.ARM.attributes
                0x0000000000000000       0x28
 .ARM.attributes
                0x0000000000000000       0x1e /usr/lib/gcc/arm-none-eabi/8.3.1/thumb/v6-m/nofp/crti.o
 .ARM.attributes
                0x000000000000001e       0x2c /usr/lib/gcc/arm-none-eabi/8.3.1/thumb/v6-m/nofp/crtbegin.o
 .ARM.attributes
                0x000000000000004a       0x2c CMakeFiles/SerialBuffer.dir/main.c.obj
 .ARM.attributes
                0x0000000000000076       0x2c CMakeFiles/SerialBuffer.dir/fifo.c.obj
 .ARM.attributes
                0x00000000000000a2       0x2c CMakeFiles/SerialBuffer.dir/home/pi/pico/pico-sdk/src/rp2_common/hardware_gpio/gpio.c.obj
 .ARM.attributes
                0x00000000000000ce       0x2c CMakeFiles/SerialBuffer.dir/home/pi/pico/pico-sdk/src/rp2_common/hardware_claim/claim.c.obj
 .ARM.attributes
                0x00000000000000fa       0x2c CMakeFiles/SerialBuffer.dir/home/pi/pico/pico-sdk/src/rp2_common/pico_platform/platform.c.obj
 .ARM.attributes
                0x0000000000000126       0x2c CMakeFiles/SerialBuffer.dir/home/pi/pico/pico-sdk/src/rp2_common/hardware_sync/sync.c.obj
 .ARM.attributes
                0x0000000000000152       0x2c CMakeFiles/SerialBuffer.dir/home/pi/pico/pico-sdk/src/rp2_common/hardware_irq/irq.c.obj
 .ARM.attributes
                0x000000000000017e       0x22 CMakeFiles/SerialBuffer.dir/home/pi/pico/pico-sdk/src/rp2_common/hardware_irq/irq_handler_chain.S.obj
 .ARM.attributes
                0x00000000000001a0       0x2c CMakeFiles/SerialBuffer.dir/home/pi/pico/pico-sdk/src/common/pico_sync/lock_core.c.obj
 .ARM.attributes
                0x00000000000001cc       0x2c CMakeFiles/SerialBuffer.dir/home/pi/pico/pico-sdk/src/common/pico_time/time.c.obj
 .ARM.attributes
                0x00000000000001f8       0x2c CMakeFiles/SerialBuffer.dir/home/pi/pico/pico-sdk/src/rp2_common/hardware_timer/timer.c.obj
 .ARM.attributes
                0x0000000000000224       0x2c CMakeFiles/SerialBuffer.dir/home/pi/pico/pico-sdk/src/common/pico_util/pheap.c.obj
 .ARM.attributes
                0x0000000000000250       0x2c CMakeFiles/SerialBuffer.dir/home/pi/pico/pico-sdk/src/common/pico_sync/mutex.c.obj
 .ARM.attributes
                0x000000000000027c       0x2c CMakeFiles/SerialBuffer.dir/home/pi/pico/pico-sdk/src/rp2_common/hardware_uart/uart.c.obj
 .ARM.attributes
                0x00000000000002a8       0x2c CMakeFiles/SerialBuffer.dir/home/pi/pico/pico-sdk/src/rp2_common/pico_runtime/runtime.c.obj
 .ARM.attributes
                0x00000000000002d4       0x2c CMakeFiles/SerialBuffer.dir/home/pi/pico/pico-sdk/src/rp2_common/hardware_clocks/clocks.c.obj
 .ARM.attributes
                0x0000000000000300       0x2c CMakeFiles/SerialBuffer.dir/home/pi/pico/pico-sdk/src/rp2_common/hardware_pll/pll.c.obj
 .ARM.attributes
                0x000000000000032c       0x2c CMakeFiles/SerialBuffer.dir/home/pi/pico/pico-sdk/src/rp2_common/hardware_watchdog/watchdog.c.obj
 .ARM.attributes
                0x0000000000000358       0x2c CMakeFiles/SerialBuffer.dir/home/pi/pico/pico-sdk/src/rp2_common/hardware_xosc/xosc.c.obj
 .ARM.attributes
                0x0000000000000384       0x2c CMakeFiles/SerialBuffer.dir/home/pi/pico/pico-sdk/src/rp2_common/pico_printf/printf.c.obj
 .ARM.attributes
                0x00000000000003b0       0x22 CMakeFiles/SerialBuffer.dir/home/pi/pico/pico-sdk/src/rp2_common/pico_bit_ops/bit_ops_aeabi.S.obj
 .ARM.attributes
                0x00000000000003d2       0x2c CMakeFiles/SerialBuffer.dir/home/pi/pico/pico-sdk/src/rp2_common/pico_bootrom/bootrom.c.obj
 .ARM.attributes
                0x00000000000003fe       0x22 CMakeFiles/SerialBuffer.dir/home/pi/pico/pico-sdk/src/rp2_common/pico_divider/divider.S.obj
 .ARM.attributes
                0x0000000000000420       0x22 CMakeFiles/SerialBuffer.dir/home/pi/pico/pico-sdk/src/rp2_common/pico_double/double_aeabi.S.obj
 .ARM.attributes
                0x0000000000000442       0x2c CMakeFiles/SerialBuffer.dir/home/pi/pico/pico-sdk/src/rp2_common/pico_double/double_init_rom.c.obj
 .ARM.attributes
                0x000000000000046e       0x22 CMakeFiles/SerialBuffer.dir/home/pi/pico/pico-sdk/src/rp2_common/pico_double/double_v1_rom_shim.S.obj
 .ARM.attributes
                0x0000000000000490       0x22 CMakeFiles/SerialBuffer.dir/home/pi/pico/pico-sdk/src/rp2_common/pico_int64_ops/pico_int64_ops_aeabi.S.obj
 .ARM.attributes
                0x00000000000004b2       0x22 CMakeFiles/SerialBuffer.dir/home/pi/pico/pico-sdk/src/rp2_common/pico_float/float_aeabi.S.obj
 .ARM.attributes
                0x00000000000004d4       0x2c CMakeFiles/SerialBuffer.dir/home/pi/pico/pico-sdk/src/rp2_common/pico_float/float_init_rom.c.obj
 .ARM.attributes
                0x0000000000000500       0x22 CMakeFiles/SerialBuffer.dir/home/pi/pico/pico-sdk/src/rp2_common/pico_float/float_v1_rom_shim.S.obj
 .ARM.attributes
                0x0000000000000522       0x2c CMakeFiles/SerialBuffer.dir/home/pi/pico/pico-sdk/src/rp2_common/pico_malloc/pico_malloc.c.obj
 .ARM.attributes
                0x000000000000054e       0x22 CMakeFiles/SerialBuffer.dir/home/pi/pico/pico-sdk/src/rp2_common/pico_mem_ops/mem_ops_aeabi.S.obj
 .ARM.attributes
                0x0000000000000570       0x22 CMakeFiles/SerialBuffer.dir/home/pi/pico/pico-sdk/src/rp2_common/pico_standard_link/crt0.S.obj
 .ARM.attributes
                0x0000000000000592       0x32 CMakeFiles/SerialBuffer.dir/home/pi/pico/pico-sdk/src/rp2_common/pico_standard_link/binary_info.c.obj
 .ARM.attributes
                0x00000000000005c4       0x2c CMakeFiles/SerialBuffer.dir/home/pi/pico/pico-sdk/src/rp2_common/pico_stdio/stdio.c.obj
 .ARM.attributes
                0x00000000000005f0       0x22 /tmp/cc9ySnYy.o
 .ARM.attributes
                0x0000000000000612       0x1e /usr/lib/gcc/arm-none-eabi/8.3.1/thumb/v6-m/nofp/libgcc.a(_dvmd_tls.o)
 .ARM.attributes
                0x0000000000000630       0x2c /usr/lib/gcc/arm-none-eabi/8.3.1/../../../arm-none-eabi/lib/thumb/v6-m/nofp/libg.a(lib_a-impure.o)
 .ARM.attributes
                0x000000000000065c       0x2c /usr/lib/gcc/arm-none-eabi/8.3.1/../../../arm-none-eabi/lib/thumb/v6-m/nofp/libg.a(lib_a-malloc.o)
 .ARM.attributes
                0x0000000000000688       0x2c /usr/lib/gcc/arm-none-eabi/8.3.1/../../../arm-none-eabi/lib/thumb/v6-m/nofp/libg.a(lib_a-mallocr.o)
 .ARM.attributes
                0x00000000000006b4       0x2c /usr/lib/gcc/arm-none-eabi/8.3.1/../../../arm-none-eabi/lib/thumb/v6-m/nofp/libg.a(lib_a-mlock.o)
 .ARM.attributes
                0x00000000000006e0       0x2c /usr/lib/gcc/arm-none-eabi/8.3.1/../../../arm-none-eabi/lib/thumb/v6-m/nofp/libg.a(lib_a-sbrkr.o)
 .ARM.attributes
                0x000000000000070c       0x2c /usr/lib/gcc/arm-none-eabi/8.3.1/../../../arm-none-eabi/lib/thumb/v6-m/nofp/libg.a(lib_a-strlen-stub.o)
 .ARM.attributes
                0x0000000000000738       0x2c /usr/lib/gcc/arm-none-eabi/8.3.1/../../../arm-none-eabi/lib/thumb/v6-m/nofp/libg.a(lib_a-freer.o)
 .ARM.attributes
                0x0000000000000764       0x2c /usr/lib/gcc/arm-none-eabi/8.3.1/../../../arm-none-eabi/lib/thumb/v6-m/nofp/libg.a(lib_a-reent.o)
 .ARM.attributes
                0x0000000000000790       0x2c /usr/lib/gcc/arm-none-eabi/8.3.1/thumb/v6-m/nofp/crtend.o

.comment        0x0000000000000000       0x9f
 .comment       0x0000000000000000       0x51 /usr/lib/gcc/arm-none-eabi/8.3.1/thumb/v6-m/nofp/crtbegin.o
                                         0x52 (size before relaxing)
 .comment       0x0000000000000051       0x52 CMakeFiles/SerialBuffer.dir/main.c.obj
 .comment       0x0000000000000051       0x52 CMakeFiles/SerialBuffer.dir/fifo.c.obj
 .comment       0x0000000000000051       0x52 CMakeFiles/SerialBuffer.dir/home/pi/pico/pico-sdk/src/rp2_common/hardware_gpio/gpio.c.obj
 .comment       0x0000000000000051       0x52 CMakeFiles/SerialBuffer.dir/home/pi/pico/pico-sdk/src/rp2_common/hardware_claim/claim.c.obj
 .comment       0x0000000000000051       0x52 CMakeFiles/SerialBuffer.dir/home/pi/pico/pico-sdk/src/rp2_common/pico_platform/platform.c.obj
 .comment       0x0000000000000051       0x52 CMakeFiles/SerialBuffer.dir/home/pi/pico/pico-sdk/src/rp2_common/hardware_sync/sync.c.obj
 .comment       0x0000000000000051       0x52 CMakeFiles/SerialBuffer.dir/home/pi/pico/pico-sdk/src/rp2_common/hardware_irq/irq.c.obj
 .comment       0x0000000000000051       0x52 CMakeFiles/SerialBuffer.dir/home/pi/pico/pico-sdk/src/common/pico_sync/lock_core.c.obj
 .comment       0x0000000000000051       0x52 CMakeFiles/SerialBuffer.dir/home/pi/pico/pico-sdk/src/common/pico_time/time.c.obj
 .comment       0x0000000000000051       0x52 CMakeFiles/SerialBuffer.dir/home/pi/pico/pico-sdk/src/rp2_common/hardware_timer/timer.c.obj
 .comment       0x0000000000000051       0x52 CMakeFiles/SerialBuffer.dir/home/pi/pico/pico-sdk/src/common/pico_util/pheap.c.obj
 .comment       0x0000000000000051       0x52 CMakeFiles/SerialBuffer.dir/home/pi/pico/pico-sdk/src/common/pico_sync/mutex.c.obj
 .comment       0x0000000000000051       0x52 CMakeFiles/SerialBuffer.dir/home/pi/pico/pico-sdk/src/rp2_common/hardware_uart/uart.c.obj
 .comment       0x0000000000000051       0x52 CMakeFiles/SerialBuffer.dir/home/pi/pico/pico-sdk/src/rp2_common/pico_runtime/runtime.c.obj
 .comment       0x0000000000000051       0x52 CMakeFiles/SerialBuffer.dir/home/pi/pico/pico-sdk/src/rp2_common/hardware_clocks/clocks.c.obj
 .comment       0x0000000000000051       0x52 CMakeFiles/SerialBuffer.dir/home/pi/pico/pico-sdk/src/rp2_common/hardware_pll/pll.c.obj
 .comment       0x0000000000000051       0x52 CMakeFiles/SerialBuffer.dir/home/pi/pico/pico-sdk/src/rp2_common/hardware_watchdog/watchdog.c.obj
 .comment       0x0000000000000051       0x52 CMakeFiles/SerialBuffer.dir/home/pi/pico/pico-sdk/src/rp2_common/hardware_xosc/xosc.c.obj
 .comment       0x0000000000000051       0x52 CMakeFiles/SerialBuffer.dir/home/pi/pico/pico-sdk/src/rp2_common/pico_printf/printf.c.obj
 .comment       0x0000000000000051       0x52 CMakeFiles/SerialBuffer.dir/home/pi/pico/pico-sdk/src/rp2_common/pico_bootrom/bootrom.c.obj
 .comment       0x0000000000000051       0x52 CMakeFiles/SerialBuffer.dir/home/pi/pico/pico-sdk/src/rp2_common/pico_double/double_init_rom.c.obj
 .comment       0x0000000000000051       0x52 CMakeFiles/SerialBuffer.dir/home/pi/pico/pico-sdk/src/rp2_common/pico_float/float_init_rom.c.obj
 .comment       0x0000000000000051       0x52 CMakeFiles/SerialBuffer.dir/home/pi/pico/pico-sdk/src/rp2_common/pico_malloc/pico_malloc.c.obj
 .comment       0x0000000000000051       0x52 CMakeFiles/SerialBuffer.dir/home/pi/pico/pico-sdk/src/rp2_common/pico_standard_link/binary_info.c.obj
 .comment       0x0000000000000051       0x52 CMakeFiles/SerialBuffer.dir/home/pi/pico/pico-sdk/src/rp2_common/pico_stdio/stdio.c.obj
 .comment       0x0000000000000051       0x4e /usr/lib/gcc/arm-none-eabi/8.3.1/../../../arm-none-eabi/lib/thumb/v6-m/nofp/libg.a(lib_a-impure.o)
                                         0x4f (size before relaxing)
 .comment       0x000000000000009f       0x4f /usr/lib/gcc/arm-none-eabi/8.3.1/../../../arm-none-eabi/lib/thumb/v6-m/nofp/libg.a(lib_a-malloc.o)
 .comment       0x000000000000009f       0x4f /usr/lib/gcc/arm-none-eabi/8.3.1/../../../arm-none-eabi/lib/thumb/v6-m/nofp/libg.a(lib_a-mallocr.o)
 .comment       0x000000000000009f       0x4f /usr/lib/gcc/arm-none-eabi/8.3.1/../../../arm-none-eabi/lib/thumb/v6-m/nofp/libg.a(lib_a-mlock.o)
 .comment       0x000000000000009f       0x4f /usr/lib/gcc/arm-none-eabi/8.3.1/../../../arm-none-eabi/lib/thumb/v6-m/nofp/libg.a(lib_a-sbrkr.o)
 .comment       0x000000000000009f       0x4f /usr/lib/gcc/arm-none-eabi/8.3.1/../../../arm-none-eabi/lib/thumb/v6-m/nofp/libg.a(lib_a-strlen-stub.o)
 .comment       0x000000000000009f       0x4f /usr/lib/gcc/arm-none-eabi/8.3.1/../../../arm-none-eabi/lib/thumb/v6-m/nofp/libg.a(lib_a-freer.o)
 .comment       0x000000000000009f       0x4f /usr/lib/gcc/arm-none-eabi/8.3.1/../../../arm-none-eabi/lib/thumb/v6-m/nofp/libg.a(lib_a-reent.o)
 .comment       0x000000000000009f       0x52 /usr/lib/gcc/arm-none-eabi/8.3.1/thumb/v6-m/nofp/crtend.o

.debug_info     0x0000000000000000    0x1f733
 .debug_info    0x0000000000000000     0x1d03 CMakeFiles/SerialBuffer.dir/main.c.obj
 .debug_info    0x0000000000001d03      0x9fa CMakeFiles/SerialBuffer.dir/fifo.c.obj
 .debug_info    0x00000000000026fd     0x16a5 CMakeFiles/SerialBuffer.dir/home/pi/pico/pico-sdk/src/rp2_common/hardware_gpio/gpio.c.obj
 .debug_info    0x0000000000003da2      0x6a7 CMakeFiles/SerialBuffer.dir/home/pi/pico/pico-sdk/src/rp2_common/hardware_claim/claim.c.obj
 .debug_info    0x0000000000004449      0x1cb CMakeFiles/SerialBuffer.dir/home/pi/pico/pico-sdk/src/rp2_common/pico_platform/platform.c.obj
 .debug_info    0x0000000000004614      0x591 CMakeFiles/SerialBuffer.dir/home/pi/pico/pico-sdk/src/rp2_common/hardware_sync/sync.c.obj
 .debug_info    0x0000000000004ba5     0x1c91 CMakeFiles/SerialBuffer.dir/home/pi/pico/pico-sdk/src/rp2_common/hardware_irq/irq.c.obj
 .debug_info    0x0000000000006836       0x26 CMakeFiles/SerialBuffer.dir/home/pi/pico/pico-sdk/src/rp2_common/hardware_irq/irq_handler_chain.S.obj
 .debug_info    0x000000000000685c      0x1ed CMakeFiles/SerialBuffer.dir/home/pi/pico/pico-sdk/src/common/pico_sync/lock_core.c.obj
 .debug_info    0x0000000000006a49     0x43ec CMakeFiles/SerialBuffer.dir/home/pi/pico/pico-sdk/src/common/pico_time/time.c.obj
 .debug_info    0x000000000000ae35     0x10dc CMakeFiles/SerialBuffer.dir/home/pi/pico/pico-sdk/src/rp2_common/hardware_timer/timer.c.obj
 .debug_info    0x000000000000bf11     0x1aab CMakeFiles/SerialBuffer.dir/home/pi/pico/pico-sdk/src/common/pico_util/pheap.c.obj
 .debug_info    0x000000000000d9bc     0x2045 CMakeFiles/SerialBuffer.dir/home/pi/pico/pico-sdk/src/common/pico_sync/mutex.c.obj
 .debug_info    0x000000000000fa01      0xb37 CMakeFiles/SerialBuffer.dir/home/pi/pico/pico-sdk/src/rp2_common/hardware_uart/uart.c.obj
 .debug_info    0x0000000000010538     0x1341 CMakeFiles/SerialBuffer.dir/home/pi/pico/pico-sdk/src/rp2_common/pico_runtime/runtime.c.obj
 .debug_info    0x0000000000011879      0xedd CMakeFiles/SerialBuffer.dir/home/pi/pico/pico-sdk/src/rp2_common/hardware_clocks/clocks.c.obj
 .debug_info    0x0000000000012756      0x517 CMakeFiles/SerialBuffer.dir/home/pi/pico/pico-sdk/src/rp2_common/hardware_pll/pll.c.obj
 .debug_info    0x0000000000012c6d      0xd7d CMakeFiles/SerialBuffer.dir/home/pi/pico/pico-sdk/src/rp2_common/hardware_watchdog/watchdog.c.obj
 .debug_info    0x00000000000139ea      0x1b8 CMakeFiles/SerialBuffer.dir/home/pi/pico/pico-sdk/src/rp2_common/hardware_xosc/xosc.c.obj
 .debug_info    0x0000000000013ba2     0x2032 CMakeFiles/SerialBuffer.dir/home/pi/pico/pico-sdk/src/rp2_common/pico_printf/printf.c.obj
 .debug_info    0x0000000000015bd4       0x22 CMakeFiles/SerialBuffer.dir/home/pi/pico/pico-sdk/src/rp2_common/pico_bit_ops/bit_ops_aeabi.S.obj
 .debug_info    0x0000000000015bf6      0x262 CMakeFiles/SerialBuffer.dir/home/pi/pico/pico-sdk/src/rp2_common/pico_bootrom/bootrom.c.obj
 .debug_info    0x0000000000015e58       0x22 CMakeFiles/SerialBuffer.dir/home/pi/pico/pico-sdk/src/rp2_common/pico_divider/divider.S.obj
 .debug_info    0x0000000000015e7a       0x22 CMakeFiles/SerialBuffer.dir/home/pi/pico/pico-sdk/src/rp2_common/pico_double/double_aeabi.S.obj
 .debug_info    0x0000000000015e9c      0xb2a CMakeFiles/SerialBuffer.dir/home/pi/pico/pico-sdk/src/rp2_common/pico_double/double_init_rom.c.obj
 .debug_info    0x00000000000169c6       0x22 CMakeFiles/SerialBuffer.dir/home/pi/pico/pico-sdk/src/rp2_common/pico_double/double_v1_rom_shim.S.obj
 .debug_info    0x00000000000169e8       0x26 CMakeFiles/SerialBuffer.dir/home/pi/pico/pico-sdk/src/rp2_common/pico_int64_ops/pico_int64_ops_aeabi.S.obj
 .debug_info    0x0000000000016a0e       0x22 CMakeFiles/SerialBuffer.dir/home/pi/pico/pico-sdk/src/rp2_common/pico_float/float_aeabi.S.obj
 .debug_info    0x0000000000016a30      0xb44 CMakeFiles/SerialBuffer.dir/home/pi/pico/pico-sdk/src/rp2_common/pico_float/float_init_rom.c.obj
 .debug_info    0x0000000000017574       0x22 CMakeFiles/SerialBuffer.dir/home/pi/pico/pico-sdk/src/rp2_common/pico_float/float_v1_rom_shim.S.obj
 .debug_info    0x0000000000017596      0xbce CMakeFiles/SerialBuffer.dir/home/pi/pico/pico-sdk/src/rp2_common/pico_malloc/pico_malloc.c.obj
 .debug_info    0x0000000000018164       0x22 CMakeFiles/SerialBuffer.dir/home/pi/pico/pico-sdk/src/rp2_common/pico_mem_ops/mem_ops_aeabi.S.obj
 .debug_info    0x0000000000018186       0x22 CMakeFiles/SerialBuffer.dir/home/pi/pico/pico-sdk/src/rp2_common/pico_standard_link/crt0.S.obj
 .debug_info    0x00000000000181a8      0x2c6 CMakeFiles/SerialBuffer.dir/home/pi/pico/pico-sdk/src/rp2_common/pico_standard_link/binary_info.c.obj
 .debug_info    0x000000000001846e     0x1b7b CMakeFiles/SerialBuffer.dir/home/pi/pico/pico-sdk/src/rp2_common/pico_stdio/stdio.c.obj
 .debug_info    0x0000000000019fe9       0x26 /usr/lib/gcc/arm-none-eabi/8.3.1/thumb/v6-m/nofp/libgcc.a(_dvmd_tls.o)
 .debug_info    0x000000000001a00f      0x92a /usr/lib/gcc/arm-none-eabi/8.3.1/../../../arm-none-eabi/lib/thumb/v6-m/nofp/libg.a(lib_a-impure.o)
 .debug_info    0x000000000001a939      0x9b6 /usr/lib/gcc/arm-none-eabi/8.3.1/../../../arm-none-eabi/lib/thumb/v6-m/nofp/libg.a(lib_a-malloc.o)
 .debug_info    0x000000000001b2ef      0xf1a /usr/lib/gcc/arm-none-eabi/8.3.1/../../../arm-none-eabi/lib/thumb/v6-m/nofp/libg.a(lib_a-mallocr.o)
 .debug_info    0x000000000001c209      0x961 /usr/lib/gcc/arm-none-eabi/8.3.1/../../../arm-none-eabi/lib/thumb/v6-m/nofp/libg.a(lib_a-mlock.o)
 .debug_info    0x000000000001cb6a      0x9fb /usr/lib/gcc/arm-none-eabi/8.3.1/../../../arm-none-eabi/lib/thumb/v6-m/nofp/libg.a(lib_a-sbrkr.o)
 .debug_info    0x000000000001d565      0x973 /usr/lib/gcc/arm-none-eabi/8.3.1/../../../arm-none-eabi/lib/thumb/v6-m/nofp/libg.a(lib_a-strlen-stub.o)
 .debug_info    0x000000000001ded8      0xd99 /usr/lib/gcc/arm-none-eabi/8.3.1/../../../arm-none-eabi/lib/thumb/v6-m/nofp/libg.a(lib_a-freer.o)
 .debug_info    0x000000000001ec71      0xac2 /usr/lib/gcc/arm-none-eabi/8.3.1/../../../arm-none-eabi/lib/thumb/v6-m/nofp/libg.a(lib_a-reent.o)

.debug_abbrev   0x0000000000000000     0x60cb
 .debug_abbrev  0x0000000000000000      0x4d3 CMakeFiles/SerialBuffer.dir/main.c.obj
 .debug_abbrev  0x00000000000004d3      0x217 CMakeFiles/SerialBuffer.dir/fifo.c.obj
 .debug_abbrev  0x00000000000006ea      0x32f CMakeFiles/SerialBuffer.dir/home/pi/pico/pico-sdk/src/rp2_common/hardware_gpio/gpio.c.obj
 .debug_abbrev  0x0000000000000a19      0x2fb CMakeFiles/SerialBuffer.dir/home/pi/pico/pico-sdk/src/rp2_common/hardware_claim/claim.c.obj
 .debug_abbrev  0x0000000000000d14       0xeb CMakeFiles/SerialBuffer.dir/home/pi/pico/pico-sdk/src/rp2_common/pico_platform/platform.c.obj
 .debug_abbrev  0x0000000000000dff      0x224 CMakeFiles/SerialBuffer.dir/home/pi/pico/pico-sdk/src/rp2_common/hardware_sync/sync.c.obj
 .debug_abbrev  0x0000000000001023      0x514 CMakeFiles/SerialBuffer.dir/home/pi/pico/pico-sdk/src/rp2_common/hardware_irq/irq.c.obj
 .debug_abbrev  0x0000000000001537       0x14 CMakeFiles/SerialBuffer.dir/home/pi/pico/pico-sdk/src/rp2_common/hardware_irq/irq_handler_chain.S.obj
 .debug_abbrev  0x000000000000154b      0x141 CMakeFiles/SerialBuffer.dir/home/pi/pico/pico-sdk/src/common/pico_sync/lock_core.c.obj
 .debug_abbrev  0x000000000000168c      0x63a CMakeFiles/SerialBuffer.dir/home/pi/pico/pico-sdk/src/common/pico_time/time.c.obj
 .debug_abbrev  0x0000000000001cc6      0x3c7 CMakeFiles/SerialBuffer.dir/home/pi/pico/pico-sdk/src/rp2_common/hardware_timer/timer.c.obj
 .debug_abbrev  0x000000000000208d      0x3ad CMakeFiles/SerialBuffer.dir/home/pi/pico/pico-sdk/src/common/pico_util/pheap.c.obj
 .debug_abbrev  0x000000000000243a      0x3a2 CMakeFiles/SerialBuffer.dir/home/pi/pico/pico-sdk/src/common/pico_sync/mutex.c.obj
 .debug_abbrev  0x00000000000027dc      0x2e1 CMakeFiles/SerialBuffer.dir/home/pi/pico/pico-sdk/src/rp2_common/hardware_uart/uart.c.obj
 .debug_abbrev  0x0000000000002abd      0x4aa CMakeFiles/SerialBuffer.dir/home/pi/pico/pico-sdk/src/rp2_common/pico_runtime/runtime.c.obj
 .debug_abbrev  0x0000000000002f67      0x3c8 CMakeFiles/SerialBuffer.dir/home/pi/pico/pico-sdk/src/rp2_common/hardware_clocks/clocks.c.obj
 .debug_abbrev  0x000000000000332f      0x1ee CMakeFiles/SerialBuffer.dir/home/pi/pico/pico-sdk/src/rp2_common/hardware_pll/pll.c.obj
 .debug_abbrev  0x000000000000351d      0x2d8 CMakeFiles/SerialBuffer.dir/home/pi/pico/pico-sdk/src/rp2_common/hardware_watchdog/watchdog.c.obj
 .debug_abbrev  0x00000000000037f5      0x106 CMakeFiles/SerialBuffer.dir/home/pi/pico/pico-sdk/src/rp2_common/hardware_xosc/xosc.c.obj
 .debug_abbrev  0x00000000000038fb      0x4aa CMakeFiles/SerialBuffer.dir/home/pi/pico/pico-sdk/src/rp2_common/pico_printf/printf.c.obj
 .debug_abbrev  0x0000000000003da5       0x12 CMakeFiles/SerialBuffer.dir/home/pi/pico/pico-sdk/src/rp2_common/pico_bit_ops/bit_ops_aeabi.S.obj
 .debug_abbrev  0x0000000000003db7      0x144 CMakeFiles/SerialBuffer.dir/home/pi/pico/pico-sdk/src/rp2_common/pico_bootrom/bootrom.c.obj
 .debug_abbrev  0x0000000000003efb       0x12 CMakeFiles/SerialBuffer.dir/home/pi/pico/pico-sdk/src/rp2_common/pico_divider/divider.S.obj
 .debug_abbrev  0x0000000000003f0d       0x12 CMakeFiles/SerialBuffer.dir/home/pi/pico/pico-sdk/src/rp2_common/pico_double/double_aeabi.S.obj
 .debug_abbrev  0x0000000000003f1f      0x2c2 CMakeFiles/SerialBuffer.dir/home/pi/pico/pico-sdk/src/rp2_common/pico_double/double_init_rom.c.obj
 .debug_abbrev  0x00000000000041e1       0x12 CMakeFiles/SerialBuffer.dir/home/pi/pico/pico-sdk/src/rp2_common/pico_double/double_v1_rom_shim.S.obj
 .debug_abbrev  0x00000000000041f3       0x14 CMakeFiles/SerialBuffer.dir/home/pi/pico/pico-sdk/src/rp2_common/pico_int64_ops/pico_int64_ops_aeabi.S.obj
 .debug_abbrev  0x0000000000004207       0x12 CMakeFiles/SerialBuffer.dir/home/pi/pico/pico-sdk/src/rp2_common/pico_float/float_aeabi.S.obj
 .debug_abbrev  0x0000000000004219      0x2d5 CMakeFiles/SerialBuffer.dir/home/pi/pico/pico-sdk/src/rp2_common/pico_float/float_init_rom.c.obj
 .debug_abbrev  0x00000000000044ee       0x12 CMakeFiles/SerialBuffer.dir/home/pi/pico/pico-sdk/src/rp2_common/pico_float/float_v1_rom_shim.S.obj
 .debug_abbrev  0x0000000000004500      0x2bb CMakeFiles/SerialBuffer.dir/home/pi/pico/pico-sdk/src/rp2_common/pico_malloc/pico_malloc.c.obj
 .debug_abbrev  0x00000000000047bb       0x12 CMakeFiles/SerialBuffer.dir/home/pi/pico/pico-sdk/src/rp2_common/pico_mem_ops/mem_ops_aeabi.S.obj
 .debug_abbrev  0x00000000000047cd       0x12 CMakeFiles/SerialBuffer.dir/home/pi/pico/pico-sdk/src/rp2_common/pico_standard_link/crt0.S.obj
 .debug_abbrev  0x00000000000047df       0xad CMakeFiles/SerialBuffer.dir/home/pi/pico/pico-sdk/src/rp2_common/pico_standard_link/binary_info.c.obj
 .debug_abbrev  0x000000000000488c      0x585 CMakeFiles/SerialBuffer.dir/home/pi/pico/pico-sdk/src/rp2_common/pico_stdio/stdio.c.obj
 .debug_abbrev  0x0000000000004e11       0x14 /usr/lib/gcc/arm-none-eabi/8.3.1/thumb/v6-m/nofp/libgcc.a(_dvmd_tls.o)
 .debug_abbrev  0x0000000000004e25      0x1b8 /usr/lib/gcc/arm-none-eabi/8.3.1/../../../arm-none-eabi/lib/thumb/v6-m/nofp/libg.a(lib_a-impure.o)
 .debug_abbrev  0x0000000000004fdd      0x22d /usr/lib/gcc/arm-none-eabi/8.3.1/../../../arm-none-eabi/lib/thumb/v6-m/nofp/libg.a(lib_a-malloc.o)
 .debug_abbrev  0x000000000000520a      0x321 /usr/lib/gcc/arm-none-eabi/8.3.1/../../../arm-none-eabi/lib/thumb/v6-m/nofp/libg.a(lib_a-mallocr.o)
 .debug_abbrev  0x000000000000552b      0x203 /usr/lib/gcc/arm-none-eabi/8.3.1/../../../arm-none-eabi/lib/thumb/v6-m/nofp/libg.a(lib_a-mlock.o)
 .debug_abbrev  0x000000000000572e      0x250 /usr/lib/gcc/arm-none-eabi/8.3.1/../../../arm-none-eabi/lib/thumb/v6-m/nofp/libg.a(lib_a-sbrkr.o)
 .debug_abbrev  0x000000000000597e      0x1e8 /usr/lib/gcc/arm-none-eabi/8.3.1/../../../arm-none-eabi/lib/thumb/v6-m/nofp/libg.a(lib_a-strlen-stub.o)
 .debug_abbrev  0x0000000000005b66      0x2b9 /usr/lib/gcc/arm-none-eabi/8.3.1/../../../arm-none-eabi/lib/thumb/v6-m/nofp/libg.a(lib_a-freer.o)
 .debug_abbrev  0x0000000000005e1f      0x2ac /usr/lib/gcc/arm-none-eabi/8.3.1/../../../arm-none-eabi/lib/thumb/v6-m/nofp/libg.a(lib_a-reent.o)
